<html>
<body>
<pre>
<h1>µVision Build Log</h1>
<h2>Tool Versions:</h2>
IDE-Version: ¦ÌVision V5.23.0.0
Copyright (C) 2017 ARM Ltd and ARM Germany GmbH. All rights reserved.
License Information: AFGDFG GSDFG, SDFGSDFGSD, LIC=9WS63-ABIXF-2LICT-RDTHX-BUKX7-D54RE
 
Tool Versions:
Toolchain:       MDK-ARM Plus  Version: 5.23
Toolchain Path:  D:\Keil_v5\ARM\ARMCC\Bin
C Compiler:      Armcc.exe V5.06 update 4 (build 422)
Assembler:       Armasm.exe V5.06 update 4 (build 422)
Linker/Locator:  ArmLink.exe V5.06 update 4 (build 422)
Library Manager: ArmAr.exe V5.06 update 4 (build 422)
Hex Converter:   FromElf.exe V5.06 update 4 (build 422)
CPU DLL:         SARMCM3.DLL V5.23
Dialog DLL:      DCM.DLL V1.15.0.0
Target DLL:      Segger\JL2CM3.dll V2.99.23.0
Dialog DLL:      TCM.DLL V1.27.0.0
 
<h2>Project:</h2>
D:\SDK_2.2_QN908XCDK_RC4\boards\qn908xcdk\wireless_examples\bluetooth\mijia_ble\demos\NXP\mible_std_authen\NXPQN980X\bm\mdk\mijia_profile_server_bm.uvprojx
Project File Date:  04/04/2018

<h2>Output:</h2>
*** Using Compiler 'V5.06 update 4 (build 422)', folder: 'D:\Keil_v5\ARM\ARMCC\Bin'
Build target 'mijia_profile_server_bm Debug'
compiling rco32k_calibration.c...
compiling gpio_pins.c...
compiling system_QN908XC.c...
compiling clock_config.c...
compiling pin_mux.c...
compiling board.c...
compiling fsl_os_abstraction_bm.c...
compiling app_config.c...
compiling MemManager.c...
compiling Messaging.c...
compiling Panic.c...
compiling GPIO_Adapter.c...
compiling LED.c...
compiling Flash_Adapter.c...
compiling Reset.c...
compiling mijia_profile_server.c...
compiling Keyboard.c...
compiling NV_FsciCommands.c...
compiling RNG.c...
compiling I2C_Adapter.c...
compiling UART_Adapter.c...
compiling ModuleInfo.c...
compiling SerialManager.c...
compiling TimersManager.c...
compiling SPI_Adapter.c...
compiling NV_Flash.c...
compiling FunctionLib.c...
compiling GenericList.c...
compiling ble_host_tasks.c...
compiling TMR_Adapter.c...
compiling ble_globals.c...
compiling SecLib.c...
compiling hcit_serial_interface.c...
compiling controller_config.c...
compiling ble_conn_manager.c...
compiling ble_init.c...
compiling battery_service.c...
compiling ble_controller_task.c...
compiling ApplMain.c...
compiling gatt_database.c...
compiling gatt_database_dynamic.c...
compiling device_info_service.c...
compiling fsl_flash.c...
compiling fsl_gpio.c...
compiling fsl_common.c...
compiling MWS.c...
compiling fsl_rng.c...
compiling fsl_usart.c...
compiling fsl_wdt.c...
compiling fsl_calibration.c...
compiling fsl_rf.c...
compiling fsl_flexcomm.c...
compiling fsl_reset.c...
compiling fsl_clock.c...
compiling fsl_rtc.c...
compiling fsl_ctimer.c...
compiling mible_api.c...
compiling fsl_power.c...
compiling fsl_adc.c...
compiling fsl_spi.c...
compiling fsl_i2c.c...
compiling fsl_debug_console.c...
compiling fsl_inputmux.c...
compiling mible_beacon.c...
..\..\..\..\..\..\libs\common\mible_beacon.c(118): warning:  #188-D: enumerated type mixed with another type
      errno = queue_init(&mi_obj_queue, (void*) obj_buf, 
RRAY_SIZE(obj_buf), sizeof(obj_buf[0]));
..\..\..\..\..\..\libs\common\mible_beacon.c: 1 warning, 0 errors
compiling QN908x_evt.c...
compiling mible_crypto.c...
compiling ccm.c...
compiling queue.c...
compiling QN908x_api.c...
..\..\..\..\portable\QN908x_api.c(847): warning:  #767-D: conversion from pointer to smaller integer
      index = find_exist_timer((tmrTimerID_t)timer_id);
..\..\..\..\portable\QN908x_api.c(850): warning:  #767-D: conversion from pointer to smaller integer
          TMR_FreeTimer((tmrTimerID_t)timer_id);
..\..\..\..\portable\QN908x_api.c(881): warning:  #767-D: conversion from pointer to smaller integer
      index = find_exist_timer((tmrTimerID_t)timer_id);
..\..\..\..\portable\QN908x_api.c(902): warning:  #767-D: conversion from pointer to smaller integer
      TMR_StopTimer((tmrTimerID_t)timer_id);
..\..\..\..\portable\QN908x_api.c: 4 warnings, 0 errors
compiling sha256_hkdf.c...
compiling mible_ll_callback.c...
compiling mible_FSM.c...
compiling mible_server.c...
linking...
Program Size: Code=192988 RO-data=4240 RW-data=3780 ZI-data=49280  
After Build - User command #1: fromelf.exe --output "D:\SDK_2.2_QN908XCDK_RC4\boards\qn908xcdk\wireless_examples\bluetooth\mijia_ble\demos\NXP\mible_std_authen\NXPQN980X\bm\mdk\debug\mijia_profile_server_bm.bin" --bincombined "D:\SDK_2.2_QN908XCDK_RC4\boards\qn908xcdk\wireless_examples\bluetooth\mijia_ble\demos\NXP\mible_std_authen\NXPQN980X\bm\mdk\debug\mijia_profile_server_bm.out"
".\debug\mijia_profile_server_bm.out" - 0 Error(s), 5 Warning(s).

<h2>Collection of Component include folders:</h2>
  .\RTE\_mijia_profile_server_bm_Debug
  D:\Keil_v5\ARM\PACK\NXP\QN908x_DFP\1.1.4\Device\Include

<h2>Collection of Component Files used:</h2>
Build Time Elapsed:  00:00:18
</pre>
</body>
</html>
