<!doctype html public "-//w3c//dtd html 4.0 transitional//en">
<html><head>
<title>Static Call Graph - [.\debug\mijia_profile_server_bm.out]</title></head>
<body><HR>
<H1>Static Call Graph for image .\debug\mijia_profile_server_bm.out</H1><HR>
<BR><P>#&#060CALLGRAPH&#062# ARM Linker, 5060422: Last Updated: Wed Apr 04 20:36:47 2018
<BR><P>
<H3>Maximum Stack Usage =        876 bytes + Unknown(Functions without stacksize, Cycles, Untraceable Function Pointers)</H3><H3>
Call chain for Maximum Stack Depth:</H3>
main_task &rArr; App_Thread &rArr; App_HandleHostMessageInput &rArr; BleApp_GenericCallback &rArr; BleApp_Config &rArr; mible_server_miservice_init &rArr; Log_Printf &rArr; Serial_AsyncWrite &rArr; Serial_WriteInternal &rArr; USART_SendData &rArr; OSA_InterruptEnable
<P>
<H3>
Functions with no stack information
</H3><UL>
 <LI><a href="#[12e]">APP_PlfReset</a>
 <LI><a href="#[1cc]">AddBigHexModP256</a>
 <LI><a href="#[177]">AddPdiv2_256</a>
 <LI><a href="#[179]">AttServer_SendErrorResponse</a>
 <LI><a href="#[17b]">AttServer_SendExchangeMtuResponse</a>
 <LI><a href="#[17c]">AttServer_SendFindByTypeValueResponse</a>
 <LI><a href="#[17d]">AttServer_SendFindInformationResponse</a>
 <LI><a href="#[17e]">AttServer_SendHandleValueIndication</a>
 <LI><a href="#[17f]">AttServer_SendHandleValueNotification</a>
 <LI><a href="#[180]">AttServer_SendReadBlobResponse</a>
 <LI><a href="#[181]">AttServer_SendReadByGroupTypeResponse</a>
 <LI><a href="#[182]">AttServer_SendReadByTypeResponse</a>
 <LI><a href="#[183]">AttServer_SendReadMultipleResponse</a>
 <LI><a href="#[184]">AttServer_SendReadResponse</a>
 <LI><a href="#[185]">AttServer_SendWriteResponse</a>
 <LI><a href="#[186]">Att_GetMtu</a>
 <LI><a href="#[188]">Att_Init</a>
 <LI><a href="#[18a]">Att_NotifyConnection</a>
 <LI><a href="#[18c]">Att_NotifyDisconnection</a>
 <LI><a href="#[274]">Att_RegisterOpcodeCallback</a>
 <LI><a href="#[276]">Att_RegisterTimeoutCallback</a>
 <LI><a href="#[275]">Att_RegisterUnsupportedOpcodeCallback</a>
 <LI><a href="#[18e]">Att_SetMtu</a>
 <LI><a href="#[20]">BLE_IRQHandler</a>
 <LI><a href="#[198]">BLE_Init</a>
 <LI><a href="#[a6]">Ble_HciRecv</a>
 <LI><a href="#[1a1]">Ble_HostInitialize</a>
 <LI><a href="#[437]">Controller_Init</a>
 <LI><a href="#[268]">Controller_SendSingleAdvertisement</a>
 <LI><a href="#[1a3]">Controller_TaskHandler</a>
 <LI><a href="#[1aa]">DevDb_AddConnection</a>
 <LI><a href="#[1ac]">DevDb_CheckIfBondedDeviceAddressIsStatic</a>
 <LI><a href="#[1af]">DevDb_CheckIfBondedDeviceHasDistributedIrk</a>
 <LI><a href="#[1b0]">DevDb_CheckIfBondedDeviceIsActive</a>
 <LI><a href="#[1b1]">DevDb_GetBondedDeviceAddress</a>
 <LI><a href="#[1b2]">DevDb_GetBondedDeviceCsrk</a>
 <LI><a href="#[1b4]">DevDb_GetBondedDeviceIrk</a>
 <LI><a href="#[1b5]">DevDb_GetBondedDeviceSignCounter</a>
 <LI><a href="#[253]">DevDb_GetCccd</a>
 <LI><a href="#[281]">DevDb_GetDeviceId</a>
 <LI><a href="#[2fd]">DevDb_GetNbBondedDevices</a>
 <LI><a href="#[1b6]">DevDb_Init</a>
 <LI><a href="#[1b7]">DevDb_LoadBondingInformation</a>
 <LI><a href="#[1ab]">DevDb_LoadMostRecentlyUsedDeviceAddressAndType</a>
 <LI><a href="#[262]">DevDb_LoadPublicDeviceAddress</a>
 <LI><a href="#[1b8]">DevDb_MarkDeviceAsBonded</a>
 <LI><a href="#[1b9]">DevDb_ReleaseConnection</a>
 <LI><a href="#[1ba]">DevDb_SaveCccd</a>
 <LI><a href="#[1bc]">DevDb_SaveKeys</a>
 <LI><a href="#[31c]">DevDb_SaveLocalPublicAddress</a>
 <LI><a href="#[252]">DevDb_SaveMostRecentlyUsedAddressType</a>
 <LI><a href="#[269]">DevDb_SaveMostRecentlyUsedRandomAddress</a>
 <LI><a href="#[1bd]">DevDb_SetPeerSignCounter</a>
 <LI><a href="#[1be]">DevDb_SignalDevicePaired</a>
 <LI><a href="#[1bf]">DevDb_SignalDevicePairedAndBonded</a>
 <LI><a href="#[132]">EIF_FlowOff</a>
 <LI><a href="#[131]">EIF_FlowOn</a>
 <LI><a href="#[12f]">EIF_Read</a>
 <LI><a href="#[1a4]">EIF_RxCallback</a>
 <LI><a href="#[130]">EIF_Write</a>
 <LI><a href="#[1c7]">GF_Jacobian_Point_Addition256</a>
 <LI><a href="#[1c9]">GF_Jacobian_Point_Double256</a>
 <LI><a href="#[1cd]">Gap_CheckIndicationStatus</a>
 <LI><a href="#[1cf]">Gap_CheckNotificationStatus</a>
 <LI><a href="#[1d1]">Gap_Disconnect</a>
 <LI><a href="#[1d4]">Gap_EnableUpdateConnectionParameters</a>
 <LI><a href="#[1d5]">Gap_LeSetPhy</a>
 <LI><a href="#[1d6]">Gap_ReadPublicDeviceAddress</a>
 <LI><a href="#[1d7]">Gap_RejectPairing</a>
 <LI><a href="#[1d8]">Gap_SetAdvertisingData</a>
 <LI><a href="#[1d9]">Gap_SetAdvertisingParameters</a>
 <LI><a href="#[1da]">Gap_StartAdvertising</a>
 <LI><a href="#[1db]">Gap_UpdateConnectionParameters</a>
 <LI><a href="#[1dc]">GattDb_AttFindByTypeValue</a>
 <LI><a href="#[1de]">GattDb_AttFindInformation</a>
 <LI><a href="#[1e0]">GattDb_AttPrepareNotificationIndication</a>
 <LI><a href="#[1e4]">GattDb_AttRead</a>
 <LI><a href="#[1e5]">GattDb_AttReadBlob</a>
 <LI><a href="#[1e6]">GattDb_AttReadByGroupType</a>
 <LI><a href="#[1e8]">GattDb_AttReadByType</a>
 <LI><a href="#[1ea]">GattDb_AttReadMultiple</a>
 <LI><a href="#[1eb]">GattDb_AttSignedWriteCommand</a>
 <LI><a href="#[1ed]">GattDb_AttWrite</a>
 <LI><a href="#[1ee]">GattDb_AttWriteCommand</a>
 <LI><a href="#[1ef]">GattDb_FindCccdHandleForCharValueHandle</a>
 <LI><a href="#[1f1]">GattDb_FindCharValueHandleInService</a>
 <LI><a href="#[1f2]">GattDb_FindServiceHandle</a>
 <LI><a href="#[2fe]">GattDb_GetServiceHandleForAttributeIndex</a>
 <LI><a href="#[1f3]">GattDb_WriteAttribute</a>
 <LI><a href="#[1f4]">GattServer_RegisterCallback</a>
 <LI><a href="#[1f6]">GattServer_RegisterHandlesForWriteNotifications</a>
 <LI><a href="#[1f8]">GattServer_SendAttributeWrittenStatus</a>
 <LI><a href="#[1f9]">GattServer_SendInstantValueIndication</a>
 <LI><a href="#[1fa]">GattServer_SendInstantValueNotification</a>
 <LI><a href="#[1fb]">Gatt_Init</a>
 <LI><a href="#[1fd]">Hci2Host_MsgHandler</a>
 <LI><a href="#[257]">Hci_Disconnect</a>
 <LI><a href="#[208]">Hci_Init</a>
 <LI><a href="#[317]">Hci_LeAddDeviceToResolvingList</a>
 <LI><a href="#[209]">Hci_LeAddDeviceToWhiteList</a>
 <LI><a href="#[258]">Hci_LeClearResolvingList</a>
 <LI><a href="#[254]">Hci_LeClearWhiteList</a>
 <LI><a href="#[285]">Hci_LeConnectionUpdate</a>
 <LI><a href="#[20a]">Hci_LeCreateConnection</a>
 <LI><a href="#[256]">Hci_LeCreateConnectionCancel</a>
 <LI><a href="#[2d3]">Hci_LeLongTermKeyRequestNegativeReply</a>
 <LI><a href="#[2cf]">Hci_LeLongTermKeyRequestReply</a>
 <LI><a href="#[263]">Hci_LeReadAdvertisingChannelTxPower</a>
 <LI><a href="#[314]">Hci_LeReadBufferSize</a>
 <LI><a href="#[319]">Hci_LeReadLocalSupportedFeatures</a>
 <LI><a href="#[31f]">Hci_LeReadPeerResolvableAddress</a>
 <LI><a href="#[25d]">Hci_LeReadPhy</a>
 <LI><a href="#[31e]">Hci_LeReadSuggestedDefaultDataLength</a>
 <LI><a href="#[266]">Hci_LeReadWhiteListSize</a>
 <LI><a href="#[294]">Hci_LeRemoteConnectionParameterRequestNegativeReply</a>
 <LI><a href="#[295]">Hci_LeRemoteConnectionParameterRequestReply</a>
 <LI><a href="#[20b]">Hci_LeRemoveDeviceFromWhiteList</a>
 <LI><a href="#[259]">Hci_LeSetAddressResolutionEnable</a>
 <LI><a href="#[20c]">Hci_LeSetAdvertisingData</a>
 <LI><a href="#[26d]">Hci_LeSetAdvertisingDisable</a>
 <LI><a href="#[26a]">Hci_LeSetAdvertisingEnable</a>
 <LI><a href="#[20d]">Hci_LeSetAdvertisingParameters</a>
 <LI><a href="#[271]">Hci_LeSetDataLength</a>
 <LI><a href="#[25e]">Hci_LeSetDefaultPhy</a>
 <LI><a href="#[31a]">Hci_LeSetEventMask</a>
 <LI><a href="#[25f]">Hci_LeSetPhy</a>
 <LI><a href="#[20e]">Hci_LeSetRandomAddress</a>
 <LI><a href="#[316]">Hci_LeSetResolvablePrivateAddressTimeout</a>
 <LI><a href="#[26f]">Hci_LeSetScanEnable</a>
 <LI><a href="#[20f]">Hci_LeSetScanResponseData</a>
 <LI><a href="#[2d2]">Hci_LeStartEncryption</a>
 <LI><a href="#[31d]">Hci_LeWriteSuggestedDefaultDataLength</a>
 <LI><a href="#[31b]">Hci_ReadBdAddr</a>
 <LI><a href="#[264]">Hci_ReadRssi</a>
 <LI><a href="#[265]">Hci_ReadTransmitPowerLevel</a>
 <LI><a href="#[247]">Hci_RegisterCommandCompleteEventCallback</a>
 <LI><a href="#[248]">Hci_RegisterCommandStatusEventCallback</a>
 <LI><a href="#[249]">Hci_RegisterGenericEventCallback</a>
 <LI><a href="#[298]">Hci_RegisterL2caCallback</a>
 <LI><a href="#[246]">Hci_RegisterLeEventCallback</a>
 <LI><a href="#[2e0]">Hci_RegisterSmCallback</a>
 <LI><a href="#[24d]">Hci_Reset</a>
 <LI><a href="#[210]">Hci_SendAclData</a>
 <LI><a href="#[211]">Hci_SendAclDataWithSegmentation</a>
 <LI><a href="#[a7]">Hci_SendPacketToController</a>
 <LI><a href="#[318]">Hci_SetEventMask</a>
 <LI><a href="#[212]">Host_MsgHandler</a>
 <LI><a href="#[244]">Host_TaskHandler</a>
 <LI><a href="#[1a2]">InternalBle_Initialize</a>
 <LI><a href="#[226]">InternalGap_AcceptPairingRequest</a>
 <LI><a href="#[230]">InternalGap_AddDeviceToWhiteList</a>
 <LI><a href="#[251]">InternalGap_AutoConnectWithPra</a>
 <LI><a href="#[1ce]">InternalGap_CheckIndicationStatus</a>
 <LI><a href="#[1d0]">InternalGap_CheckNotificationStatus</a>
 <LI><a href="#[22f]">InternalGap_ClearWhiteList</a>
 <LI><a href="#[255]">InternalGap_Connect</a>
 <LI><a href="#[232]">InternalGap_CreateRandomAddress</a>
 <LI><a href="#[224]">InternalGap_DefaultPair</a>
 <LI><a href="#[22c]">InternalGap_DenyLongTermKey</a>
 <LI><a href="#[22d]">InternalGap_Disconnect</a>
 <LI><a href="#[23a]">InternalGap_EnableControllerPrivacy</a>
 <LI><a href="#[238]">InternalGap_EnableHostPrivacy</a>
 <LI><a href="#[25a]">InternalGap_EnterPasskey</a>
 <LI><a href="#[237]">InternalGap_HandleSmCheckResult</a>
 <LI><a href="#[240]">InternalGap_LeReadPhy</a>
 <LI><a href="#[23d]">InternalGap_LeScGetLocalOobData</a>
 <LI><a href="#[23b]">InternalGap_LeScRegeneratePublicKey</a>
 <LI><a href="#[23f]">InternalGap_LeScSendKeypressNotification</a>
 <LI><a href="#[23e]">InternalGap_LeScSetPeerOobData</a>
 <LI><a href="#[23c]">InternalGap_LeScValidateNumericValue</a>
 <LI><a href="#[241]">InternalGap_LeSetPhy</a>
 <LI><a href="#[260]">InternalGap_PostSmCheckResult</a>
 <LI><a href="#[1c3]">InternalGap_PrivacyCallbackHandler</a>
 <LI><a href="#[22b]">InternalGap_ProvideLongTermKey</a>
 <LI><a href="#[228]">InternalGap_ProvideOob</a>
 <LI><a href="#[233]">InternalGap_ReadPublicAddress</a>
 <LI><a href="#[234]">InternalGap_ReadRadioPowerLevel</a>
 <LI><a href="#[22e]">InternalGap_ReadWhiteListSize</a>
 <LI><a href="#[22a]">InternalGap_RejectKeyExchangeRequest</a>
 <LI><a href="#[227]">InternalGap_RejectPairingRequest</a>
 <LI><a href="#[231]">InternalGap_RemoveDeviceFromWhiteList</a>
 <LI><a href="#[243]">InternalGap_SendSingleAdvertisement</a>
 <LI><a href="#[225]">InternalGap_SendSlaveSecurityRequest</a>
 <LI><a href="#[229]">InternalGap_SendSmpKeys</a>
 <LI><a href="#[221]">InternalGap_SetAdvertisingData</a>
 <LI><a href="#[220]">InternalGap_SetAdvertisingParameters</a>
 <LI><a href="#[236]">InternalGap_SetRandomAddress</a>
 <LI><a href="#[222]">InternalGap_StartAdvertising</a>
 <LI><a href="#[223]">InternalGap_StopAdvertising</a>
 <LI><a href="#[26e]">InternalGap_StopScanning</a>
 <LI><a href="#[239]">InternalGap_UpdateLeDataLength</a>
 <LI><a href="#[235]">InternalGap_VerifyPrivateResolvableAddress</a>
 <LI><a href="#[273]">InternalGattServer_Init</a>
 <LI><a href="#[1f5]">InternalGattServer_RegisterCallback</a>
 <LI><a href="#[1f7]">InternalGattServer_RegisterHandlesForWriteNotifications</a>
 <LI><a href="#[21b]">InternalGattServer_SendAttributeReadStatus</a>
 <LI><a href="#[21a]">InternalGattServer_SendAttributeWrittenStatus</a>
 <LI><a href="#[21d]">InternalGattServer_SendIndication</a>
 <LI><a href="#[21f]">InternalGattServer_SendInstantIndication</a>
 <LI><a href="#[21e]">InternalGattServer_SendInstantNotification</a>
 <LI><a href="#[21c]">InternalGattServer_SendNotification</a>
 <LI><a href="#[1df]">InternalGatt_GetMtu</a>
 <LI><a href="#[1fc]">InternalGatt_Init</a>
 <LI><a href="#[1ae]">IsNonZeroAddress</a>
 <LI><a href="#[215]">L2caRm_CancelConnection</a>
 <LI><a href="#[213]">L2caRm_ConnectLePsm</a>
 <LI><a href="#[27b]">L2caRm_DisconnectChannel</a>
 <LI><a href="#[214]">L2caRm_DisconnectLePsm</a>
 <LI><a href="#[28d]">L2caRm_GetCbChannelByCids</a>
 <LI><a href="#[289]">L2caRm_GetCbChannelByDstCid</a>
 <LI><a href="#[27f]">L2caRm_GetCbChannelBySrcCid</a>
 <LI><a href="#[27c]">L2caRm_GetLePsmIndex</a>
 <LI><a href="#[279]">L2caRm_GetPendingCbChannel</a>
 <LI><a href="#[205]">L2caRm_HandleRecvData</a>
 <LI><a href="#[206]">L2caRm_HandleRecvLeCbData</a>
 <LI><a href="#[283]">L2caRm_HandleSendData</a>
 <LI><a href="#[216]">L2caRm_HandleSendLeCbData</a>
 <LI><a href="#[27d]">L2caRm_ReserveNextAvailableChannel</a>
 <LI><a href="#[287]">L2caRm_ResumeChannelsOnConn</a>
 <LI><a href="#[284]">L2caRm_SendLeCbData</a>
 <LI><a href="#[286]">L2caRm_SuspendChannelsOnConn</a>
 <LI><a href="#[315]">L2ca_Config</a>
 <LI><a href="#[217]">L2ca_ConnectionParameterUpdateRequest</a>
 <LI><a href="#[218]">L2ca_ConnectionParameterUpdateResponse</a>
 <LI><a href="#[288]">L2ca_HandleCommandReject</a>
 <LI><a href="#[28a]">L2ca_HandleConnectionParameterUpdateRequest</a>
 <LI><a href="#[28b]">L2ca_HandleConnectionParameterUpdateResponse</a>
 <LI><a href="#[28c]">L2ca_HandleDisconnectRequest</a>
 <LI><a href="#[28f]">L2ca_HandleDisconnectResponse</a>
 <LI><a href="#[290]">L2ca_HandleLeCbConnectionRequest</a>
 <LI><a href="#[292]">L2ca_HandleLeCbConnectionResponse</a>
 <LI><a href="#[1fe]">L2ca_HandleLeConnectionUpdateComplete</a>
 <LI><a href="#[293]">L2ca_HandleLeFlowControlCredit</a>
 <LI><a href="#[207]">L2ca_HandleLeRemoteConnectionParameterRequest</a>
 <LI><a href="#[204]">L2ca_HandleRecvSignaling</a>
 <LI><a href="#[7c]">L2ca_HciEventCallback</a>
 <LI><a href="#[24a]">L2ca_Init</a>
 <LI><a href="#[296]">L2ca_InitRm</a>
 <LI><a href="#[297]">L2ca_InitSignaling</a>
 <LI><a href="#[299]">L2ca_NotifyConnection</a>
 <LI><a href="#[29a]">L2ca_NotifyDisconnection</a>
 <LI><a href="#[7b]">L2ca_RecvDataCallback</a>
 <LI><a href="#[2e2]">L2ca_RegisterAttCallback</a>
 <LI><a href="#[2df]">L2ca_RegisterSmpCallback</a>
 <LI><a href="#[29b]">L2ca_SendAttData</a>
 <LI><a href="#[282]">L2ca_SendCommandReject</a>
 <LI><a href="#[280]">L2ca_SendDisconnectRequest</a>
 <LI><a href="#[28e]">L2ca_SendDisconnectResponse</a>
 <LI><a href="#[27e]">L2ca_SendLeCbConnectionRequest</a>
 <LI><a href="#[27a]">L2ca_SendLeCbConnectionResponse</a>
 <LI><a href="#[219]">L2ca_SendLeFlowControlCredit</a>
 <LI><a href="#[29c]">L2ca_SendSmpData</a>
 <LI><a href="#[1c8]">MultiplyBigHexModP256</a>
 <LI><a href="#[c]">OSC_IRQHandler</a>
 <LI><a href="#[29d]">SmBuildPacket_SmpKeyDistEncryptionInformation</a>
 <LI><a href="#[29f]">SmBuildPacket_SmpKeyDistIdentityAddressInformation</a>
 <LI><a href="#[2a0]">SmBuildPacket_SmpKeyDistIdentityInformation</a>
 <LI><a href="#[2a1]">SmBuildPacket_SmpKeyDistMasterIdentification</a>
 <LI><a href="#[2a2]">SmBuildPacket_SmpKeyDistSigningInformation</a>
 <LI><a href="#[2a3]">SmBuildPacket_SmpKeypressNotification</a>
 <LI><a href="#[2a4]">SmBuildPacket_SmpPairingConfirm</a>
 <LI><a href="#[2a5]">SmBuildPacket_SmpPairingDHKeyCheck</a>
 <LI><a href="#[2a6]">SmBuildPacket_SmpPairingFailed</a>
 <LI><a href="#[2a7]">SmBuildPacket_SmpPairingPublicKey</a>
 <LI><a href="#[2a8]">SmBuildPacket_SmpPairingRandom</a>
 <LI><a href="#[2a9]">SmBuildPacket_SmpPairingRequestRespose</a>
 <LI><a href="#[2aa]">SmBuildPacket_SmpSecurityRequest</a>
 <LI><a href="#[2ab]">SmCrypto_AES128</a>
 <LI><a href="#[2ac]">SmCrypto_ComputeDataSignature</a>
 <LI><a href="#[2ae]">SmCrypto_SmpAh</a>
 <LI><a href="#[2af]">SmCrypto_SmpC1</a>
 <LI><a href="#[2b0]">SmCrypto_SmpF4</a>
 <LI><a href="#[2b2]">SmCrypto_SmpF5</a>
 <LI><a href="#[2b3]">SmCrypto_SmpF6</a>
 <LI><a href="#[2b4]">SmCrypto_SmpG2</a>
 <LI><a href="#[2b5]">SmCrypto_SmpS1</a>
 <LI><a href="#[29e]">SmDebug_LogFnc</a>
 <LI><a href="#[2d1]">SmStates_CallLlStateMachine</a>
 <LI><a href="#[2d7]">SmStates_CallTbStateMachine</a>
 <LI><a href="#[2d8]">SmStates_CmdRequiresDeviceHandle</a>
 <LI><a href="#[2dc]">SmStates_RunStateMachine</a>
 <LI><a href="#[2c3]">SmUnpack_SmpKeyDistEncryptionInformation</a>
 <LI><a href="#[2c6]">SmUnpack_SmpKeyDistIdentityAddressInformation</a>
 <LI><a href="#[2c5]">SmUnpack_SmpKeyDistIdentityInformation</a>
 <LI><a href="#[2c4]">SmUnpack_SmpKeyDistMasterIdentification</a>
 <LI><a href="#[2c7]">SmUnpack_SmpKeyDistSigningInformation</a>
 <LI><a href="#[2ce]">SmUnpack_SmpPairingConfirm</a>
 <LI><a href="#[2cc]">SmUnpack_SmpPairingDHKeyCheck</a>
 <LI><a href="#[2da]">SmUnpack_SmpPairingFailed</a>
 <LI><a href="#[2c8]">SmUnpack_SmpPairingPublicKey</a>
 <LI><a href="#[2cb]">SmUnpack_SmpPairingRandom</a>
 <LI><a href="#[2b9]">SmUnpack_SmpPairingRequestResponse</a>
 <LI><a href="#[2bd]">SmUnpack_SmpSecurityRequest</a>
 <LI><a href="#[2d4]">Sm_GetActivePeerDeviceSecProperties</a>
 <LI><a href="#[200]">Sm_HciCbEventHandler</a>
 <LI><a href="#[7f]">Sm_HciEventCallback</a>
 <LI><a href="#[24b]">Sm_Init</a>
 <LI><a href="#[7e]">Sm_L2caCbMsgHandler</a>
 <LI><a href="#[24f]">Sm_SendCmd</a>
 <LI><a href="#[2bb]">Sm_SendEventToUpperLayer</a>
 <LI><a href="#[2b6]">Sm_SendPacketToL2cap</a>
 <LI><a href="#[7d]">Sm_TimerCallback</a>
 <LI><a href="#[242]">Sm_TimerCbEventHandler</a>
 <LI><a href="#[1ca]">SubtractBigHexMod256</a>
 <LI><a href="#[2e1]">SubtractFromSelfBigHexSign256</a>
 <LI><a href="#[189]">att_InitializeInternalCallback</a>
 <LI><a href="#[2e3]">att_ResponseReceived</a>
 <LI><a href="#[81]">att_TimerCallback</a>
 <LI><a href="#[80]">att_l2caCbMsgHandler</a>
 <LI><a href="#[2e4]">bigHexInversion256</a>
 <LI><a href="#[1e2]">checkAttributeAccess</a>
 <LI><a href="#[2e8]">ecc_gen_new_secret_key</a>
 <LI><a href="#[2ea]">ecc_init</a>
 <LI><a href="#[2f4]">em_buf_init</a>
 <LI><a href="#[2f6]">gap_addNextAutoConnectAddressInWhiteList</a>
 <LI><a href="#[2f8]">gap_advertisingDataSet</a>
 <LI><a href="#[2fb]">gap_autoConnectIrkCheckComplete</a>
 <LI><a href="#[291]">gap_checkConnectionSecurity</a>
 <LI><a href="#[2fc]">gap_checkForAutoConnect</a>
 <LI><a href="#[2e5]">gap_checkSecurityForDatabaseAccess</a>
 <LI><a href="#[302]">gap_cm_handleSignedWriteCommand</a>
 <LI><a href="#[25b]">gap_cm_irkCheckComplete</a>
 <LI><a href="#[303]">gap_cm_notifyConnectedDevice</a>
 <LI><a href="#[25c]">gap_cm_signatureVerificationComplete</a>
 <LI><a href="#[272]">gap_cm_verifyPraAtAppRequest</a>
 <LI><a href="#[305]">gap_discoveryFilterMatch</a>
 <LI><a href="#[2f7]">gap_enableScanning</a>
 <LI><a href="#[2f9]">gap_scanRspDataSet</a>
 <LI><a href="#[307]">gap_scanningParametersSet</a>
 <LI><a href="#[308]">gap_sendLocalPasskey</a>
 <LI><a href="#[26b]">gap_triggerAdvertisingCallback</a>
 <LI><a href="#[250]">gap_triggerConnectionCallback</a>
 <LI><a href="#[1c1]">gap_triggerGenericCallback</a>
 <LI><a href="#[270]">gap_triggerScanningCallback</a>
 <LI><a href="#[320]">gattServer_resetProcedureForDeviceId</a>
 <LI><a href="#[30d]">h4tl_init</a>
 <LI><a href="#[3ec]">h4tl_start</a>
 <LI><a href="#[311]">h4tl_write</a>
 <LI><a href="#[79]">handleClientTimeout</a>
 <LI><a href="#[304]">handleVerifiedSignedWriteCommand</a>
 <LI><a href="#[67]">hciCommandCompleteCallback</a>
 <LI><a href="#[1ff]">hciCommandCompleteCbMsgHandler</a>
 <LI><a href="#[68]">hciCommandStatusCallback</a>
 <LI><a href="#[202]">hciCommandStatusCbMsgHandler</a>
 <LI><a href="#[69]">hciGenericCallback</a>
 <LI><a href="#[203]">hciGenericCbMsgHandler</a>
 <LI><a href="#[66]">hciLeCallback</a>
 <LI><a href="#[201]">hciLeCbMsgHandler</a>
 <LI><a href="#[30f]">hci_acl_tx_data_received</a>
 <LI><a href="#[309]">hci_cmd_get_max_param_size</a>
 <LI><a href="#[30c]">hci_cmd_received</a>
 <LI><a href="#[f3]">hci_command_handler</a>
 <LI><a href="#[30a]">hci_send_2_host</a>
 <LI><a href="#[33d]">hci_tl_send</a>
 <LI><a href="#[2f2]">ke_event_set</a>
 <LI><a href="#[2f1]">ke_msg_send</a>
 <LI><a href="#[345]">llc_ch_assess_get_local_ch_map</a>
 <LI><a href="#[34a]">llc_ch_assess_reass_ch</a>
 <LI><a href="#[352]">llc_con_update_complete_send</a>
 <LI><a href="#[353]">llc_con_update_finished</a>
 <LI><a href="#[355]">llc_con_update_ind</a>
 <LI><a href="#[361]">llc_end_evt_defer</a>
 <LI><a href="#[365]">llc_init</a>
 <LI><a href="#[347]">llc_llcp_ch_map_update_pdu_send</a>
 <LI><a href="#[34f]">llc_llcp_con_param_req_pdu_send</a>
 <LI><a href="#[36a]">llc_llcp_con_param_rsp_pdu_send</a>
 <LI><a href="#[34d]">llc_llcp_con_update_pdu_send</a>
 <LI><a href="#[35f]">llc_llcp_enc_req_pdu_send</a>
 <LI><a href="#[358]">llc_llcp_enc_rsp_pdu_send</a>
 <LI><a href="#[3cb]">llc_llcp_get_autorize</a>
 <LI><a href="#[367]">llc_llcp_length_req_pdu_send</a>
 <LI><a href="#[35d]">llc_llcp_pause_enc_req_pdu_send</a>
 <LI><a href="#[35c]">llc_llcp_pause_enc_rsp_pdu_send</a>
 <LI><a href="#[36c]">llc_llcp_phy_req_pdu_send</a>
 <LI><a href="#[36d]">llc_llcp_phy_upd_ind_pdu_send</a>
 <LI><a href="#[344]">llc_llcp_ping_req_pdu_send</a>
 <LI><a href="#[36e]">llc_llcp_recv_handler</a>
 <LI><a href="#[35b]">llc_llcp_reject_ind_pdu_send</a>
 <LI><a href="#[35a]">llc_llcp_start_enc_req_pdu_send</a>
 <LI><a href="#[35e]">llc_llcp_start_enc_rsp_pdu_send</a>
 <LI><a href="#[360]">llc_llcp_terminate_ind_pdu_send</a>
 <LI><a href="#[370]">llc_lsto_con_update</a>
 <LI><a href="#[371]">llc_pdu_defer</a>
 <LI><a href="#[373]">llc_pdu_llcp_tx_ack_defer</a>
 <LI><a href="#[379]">llc_phy_update_complete_send</a>
 <LI><a href="#[375]">llc_phy_update_finished</a>
 <LI><a href="#[37a]">llc_reset</a>
 <LI><a href="#[37c]">llc_start</a>
 <LI><a href="#[380]">llc_stop</a>
 <LI><a href="#[357]">llc_util_dicon_procedure</a>
 <LI><a href="#[38a]">lld_adv_start</a>
 <LI><a href="#[382]">lld_ch_map_ind</a>
 <LI><a href="#[34e]">lld_con_param_req</a>
 <LI><a href="#[383]">lld_con_param_rsp</a>
 <LI><a href="#[395]">lld_con_start</a>
 <LI><a href="#[34c]">lld_con_update_after_param_req</a>
 <LI><a href="#[384]">lld_con_update_ind</a>
 <LI><a href="#[351]">lld_con_update_req</a>
 <LI><a href="#[38b]">lld_evt_adv_create</a>
 <LI><a href="#[93]">lld_evt_canceled</a>
 <LI><a href="#[9a]">lld_evt_deffered_elt_handler</a>
 <LI><a href="#[38e]">lld_evt_elt_insert</a>
 <LI><a href="#[192]">lld_evt_end_isr</a>
 <LI><a href="#[3ab]">lld_evt_init</a>
 <LI><a href="#[3af]">lld_evt_move_to_master</a>
 <LI><a href="#[3b4]">lld_evt_move_to_slave</a>
 <LI><a href="#[3a0]">lld_evt_restart</a>
 <LI><a href="#[193]">lld_evt_rx_isr</a>
 <LI><a href="#[3b8]">lld_evt_scan_create</a>
 <LI><a href="#[92]">lld_evt_schedule</a>
 <LI><a href="#[369]">lld_evt_schedule_next</a>
 <LI><a href="#[39d]">lld_evt_slave_update</a>
 <LI><a href="#[39e]">lld_evt_update_create</a>
 <LI><a href="#[3bd]">lld_init</a>
 <LI><a href="#[3c0]">lld_move_to_master</a>
 <LI><a href="#[3c1]">lld_move_to_slave</a>
 <LI><a href="#[3a2]">lld_pdu_check</a>
 <LI><a href="#[3aa]">lld_pdu_rx_handler</a>
 <LI><a href="#[3c5]">lld_pdu_send_packet</a>
 <LI><a href="#[3ba]">lld_pdu_tx_prog</a>
 <LI><a href="#[3cd]">lld_scan_start</a>
 <LI><a href="#[3ce]">lld_sleep_wakeup</a>
 <LI><a href="#[363]">lld_util_anchor_point_move</a>
 <LI><a href="#[368]">lld_util_instant_get</a>
 <LI><a href="#[378]">lld_util_phy_update_req</a>
 <LI><a href="#[398]">lld_util_priority_set</a>
 <LI><a href="#[328]">llm_common_cmd_complete_send</a>
 <LI><a href="#[3d1]">llm_con_req_ind</a>
 <LI><a href="#[3d6]">llm_con_req_tx_cfm</a>
 <LI><a href="#[326]">llm_create_con</a>
 <LI><a href="#[9f]">llm_encryption_done</a>
 <LI><a href="#[327]">llm_encryption_start</a>
 <LI><a href="#[3da]">llm_init</a>
 <LI><a href="#[3dc]">llm_le_adv_report_ind</a>
 <LI><a href="#[3c3]">llm_pdu_defer</a>
 <LI><a href="#[333]">llm_set_adv_en</a>
 <LI><a href="#[334]">llm_set_adv_param</a>
 <LI><a href="#[329]">llm_set_privacy_mode</a>
 <LI><a href="#[336]">llm_set_scan_en</a>
 <LI><a href="#[339]">llm_test_mode_start_rx</a>
 <LI><a href="#[338]">llm_test_mode_start_tx</a>
 <LI><a href="#[3b9]">llm_util_adv_data_update</a>
 <LI><a href="#[3e1]">rwble_init</a>
 <LI><a href="#[3e2]">rwble_reset</a>
 <LI><a href="#[19c]">rwip_init</a>
 <LI><a href="#[3cf]">rwip_lpcycles_2_us</a>
 <LI><a href="#[33c]">rwip_reset</a>
 <LI><a href="#[197]">rwip_wakeup</a>
 <LI><a href="#[6a]">smCallback</a>
 <LI><a href="#[1cb]">specialModP256</a>
 <LI><a href="#[3d9]">sw_aes</a>
 <LI><a href="#[7a]">L2caRm_LinkConnectionTimerCallback</a>
 <LI><a href="#[19e]">Hci_RecvFragmentOfPacket</a>
 <LI><a href="#[1f0]">gattDb_getCharacteristicEndIndex</a>
 <LI><a href="#[f0]">llm_enc_req_handler</a>
 <LI><a href="#[c9]">llc_llcp_rsp_to_ind_handler</a>
 <LI><a href="#[c6]">llc_link_sup_to_ind_handler</a>
 <LI><a href="#[d4]">llc_data_ind_handler</a>
 <LI><a href="#[d1]">llc_llcp_recv_ind_handler</a>
 <LI><a href="#[cf]">llc_phy_upd_req_ind_handler</a>
 <LI><a href="#[ce]">llc_chmap_update_req_ind_handler</a>
 <LI><a href="#[cd]">llc_con_upd_req_ind_handler</a>
 <LI><a href="#[cc]">llc_length_req_ind_handler</a>
 <LI><a href="#[ca]">llc_chnl_assess_timer_handler</a>
 <LI><a href="#[c7]">llc_auth_payl_nearly_to_ind_handler</a>
 <LI><a href="#[c5]">lld_stop_ind_handler</a>
 <LI><a href="#[cb]">llc_enc_mgt_ind_handler</a>
 <LI><a href="#[2de]">Sm_ConnHandleToDeviceHandle</a>
 <LI><a href="#[313]">isControlPointHandle</a>
 <LI><a href="#[78]">handleUnsupportedOpcode</a>
 <LI><a href="#[312]">validateAttWriteParams</a>
 <LI><a href="#[76]">handleClientSignedWriteCommand</a>
 <LI><a href="#[74]">handleClientWriteRequest</a>
 <LI><a href="#[73]">handleClientReadByGroupTypeRequest</a>
 <LI><a href="#[72]">handleClientReadMultipleRequest</a>
 <LI><a href="#[71]">handleClientReadBlobRequest</a>
 <LI><a href="#[70]">handleClientReadRequest</a>
 <LI><a href="#[6f]">handleClientReadByTypeRequest</a>
 <LI><a href="#[6e]">handleClientFindByTypeValueRequest</a>
 <LI><a href="#[6d]">handleClientFindInformationRequest</a>
 <LI><a href="#[6c]">handleClientExchangeMtuRequest</a>
 <LI><a href="#[277]">handleSendNotificationIndication</a>
 <LI><a href="#[77]">handleClientHandleValueConfirmation</a>
 <LI><a href="#[75]">handleClientWriteCommand</a>
 <LI><a href="#[278]">handleSendInstantNotificationIndication</a>
 <LI><a href="#[306]">findFlagsAdValue</a>
 <LI><a href="#[65]">privacyTimeout</a>
 <LI><a href="#[2fa]">gap_autoConnectCheckNextIrk</a>
 <LI><a href="#[24e]">deriveSmPairingParamsFromGapParams.isra.1</a>
 <LI><a href="#[267]">terminatePairing</a>
 <LI><a href="#[6b]">ldmTimeout</a>
 <LI><a href="#[1c0]">EnableHostPrivacyTimer</a>
 <LI><a href="#[2e7]">getGapKeyFlags</a>
 <LI><a href="#[2e6]">convertPairingParamsSm2Gap</a>
 <LI><a href="#[1ad]">nvmIsEntryOccupied</a>
 <LI><a href="#[187]">att_indexForDeviceId</a>
 <LI><a href="#[17a]">att_SendData</a>
 <LI><a href="#[115]">hci_le_enh_privacy_mgmt_cmd_handler</a>
 <LI><a href="#[10c]">hci_rd_local_ver_info_cmd_handler</a>
 <LI><a href="#[10a]">hci_reset_cmd_handler</a>
 <LI><a href="#[109]">hci_le_test_mode_mngt_cmd_handler</a>
 <LI><a href="#[103]">hci_le_enc_cmd_handler</a>
 <LI><a href="#[100]">hci_le_set_host_ch_class_cmd_handler</a>
 <LI><a href="#[fe]">hci_le_create_con_cmd_handler</a>
 <LI><a href="#[fd]">hci_le_set_scan_en_cmd_handler</a>
 <LI><a href="#[fb]">hci_le_set_scan_rsp_data_cmd_handler</a>
 <LI><a href="#[fa]">hci_le_set_adv_en_cmd_handler</a>
 <LI><a href="#[f9]">hci_le_set_adv_data_cmd_handler</a>
 <LI><a href="#[f7]">hci_le_set_adv_param_cmd_handler</a>
 <LI><a href="#[36b]">llc_llcp_send</a>
 <LI><a href="#[e8]">llcp_ping_rsp_handler</a>
 <LI><a href="#[dd]">llcp_feats_req_handler</a>
 <LI><a href="#[d9]">llcp_enc_rsp_handler</a>
 <LI><a href="#[d7]">llcp_terminate_ind_handler</a>
 <LI><a href="#[e6]">llcp_reject_ind_ext_handler</a>
 <LI><a href="#[e1]">llcp_vers_ind_handler</a>
 <LI><a href="#[df]">llcp_pause_enc_req_handler</a>
 <LI><a href="#[da]">llcp_start_enc_req_handler</a>
 <LI><a href="#[d8]">llcp_enc_req_handler</a>
 <LI><a href="#[dc]">llcp_unknown_rsp_handler</a>
 <LI><a href="#[e9]">llcp_length_req_handler</a>
 <LI><a href="#[db]">llcp_start_enc_rsp_handler</a>
 <LI><a href="#[e0]">llcp_pause_enc_rsp_handler</a>
 <LI><a href="#[e2]">llcp_reject_ind_handler</a>
 <LI><a href="#[de]">llcp_feats_rsp_handler</a>
 <LI><a href="#[ec]">llcp_phy_rsp_handler</a>
 <LI><a href="#[e7]">llcp_ping_req_handler</a>
 <LI><a href="#[ea]">llcp_length_rsp_handler</a>
 <LI><a href="#[ed]">llcp_phy_upd_ind_handler</a>
 <LI><a href="#[e5]">llcp_con_param_rsp_handler</a>
 <LI><a href="#[d6]">llcp_channel_map_ind_handler</a>
 <LI><a href="#[d5]">llcp_con_upd_ind_handler</a>
 <LI><a href="#[eb]">llcp_phy_req_handler</a>
 <LI><a href="#[e4]">llcp_con_param_req_handler</a>
 <LI><a href="#[82]">ecc_multiplication_event_handler</a>
 <LI><a href="#[89]">h4tl_tx_done</a>
 <LI><a href="#[86]">h4tl_tx_evt_handler</a>
 <LI><a href="#[88]">h4tl_cmd_pld_rx_evt_handler</a>
 <LI><a href="#[85]">h4tl_rx_done</a>
 <LI><a href="#[87]">h4tl_cmd_hdr_rx_evt_handler</a>
 <LI><a href="#[2be]">SmStates_CheckIfLinkEncryptionHciEvent</a>
 <LI><a href="#[2bf]">Sm_KeyDistDeteminePacketList</a>
 <LI><a href="#[121]">SmState_Unexpected</a>
 <LI><a href="#[2c0]">SmStates_BuildAndSendPairingCompleteEvent</a>
 <LI><a href="#[2ca]">Sm_GeneratePasskey</a>
 <LI><a href="#[2b8]">SmStates_GeneratePairingFailedPacketAndEvent</a>
 <LI><a href="#[2bc]">SmStates_HandleInvalidUnknownPacket</a>
 <LI><a href="#[2c1]">SmStates_HandleRemotePairingFailure</a>
 <LI><a href="#[2ba]">SmStates_CheckIfPairingReqCanSatisfyAuthRequirements</a>
 <LI><a href="#[11a]">SmState_Idle</a>
 <LI><a href="#[2cd]">SmStates_GenerateLeScPkERi</a>
 <LI><a href="#[2d0]">SmStates_GenerateEcdhKeyPairAndOobRAndOobCr</a>
 <LI><a href="#[2c2]">SmStates_HandleUnexpectedPacket.isra.4</a>
 <LI><a href="#[127]">SmState_WaitForLeScKeyConfirmAndInitiatorDhKeyCheck</a>
 <LI><a href="#[126]">SmState_WaitForLeScOobDataAndInitiatorNonce</a>
 <LI><a href="#[125]">SmState_WaitForLeScPkEInitiatorNoncei</a>
 <LI><a href="#[124]">SmState_WaitForLeScPkEPasskeyAndInitiatorCri</a>
 <LI><a href="#[123]">SmState_WaitForLeScJwInitiatorNonce</a>
 <LI><a href="#[122]">SmState_WaitForInitiatorPublicKey</a>
 <LI><a href="#[120]">SmState_WaitForInitiatorKeysDist</a>
 <LI><a href="#[11f]">SmState_ResponderWaitForUlKeysetResponse</a>
 <LI><a href="#[11e]">SmState_WaitForMasterStkEncryption</a>
 <LI><a href="#[11d]">SmState_WaitForMrand</a>
 <LI><a href="#[11c]">SmState_WaitForTKeyAndMconfirm</a>
 <LI><a href="#[11b]">SmState_WaitForPairingResponseParams</a>
 <LI><a href="#[2d6]">SmStates_SmpIdleStateCleanup</a>
 <LI><a href="#[2d5]">SmStates_CallSmpStateMachine</a>
 <LI><a href="#[2db]">SmStates_HandleSmDeviceGlobalMessages.isra.8</a>
 <LI><a href="#[1dd]">findNextDbIndexFor16BitUuidAndValue</a>
 <LI><a href="#[1ec]">writeAttribute</a>
 <LI><a href="#[1e3]">readPartAttributeValue</a>
 <LI><a href="#[1e7]">findNextDbIndexForReadByGroupTypeUuid</a>
 <LI><a href="#[1e9]">findNextDbIndexForReadByTypeUuid</a>
 <LI><a href="#[301]">gap_cm_checkNextIrk</a>
 <LI><a href="#[300]">verifySignature</a>
 <LI><a href="#[2ff]">gap_cm_checkNextCsrk</a>
 <LI><a href="#[9b]">lld_evt_delete_elt_handler</a>
 <LI><a href="#[3b6]">lld_evt_winsize_change</a>
 <LI><a href="#[3a1]">lld_evt_deferred_elt_push</a>
 <LI><a href="#[2dd]">Sm_ValidateSmpPacketTypeAndLength.isra.0</a>
</UL>
</UL>
<P>
<H3>
Mutually Recursive functions
</H3> <LI><a href="#[2]">NMI_Handler</a>&nbsp;&nbsp;&nbsp;&rArr;&nbsp;&nbsp;&nbsp;<a href="#[2]">NMI_Handler</a><BR>
 <LI><a href="#[3]">HardFault_Handler</a>&nbsp;&nbsp;&nbsp;&rArr;&nbsp;&nbsp;&nbsp;<a href="#[3]">HardFault_Handler</a><BR>
 <LI><a href="#[4]">MemManage_Handler</a>&nbsp;&nbsp;&nbsp;&rArr;&nbsp;&nbsp;&nbsp;<a href="#[4]">MemManage_Handler</a><BR>
 <LI><a href="#[5]">BusFault_Handler</a>&nbsp;&nbsp;&nbsp;&rArr;&nbsp;&nbsp;&nbsp;<a href="#[5]">BusFault_Handler</a><BR>
 <LI><a href="#[6]">UsageFault_Handler</a>&nbsp;&nbsp;&nbsp;&rArr;&nbsp;&nbsp;&nbsp;<a href="#[6]">UsageFault_Handler</a><BR>
 <LI><a href="#[7]">SVC_Handler</a>&nbsp;&nbsp;&nbsp;&rArr;&nbsp;&nbsp;&nbsp;<a href="#[7]">SVC_Handler</a><BR>
 <LI><a href="#[8]">DebugMon_Handler</a>&nbsp;&nbsp;&nbsp;&rArr;&nbsp;&nbsp;&nbsp;<a href="#[8]">DebugMon_Handler</a><BR>
 <LI><a href="#[9]">PendSV_Handler</a>&nbsp;&nbsp;&nbsp;&rArr;&nbsp;&nbsp;&nbsp;<a href="#[9]">PendSV_Handler</a><BR>
 <LI><a href="#[a]">SysTick_Handler</a>&nbsp;&nbsp;&nbsp;&rArr;&nbsp;&nbsp;&nbsp;<a href="#[a]">SysTick_Handler</a><BR>
 <LI><a href="#[3a]">ACMP0_DriverIRQHandler</a>&nbsp;&nbsp;&nbsp;&rArr;&nbsp;&nbsp;&nbsp;<a href="#[3a]">ACMP0_DriverIRQHandler</a><BR>
 <LI><a href="#[50e]">__NvSyncSave</a>&nbsp;&nbsp;&nbsp;&rArr;&nbsp;&nbsp;&nbsp;<a href="#[4a8]">NvAddSaveRequestToQueue</a><BR>
 <LI><a href="#[4c8]">__NvAtomicSave</a>&nbsp;&nbsp;&nbsp;&rArr;&nbsp;&nbsp;&nbsp;<a href="#[4a8]">NvAddSaveRequestToQueue</a><BR>
 <LI><a href="#[4aa]">NvProcessFirstSaveInQueue</a>&nbsp;&nbsp;&nbsp;&rArr;&nbsp;&nbsp;&nbsp;<a href="#[4a8]">NvAddSaveRequestToQueue</a><BR>
 <LI><a href="#[1c0]">EnableHostPrivacyTimer</a>&nbsp;&nbsp;&nbsp;&rArr;&nbsp;&nbsp;&nbsp;<a href="#[1c3]">InternalGap_PrivacyCallbackHandler</a><BR>
</UL>
<P>
<H3>
Function Pointers
</H3><UL>
 <LI><a href="#[3a]">ACMP0_DriverIRQHandler</a> from startup_qn908xc.o(.text) referenced from startup_qn908xc.o(.text)
 <LI><a href="#[d]">ACMP0_IRQHandler</a> from startup_qn908xc.o(.text) referenced from startup_qn908xc.o(RESET)
 <LI><a href="#[3b]">ACMP1_DriverIRQHandler</a> from startup_qn908xc.o(.text) referenced from startup_qn908xc.o(.text)
 <LI><a href="#[e]">ACMP1_IRQHandler</a> from startup_qn908xc.o(.text) referenced from startup_qn908xc.o(RESET)
 <LI><a href="#[56]">ADC_DriverIRQHandler</a> from startup_qn908xc.o(.text) referenced from startup_qn908xc.o(.text)
 <LI><a href="#[29]">ADC_IRQHandler</a> from startup_qn908xc.o(.text) referenced from startup_qn908xc.o(RESET)
 <LI><a href="#[12e]">APP_PlfReset</a> from qnble.o(.text.APP_PlfReset) referenced from controller_config.o(.data)
 <LI><a href="#[a2]">App_AdvertisingCallback</a> from applmain.o(i.App_AdvertisingCallback) referenced from applmain.o(i.App_StartAdvertising)
 <LI><a href="#[a1]">App_ConnectionCallback</a> from applmain.o(i.App_ConnectionCallback) referenced from applmain.o(i.App_StartAdvertising)
 <LI><a href="#[a0]">App_GattServerCallback</a> from applmain.o(i.App_GattServerCallback) referenced from applmain.o(i.App_RegisterGattServerCallback)
 <LI><a href="#[b4]">App_GenericCallback</a> from applmain.o(i.App_GenericCallback) referenced from applmain.o(i.main_task)
 <LI><a href="#[12d]">App_Idle_Task</a> from applmain.o(i.App_Idle_Task) referenced from applmain.o(.data)
 <LI><a href="#[b2]">App_KeyboardCallBack</a> from applmain.o(i.App_KeyboardCallBack) referenced from applmain.o(i.main_task)
 <LI><a href="#[4d]">BLE_DriverIRQHandler</a> from startup_qn908xc.o(.text) referenced from startup_qn908xc.o(.text)
 <LI><a href="#[60]">BLE_FREQ_HOP_DriverIRQHandler</a> from startup_qn908xc.o(.text) referenced from startup_qn908xc.o(.text)
 <LI><a href="#[33]">BLE_FREQ_HOP_IRQHandler</a> from startup_qn908xc.o(.text) referenced from startup_qn908xc.o(RESET)
 <LI><a href="#[20]">BLE_IRQHandler</a> from rwble.o(.text.BLE_IRQHandler) referenced from startup_qn908xc.o(RESET)
 <LI><a href="#[5f]">BLE_RX_DriverIRQHandler</a> from startup_qn908xc.o(.text) referenced from startup_qn908xc.o(.text)
 <LI><a href="#[32]">BLE_RX_IRQHandler</a> from startup_qn908xc.o(.text) referenced from startup_qn908xc.o(RESET)
 <LI><a href="#[b3]">BLE_SignalFromISRCallback</a> from applmain.o(i.BLE_SignalFromISRCallback) referenced from applmain.o(i.main_task)
 <LI><a href="#[5e]">BLE_TX_DriverIRQHandler</a> from startup_qn908xc.o(.text) referenced from startup_qn908xc.o(.text)
 <LI><a href="#[31]">BLE_TX_IRQHandler</a> from startup_qn908xc.o(.text) referenced from startup_qn908xc.o(RESET)
 <LI><a href="#[61]">BOD_DriverIRQHandler</a> from startup_qn908xc.o(.text) referenced from startup_qn908xc.o(.text)
 <LI><a href="#[34]">BOD_IRQHandler</a> from startup_qn908xc.o(.text) referenced from startup_qn908xc.o(RESET)
 <LI><a href="#[a5]">BleApp_AdvertisingCallback</a> from mijia_profile_server.o(i.BleApp_AdvertisingCallback) referenced from mijia_profile_server.o(i.BleApp_GenericCallback)
 <LI><a href="#[a4]">BleApp_ConnectionCallback</a> from mijia_profile_server.o(i.BleApp_ConnectionCallback) referenced from mijia_profile_server.o(i.BleApp_GenericCallback)
 <LI><a href="#[a3]">BleApp_GattServerCallback</a> from mijia_profile_server.o(i.BleApp_GattServerCallback) referenced from mijia_profile_server.o(i.BleApp_Config)
 <LI><a href="#[a6]">Ble_HciRecv</a> from hci_commands.o(.text.Ble_HciRecv) referenced from ble_init.o(i.Ble_Initialize)
 <LI><a href="#[5]">BusFault_Handler</a> from startup_qn908xc.o(.text) referenced from startup_qn908xc.o(RESET)
 <LI><a href="#[5d]">CALIB_DriverIRQHandler</a> from startup_qn908xc.o(.text) referenced from startup_qn908xc.o(.text)
 <LI><a href="#[30]">CALIB_IRQHandler</a> from startup_qn908xc.o(.text) referenced from startup_qn908xc.o(RESET)
 <LI><a href="#[3f]">CS_DriverIRQHandler</a> from startup_qn908xc.o(.text) referenced from startup_qn908xc.o(.text)
 <LI><a href="#[12]">CS_IRQHandler</a> from startup_qn908xc.o(.text) referenced from startup_qn908xc.o(RESET)
 <LI><a href="#[3e]">CS_WAKEUP_DriverIRQHandler</a> from startup_qn908xc.o(.text) referenced from startup_qn908xc.o(.text)
 <LI><a href="#[11]">CS_WAKEUP_IRQHandler</a> from startup_qn908xc.o(.text) referenced from startup_qn908xc.o(RESET)
 <LI><a href="#[51]">CTIMER0_DriverIRQHandler</a> from fsl_ctimer.o(i.CTIMER0_DriverIRQHandler) referenced from startup_qn908xc.o(.text)
 <LI><a href="#[24]">CTIMER0_IRQHandler</a> from startup_qn908xc.o(.text) referenced from startup_qn908xc.o(RESET)
 <LI><a href="#[52]">CTIMER1_DriverIRQHandler</a> from fsl_ctimer.o(i.CTIMER1_DriverIRQHandler) referenced from startup_qn908xc.o(.text)
 <LI><a href="#[25]">CTIMER1_IRQHandler</a> from startup_qn908xc.o(.text) referenced from startup_qn908xc.o(RESET)
 <LI><a href="#[53]">CTIMER2_DriverIRQHandler</a> from fsl_ctimer.o(i.CTIMER2_DriverIRQHandler) referenced from startup_qn908xc.o(.text)
 <LI><a href="#[26]">CTIMER2_IRQHandler</a> from startup_qn908xc.o(.text) referenced from startup_qn908xc.o(RESET)
 <LI><a href="#[54]">CTIMER3_DriverIRQHandler</a> from fsl_ctimer.o(i.CTIMER3_DriverIRQHandler) referenced from startup_qn908xc.o(.text)
 <LI><a href="#[27]">CTIMER3_IRQHandler</a> from startup_qn908xc.o(.text) referenced from startup_qn908xc.o(RESET)
 <LI><a href="#[12c]">ControllerTask</a> from ble_controller_task.o(i.ControllerTask) referenced from ble_controller_task.o(.data)
 <LI><a href="#[57]">DAC_DriverIRQHandler</a> from startup_qn908xc.o(.text) referenced from startup_qn908xc.o(.text)
 <LI><a href="#[2a]">DAC_IRQHandler</a> from startup_qn908xc.o(.text) referenced from startup_qn908xc.o(RESET)
 <LI><a href="#[42]">DMA0_DriverIRQHandler</a> from startup_qn908xc.o(.text) referenced from startup_qn908xc.o(.text)
 <LI><a href="#[15]">DMA0_IRQHandler</a> from startup_qn908xc.o(.text) referenced from startup_qn908xc.o(RESET)
 <LI><a href="#[a8]">DbgConsole_Putchar</a> from fsl_debug_console.o(i.DbgConsole_Putchar) referenced from fsl_debug_console.o(i.DbgConsole_Printf)
 <LI><a href="#[8]">DebugMon_Handler</a> from startup_qn908xc.o(.text) referenced from startup_qn908xc.o(RESET)
 <LI><a href="#[132]">EIF_FlowOff</a> from eif_adapter.o(.text.EIF_FlowOff) referenced from controller_config.o(.data)
 <LI><a href="#[131]">EIF_FlowOn</a> from eif_adapter.o(.text.EIF_FlowOn) referenced from controller_config.o(.data)
 <LI><a href="#[12f]">EIF_Read</a> from eif_adapter.o(.text.EIF_Read) referenced from controller_config.o(.data)
 <LI><a href="#[130]">EIF_Write</a> from eif_adapter.o(.text.EIF_Write) referenced from controller_config.o(.data)
 <LI><a href="#[38]">EXT_GPIO_WAKEUP_DriverIRQHandler</a> from startup_qn908xc.o(.text) referenced from startup_qn908xc.o(.text)
 <LI><a href="#[b]">EXT_GPIO_WAKEUP_IRQHandler</a> from startup_qn908xc.o(.text) referenced from startup_qn908xc.o(RESET)
 <LI><a href="#[59]">FLASH_DriverIRQHandler</a> from startup_qn908xc.o(.text) referenced from startup_qn908xc.o(.text)
 <LI><a href="#[2c]">FLASH_IRQHandler</a> from startup_qn908xc.o(.text) referenced from startup_qn908xc.o(RESET)
 <LI><a href="#[49]">FLEXCOMM0_DriverIRQHandler</a> from fsl_flexcomm.o(i.FLEXCOMM0_DriverIRQHandler) referenced from startup_qn908xc.o(.text)
 <LI><a href="#[1c]">FLEXCOMM0_IRQHandler</a> from startup_qn908xc.o(.text) referenced from startup_qn908xc.o(RESET)
 <LI><a href="#[4a]">FLEXCOMM1_DriverIRQHandler</a> from fsl_flexcomm.o(i.FLEXCOMM1_DriverIRQHandler) referenced from startup_qn908xc.o(.text)
 <LI><a href="#[1d]">FLEXCOMM1_IRQHandler</a> from startup_qn908xc.o(.text) referenced from startup_qn908xc.o(RESET)
 <LI><a href="#[4b]">FLEXCOMM2_DriverIRQHandler</a> from fsl_flexcomm.o(i.FLEXCOMM2_DriverIRQHandler) referenced from startup_qn908xc.o(.text)
 <LI><a href="#[1e]">FLEXCOMM2_IRQHandler</a> from startup_qn908xc.o(.text) referenced from startup_qn908xc.o(RESET)
 <LI><a href="#[4c]">FLEXCOMM3_DriverIRQHandler</a> from fsl_flexcomm.o(i.FLEXCOMM3_DriverIRQHandler) referenced from startup_qn908xc.o(.text)
 <LI><a href="#[1f]">FLEXCOMM3_IRQHandler</a> from startup_qn908xc.o(.text) referenced from startup_qn908xc.o(RESET)
 <LI><a href="#[4e]">FSP_DriverIRQHandler</a> from startup_qn908xc.o(.text) referenced from startup_qn908xc.o(.text)
 <LI><a href="#[21]">FSP_IRQHandler</a> from startup_qn908xc.o(.text) referenced from startup_qn908xc.o(RESET)
 <LI><a href="#[40]">GPIOA_DriverIRQHandler</a> from startup_qn908xc.o(.text) referenced from startup_qn908xc.o(.text)
 <LI><a href="#[13]">GPIOA_IRQHandler</a> from board.o(i.GPIOA_IRQHandler) referenced from startup_qn908xc.o(RESET)
 <LI><a href="#[41]">GPIOB_DriverIRQHandler</a> from startup_qn908xc.o(.text) referenced from startup_qn908xc.o(.text)
 <LI><a href="#[14]">GPIOB_IRQHandler</a> from startup_qn908xc.o(.text) referenced from startup_qn908xc.o(RESET)
 <LI><a href="#[a9]">Gpio_CommonIsr</a> from gpio_adapter.o(i.Gpio_CommonIsr) referenced from gpio_adapter.o(i.Gpio_InstallPortISR)
 <LI><a href="#[3]">HardFault_Handler</a> from startup_qn908xc.o(.text) referenced from startup_qn908xc.o(RESET)
 <LI><a href="#[a7]">Hci_SendPacketToController</a> from nxp.o(.text.Hci_SendPacketToController) referenced from ble_init.o(i.Ble_Initialize)
 <LI><a href="#[12b]">Host_Task</a> from ble_host_tasks.o(i.Host_Task) referenced from ble_host_tasks.o(.data)
 <LI><a href="#[ae]">KeyScan</a> from keyboard.o(i.KeyScan) referenced from keyboard.o(i.Switch_Press_ISR)
 <LI><a href="#[7a]">L2caRm_LinkConnectionTimerCallback</a> from l2ca_resource_manager.o(.text.L2caRm_LinkConnectionTimerCallback) referenced from l2ca_resource_manager.o(.text.L2caRm_ConnectLePsm)
 <LI><a href="#[7c]">L2ca_HciEventCallback</a> from l2ca_main.o(.text.L2ca_HciEventCallback) referenced from l2ca_main.o(.text.L2ca_Init)
 <LI><a href="#[7b]">L2ca_RecvDataCallback</a> from l2ca_main.o(.text.L2ca_RecvDataCallback) referenced from l2ca_main.o(.text.L2ca_Init)
 <LI><a href="#[ab]">LED_FlashTimeout</a> from led.o(i.LED_FlashTimeout) referenced from led.o(i.LED_StartFlashWithPeriod)
 <LI><a href="#[95]">LLM_AA_CT1</a> from fw_symbols_mdk.h(ABSOLUTE) referenced from lld.o(.text.lld_con_start)
 <LI><a href="#[96]">LLM_AA_CT2</a> from fw_symbols_mdk.h(ABSOLUTE) referenced from lld.o(.text.lld_con_start)
 <LI><a href="#[4]">MemManage_Handler</a> from startup_qn908xc.o(.text) referenced from startup_qn908xc.o(RESET)
 <LI><a href="#[2]">NMI_Handler</a> from startup_qn908xc.o(.text) referenced from startup_qn908xc.o(RESET)
 <LI><a href="#[39]">OSC_DriverIRQHandler</a> from startup_qn908xc.o(.text) referenced from startup_qn908xc.o(.text)
 <LI><a href="#[47]">OSC_INT_LOW_DriverIRQHandler</a> from startup_qn908xc.o(.text) referenced from startup_qn908xc.o(.text)
 <LI><a href="#[1a]">OSC_INT_LOW_IRQHandler</a> from startup_qn908xc.o(.text) referenced from startup_qn908xc.o(RESET)
 <LI><a href="#[c]">OSC_IRQHandler</a> from nxp.o(.text.OSC_IRQHandler) referenced from startup_qn908xc.o(RESET)
 <LI><a href="#[43]">PIN_INT0_DriverIRQHandler</a> from startup_qn908xc.o(.text) referenced from startup_qn908xc.o(.text)
 <LI><a href="#[16]">PIN_INT0_IRQHandler</a> from startup_qn908xc.o(.text) referenced from startup_qn908xc.o(RESET)
 <LI><a href="#[44]">PIN_INT1_DriverIRQHandler</a> from startup_qn908xc.o(.text) referenced from startup_qn908xc.o(.text)
 <LI><a href="#[17]">PIN_INT1_IRQHandler</a> from startup_qn908xc.o(.text) referenced from startup_qn908xc.o(RESET)
 <LI><a href="#[45]">PIN_INT2_DriverIRQHandler</a> from startup_qn908xc.o(.text) referenced from startup_qn908xc.o(.text)
 <LI><a href="#[18]">PIN_INT2_IRQHandler</a> from startup_qn908xc.o(.text) referenced from startup_qn908xc.o(RESET)
 <LI><a href="#[46]">PIN_INT3_DriverIRQHandler</a> from startup_qn908xc.o(.text) referenced from startup_qn908xc.o(.text)
 <LI><a href="#[19]">PIN_INT3_IRQHandler</a> from startup_qn908xc.o(.text) referenced from startup_qn908xc.o(RESET)
 <LI><a href="#[9]">PendSV_Handler</a> from startup_qn908xc.o(.text) referenced from startup_qn908xc.o(RESET)
 <LI><a href="#[4f]">QDEC0_DriverIRQHandler</a> from startup_qn908xc.o(.text) referenced from startup_qn908xc.o(.text)
 <LI><a href="#[22]">QDEC0_IRQHandler</a> from startup_qn908xc.o(.text) referenced from startup_qn908xc.o(RESET)
 <LI><a href="#[50]">QDEC1_DriverIRQHandler</a> from startup_qn908xc.o(.text) referenced from startup_qn908xc.o(.text)
 <LI><a href="#[23]">QDEC1_IRQHandler</a> from startup_qn908xc.o(.text) referenced from startup_qn908xc.o(RESET)
 <LI><a href="#[5c]">RNG_DriverIRQHandler</a> from startup_qn908xc.o(.text) referenced from startup_qn908xc.o(.text)
 <LI><a href="#[2f]">RNG_IRQHandler</a> from startup_qn908xc.o(.text) referenced from startup_qn908xc.o(RESET)
 <LI><a href="#[3d]">RTC_FR_DriverIRQHandler</a> from startup_qn908xc.o(.text) referenced from startup_qn908xc.o(.text)
 <LI><a href="#[10]">RTC_FR_IRQHandler</a> from board.o(i.RTC_FR_IRQHandler) referenced from startup_qn908xc.o(RESET)
 <LI><a href="#[3c]">RTC_SEC_DriverIRQHandler</a> from startup_qn908xc.o(.text) referenced from startup_qn908xc.o(.text)
 <LI><a href="#[f]">RTC_SEC_IRQHandler</a> from startup_qn908xc.o(.text) referenced from startup_qn908xc.o(RESET)
 <LI><a href="#[1]">Reset_Handler</a> from startup_qn908xc.o(.text) referenced from startup_qn908xc.o(RESET)
 <LI><a href="#[5b]">SCT0_DriverIRQHandler</a> from startup_qn908xc.o(.text) referenced from startup_qn908xc.o(.text)
 <LI><a href="#[2e]">SCT0_IRQHandler</a> from startup_qn908xc.o(.text) referenced from startup_qn908xc.o(RESET)
 <LI><a href="#[5a]">SPIFI0_DriverIRQHandler</a> from startup_qn908xc.o(.text) referenced from startup_qn908xc.o(.text)
 <LI><a href="#[2d]">SPIFI0_IRQHandler</a> from startup_qn908xc.o(.text) referenced from startup_qn908xc.o(RESET)
 <LI><a href="#[7]">SVC_Handler</a> from startup_qn908xc.o(.text) referenced from startup_qn908xc.o(RESET)
 <LI><a href="#[129]">SerialManagerTask</a> from serialmanager.o(i.SerialManagerTask) referenced from serialmanager.o(.data)
 <LI><a href="#[ac]">Serial_UartRxCb</a> from serialmanager.o(i.Serial_UartRxCb) referenced from serialmanager.o(i.Serial_InitInterface)
 <LI><a href="#[ad]">Serial_UartTxCb</a> from serialmanager.o(i.Serial_UartTxCb) referenced from serialmanager.o(i.Serial_InitInterface)
 <LI><a href="#[11a]">SmState_Idle</a> from sm_states.o(.text.SmState_Idle) referenced from sm_states.o(.rodata.smStateTable)
 <LI><a href="#[11f]">SmState_ResponderWaitForUlKeysetResponse</a> from sm_states.o(.text.SmState_ResponderWaitForUlKeysetResponse) referenced from sm_states.o(.rodata.smStateTable)
 <LI><a href="#[121]">SmState_Unexpected</a> from sm_states.o(.text.SmState_Unexpected) referenced 17 times from sm_states.o(.rodata.smStateTable)
 <LI><a href="#[120]">SmState_WaitForInitiatorKeysDist</a> from sm_states.o(.text.SmState_WaitForInitiatorKeysDist) referenced from sm_states.o(.rodata.smStateTable)
 <LI><a href="#[122]">SmState_WaitForInitiatorPublicKey</a> from sm_states.o(.text.SmState_WaitForInitiatorPublicKey) referenced from sm_states.o(.rodata.smStateTable)
 <LI><a href="#[123]">SmState_WaitForLeScJwInitiatorNonce</a> from sm_states.o(.text.SmState_WaitForLeScJwInitiatorNonce) referenced from sm_states.o(.rodata.smStateTable)
 <LI><a href="#[127]">SmState_WaitForLeScKeyConfirmAndInitiatorDhKeyCheck</a> from sm_states.o(.text.SmState_WaitForLeScKeyConfirmAndInitiatorDhKeyCheck) referenced from sm_states.o(.rodata.smStateTable)
 <LI><a href="#[126]">SmState_WaitForLeScOobDataAndInitiatorNonce</a> from sm_states.o(.text.SmState_WaitForLeScOobDataAndInitiatorNonce) referenced from sm_states.o(.rodata.smStateTable)
 <LI><a href="#[125]">SmState_WaitForLeScPkEInitiatorNoncei</a> from sm_states.o(.text.SmState_WaitForLeScPkEInitiatorNoncei) referenced from sm_states.o(.rodata.smStateTable)
 <LI><a href="#[124]">SmState_WaitForLeScPkEPasskeyAndInitiatorCri</a> from sm_states.o(.text.SmState_WaitForLeScPkEPasskeyAndInitiatorCri) referenced from sm_states.o(.rodata.smStateTable)
 <LI><a href="#[11e]">SmState_WaitForMasterStkEncryption</a> from sm_states.o(.text.SmState_WaitForMasterStkEncryption) referenced from sm_states.o(.rodata.smStateTable)
 <LI><a href="#[11d]">SmState_WaitForMrand</a> from sm_states.o(.text.SmState_WaitForMrand) referenced from sm_states.o(.rodata.smStateTable)
 <LI><a href="#[11b]">SmState_WaitForPairingResponseParams</a> from sm_states.o(.text.SmState_WaitForPairingResponseParams) referenced from sm_states.o(.rodata.smStateTable)
 <LI><a href="#[11c]">SmState_WaitForTKeyAndMconfirm</a> from sm_states.o(.text.SmState_WaitForTKeyAndMconfirm) referenced from sm_states.o(.rodata.smStateTable)
 <LI><a href="#[7f]">Sm_HciEventCallback</a> from sm_core.o(.text.Sm_HciEventCallback) referenced from sm_core.o(.text.Sm_Init)
 <LI><a href="#[7e]">Sm_L2caCbMsgHandler</a> from sm_core.o(.text.Sm_L2caCbMsgHandler) referenced from sm_core.o(.text.Sm_Init)
 <LI><a href="#[7d]">Sm_TimerCallback</a> from sm_core.o(.text.Sm_TimerCallback) referenced from sm_states.o(.text.SmState_Idle)
 <LI><a href="#[af]">StackTimer_ISR</a> from timersmanager.o(i.StackTimer_ISR) referenced from timersmanager.o(i.TMR_Init)
 <LI><a href="#[aa]">Switch_Press_ISR</a> from keyboard.o(i.Switch_Press_ISR) referenced from keyboard.o(i.KBD_Init)
 <LI><a href="#[a]">SysTick_Handler</a> from startup_qn908xc.o(.text) referenced from startup_qn908xc.o(RESET)
 <LI><a href="#[36]">SystemInit</a> from system_qn908xc.o(i.SystemInit) referenced from startup_qn908xc.o(.text)
 <LI><a href="#[500]">TMR_Init</a> from timersmanager.o(i.TMR_Init) referenced 2 times from timersmanager.o(i.TMR_Init)
 <LI><a href="#[12a]">TMR_Task</a> from timersmanager.o(i.TMR_Task) referenced from timersmanager.o(.data)
 <LI><a href="#[b0]">USART_ISR</a> from uart_adapter.o(i.USART_ISR) referenced from uart_adapter.o(i.USART_Initialize)
 <LI><a href="#[48]">USB0_DriverIRQHandler</a> from startup_qn908xc.o(.text) referenced from startup_qn908xc.o(.text)
 <LI><a href="#[1b]">USB0_IRQHandler</a> from startup_qn908xc.o(.text) referenced from startup_qn908xc.o(RESET)
 <LI><a href="#[6]">UsageFault_Handler</a> from startup_qn908xc.o(.text) referenced from startup_qn908xc.o(RESET)
 <LI><a href="#[55]">WDT_DriverIRQHandler</a> from startup_qn908xc.o(.text) referenced from startup_qn908xc.o(.text)
 <LI><a href="#[28]">WDT_IRQHandler</a> from startup_qn908xc.o(.text) referenced from startup_qn908xc.o(RESET)
 <LI><a href="#[58]">XTAL_READY_DriverIRQHandler</a> from startup_qn908xc.o(.text) referenced from startup_qn908xc.o(.text)
 <LI><a href="#[2b]">XTAL_READY_IRQHandler</a> from startup_qn908xc.o(.text) referenced from startup_qn908xc.o(RESET)
 <LI><a href="#[37]">__main</a> from entry.o(.ARM.Collect$$$$00000000) referenced from startup_qn908xc.o(.text)
 <LI><a href="#[b1]">_snputc</a> from printfa.o(i._snputc) referenced from printfa.o(i.__0vsnprintf)
 <LI><a href="#[81]">att_TimerCallback</a> from att_cb.o(.text.att_TimerCallback) referenced from att.o(.text.att_SendData)
 <LI><a href="#[80]">att_l2caCbMsgHandler</a> from att_cb.o(.text.att_l2caCbMsgHandler) referenced from att_cb.o(.text.att_InitializeInternalCallback)
 <LI><a href="#[62]">ble_config</a> from fw_symbols_mdk.h(ABSOLUTE) referenced from rwble.o(.text.BLE_IRQHandler)
 <LI><a href="#[62]">ble_config</a> from fw_symbols_mdk.h(ABSOLUTE) referenced from qnble.o(.text.BLE_Init)
 <LI><a href="#[62]">ble_config</a> from fw_symbols_mdk.h(ABSOLUTE) referenced from nxp.o(.text.Controller_TaskHandler)
 <LI><a href="#[62]">ble_config</a> from fw_symbols_mdk.h(ABSOLUTE) referenced from eif_adapter.o(.text.EIF_Read)
 <LI><a href="#[62]">ble_config</a> from fw_symbols_mdk.h(ABSOLUTE) referenced from eif_adapter.o(.text.EIF_RxCallback)
 <LI><a href="#[62]">ble_config</a> from fw_symbols_mdk.h(ABSOLUTE) referenced from em_buf.o(.text.em_buf_init)
 <LI><a href="#[62]">ble_config</a> from fw_symbols_mdk.h(ABSOLUTE) referenced from hci_tl.o(.text.hci_acl_tx_data_received)
 <LI><a href="#[62]">ble_config</a> from fw_symbols_mdk.h(ABSOLUTE) referenced from hci_tl.o(.text.hci_cmd_received)
 <LI><a href="#[62]">ble_config</a> from fw_symbols_mdk.h(ABSOLUTE) referenced from llm_hci.o(.text.hci_le_set_adv_data_cmd_handler)
 <LI><a href="#[62]">ble_config</a> from fw_symbols_mdk.h(ABSOLUTE) referenced from llm_hci.o(.text.hci_le_set_scan_rsp_data_cmd_handler)
 <LI><a href="#[62]">ble_config</a> from fw_symbols_mdk.h(ABSOLUTE) referenced from hci_tl.o(.text.hci_tl_send)
 <LI><a href="#[62]">ble_config</a> from fw_symbols_mdk.h(ABSOLUTE) referenced from llc_util.o(.text.llc_end_evt_defer)
 <LI><a href="#[62]">ble_config</a> from fw_symbols_mdk.h(ABSOLUTE) referenced from llc.o(.text.llc_init)
 <LI><a href="#[62]">ble_config</a> from fw_symbols_mdk.h(ABSOLUTE) referenced from llc_llcp.o(.text.llc_llcp_ch_map_update_pdu_send)
 <LI><a href="#[62]">ble_config</a> from fw_symbols_mdk.h(ABSOLUTE) referenced from llc_llcp.o(.text.llc_llcp_con_param_req_pdu_send)
 <LI><a href="#[62]">ble_config</a> from fw_symbols_mdk.h(ABSOLUTE) referenced from llc_llcp.o(.text.llc_llcp_con_param_rsp_pdu_send)
 <LI><a href="#[62]">ble_config</a> from fw_symbols_mdk.h(ABSOLUTE) referenced from llc_llcp.o(.text.llc_llcp_con_update_pdu_send)
 <LI><a href="#[62]">ble_config</a> from fw_symbols_mdk.h(ABSOLUTE) referenced from llc_llcp.o(.text.llc_llcp_length_req_pdu_send)
 <LI><a href="#[62]">ble_config</a> from fw_symbols_mdk.h(ABSOLUTE) referenced from llc_llcp.o(.text.llc_llcp_pause_enc_req_pdu_send)
 <LI><a href="#[62]">ble_config</a> from fw_symbols_mdk.h(ABSOLUTE) referenced from llc_llcp.o(.text.llc_llcp_pause_enc_rsp_pdu_send)
 <LI><a href="#[62]">ble_config</a> from fw_symbols_mdk.h(ABSOLUTE) referenced from llc_llcp.o(.text.llc_llcp_phy_req_pdu_send)
 <LI><a href="#[62]">ble_config</a> from fw_symbols_mdk.h(ABSOLUTE) referenced from llc_llcp.o(.text.llc_llcp_phy_upd_ind_pdu_send)
 <LI><a href="#[62]">ble_config</a> from fw_symbols_mdk.h(ABSOLUTE) referenced from llc_llcp.o(.text.llc_llcp_ping_req_pdu_send)
 <LI><a href="#[62]">ble_config</a> from fw_symbols_mdk.h(ABSOLUTE) referenced from llc_llcp.o(.text.llc_llcp_reject_ind_pdu_send)
 <LI><a href="#[62]">ble_config</a> from fw_symbols_mdk.h(ABSOLUTE) referenced from llc_llcp.o(.text.llc_llcp_send)
 <LI><a href="#[62]">ble_config</a> from fw_symbols_mdk.h(ABSOLUTE) referenced from llc_llcp.o(.text.llc_llcp_start_enc_req_pdu_send)
 <LI><a href="#[62]">ble_config</a> from fw_symbols_mdk.h(ABSOLUTE) referenced from llc_llcp.o(.text.llc_llcp_start_enc_rsp_pdu_send)
 <LI><a href="#[62]">ble_config</a> from fw_symbols_mdk.h(ABSOLUTE) referenced from llc_llcp.o(.text.llc_llcp_terminate_ind_pdu_send)
 <LI><a href="#[62]">ble_config</a> from fw_symbols_mdk.h(ABSOLUTE) referenced from llc_util.o(.text.llc_pdu_defer)
 <LI><a href="#[62]">ble_config</a> from fw_symbols_mdk.h(ABSOLUTE) referenced from llc_util.o(.text.llc_pdu_llcp_tx_ack_defer)
 <LI><a href="#[62]">ble_config</a> from fw_symbols_mdk.h(ABSOLUTE) referenced from llc.o(.text.llc_reset)
 <LI><a href="#[62]">ble_config</a> from fw_symbols_mdk.h(ABSOLUTE) referenced from llc_util.o(.text.llc_util_dicon_procedure)
 <LI><a href="#[62]">ble_config</a> from fw_symbols_mdk.h(ABSOLUTE) referenced from llc_llcp.o(.text.llcp_con_param_req_handler)
 <LI><a href="#[62]">ble_config</a> from fw_symbols_mdk.h(ABSOLUTE) referenced from llc_llcp.o(.text.llcp_enc_req_handler)
 <LI><a href="#[62]">ble_config</a> from fw_symbols_mdk.h(ABSOLUTE) referenced from llc_llcp.o(.text.llcp_enc_rsp_handler)
 <LI><a href="#[62]">ble_config</a> from fw_symbols_mdk.h(ABSOLUTE) referenced from llc_llcp.o(.text.llcp_length_req_handler)
 <LI><a href="#[62]">ble_config</a> from fw_symbols_mdk.h(ABSOLUTE) referenced from llc_llcp.o(.text.llcp_length_rsp_handler)
 <LI><a href="#[62]">ble_config</a> from fw_symbols_mdk.h(ABSOLUTE) referenced from llc_llcp.o(.text.llcp_pause_enc_req_handler)
 <LI><a href="#[62]">ble_config</a> from fw_symbols_mdk.h(ABSOLUTE) referenced from llc_llcp.o(.text.llcp_pause_enc_rsp_handler)
 <LI><a href="#[62]">ble_config</a> from fw_symbols_mdk.h(ABSOLUTE) referenced from llc_llcp.o(.text.llcp_ping_req_handler)
 <LI><a href="#[62]">ble_config</a> from fw_symbols_mdk.h(ABSOLUTE) referenced from llc_llcp.o(.text.llcp_start_enc_rsp_handler)
 <LI><a href="#[62]">ble_config</a> from fw_symbols_mdk.h(ABSOLUTE) referenced from lld.o(.text.lld_adv_start)
 <LI><a href="#[62]">ble_config</a> from fw_symbols_mdk.h(ABSOLUTE) referenced from lld.o(.text.lld_con_start)
 <LI><a href="#[62]">ble_config</a> from fw_symbols_mdk.h(ABSOLUTE) referenced from lld_evt.o(.text.lld_evt_adv_create)
 <LI><a href="#[62]">ble_config</a> from fw_symbols_mdk.h(ABSOLUTE) referenced from lld_evt.o(.text.lld_evt_deffered_elt_handler)
 <LI><a href="#[62]">ble_config</a> from fw_symbols_mdk.h(ABSOLUTE) referenced from lld_evt.o(.text.lld_evt_delete_elt_handler)
 <LI><a href="#[62]">ble_config</a> from fw_symbols_mdk.h(ABSOLUTE) referenced from lld_evt.o(.text.lld_evt_elt_insert)
 <LI><a href="#[62]">ble_config</a> from fw_symbols_mdk.h(ABSOLUTE) referenced from lld_evt.o(.text.lld_evt_end_isr)
 <LI><a href="#[62]">ble_config</a> from fw_symbols_mdk.h(ABSOLUTE) referenced from lld_evt.o(.text.lld_evt_init)
 <LI><a href="#[62]">ble_config</a> from fw_symbols_mdk.h(ABSOLUTE) referenced from lld_evt.o(.text.lld_evt_move_to_master)
 <LI><a href="#[62]">ble_config</a> from fw_symbols_mdk.h(ABSOLUTE) referenced from lld_evt.o(.text.lld_evt_move_to_slave)
 <LI><a href="#[62]">ble_config</a> from fw_symbols_mdk.h(ABSOLUTE) referenced 2 times from lld_evt.o(.text.lld_evt_restart)
 <LI><a href="#[62]">ble_config</a> from fw_symbols_mdk.h(ABSOLUTE) referenced from lld_evt.o(.text.lld_evt_scan_create)
 <LI><a href="#[62]">ble_config</a> from fw_symbols_mdk.h(ABSOLUTE) referenced from lld_evt.o(.text.lld_evt_schedule)
 <LI><a href="#[62]">ble_config</a> from fw_symbols_mdk.h(ABSOLUTE) referenced from lld_evt.o(.text.lld_evt_schedule_next)
 <LI><a href="#[62]">ble_config</a> from fw_symbols_mdk.h(ABSOLUTE) referenced from lld.o(.text.lld_init)
 <LI><a href="#[62]">ble_config</a> from fw_symbols_mdk.h(ABSOLUTE) referenced from lld.o(.text.lld_move_to_master)
 <LI><a href="#[62]">ble_config</a> from fw_symbols_mdk.h(ABSOLUTE) referenced from lld.o(.text.lld_move_to_slave)
 <LI><a href="#[62]">ble_config</a> from fw_symbols_mdk.h(ABSOLUTE) referenced from lld_pdu.o(.text.lld_pdu_check)
 <LI><a href="#[62]">ble_config</a> from fw_symbols_mdk.h(ABSOLUTE) referenced from lld_pdu.o(.text.lld_pdu_rx_handler)
 <LI><a href="#[62]">ble_config</a> from fw_symbols_mdk.h(ABSOLUTE) referenced from lld_pdu.o(.text.lld_pdu_tx_prog)
 <LI><a href="#[62]">ble_config</a> from fw_symbols_mdk.h(ABSOLUTE) referenced from lld.o(.text.lld_scan_start)
 <LI><a href="#[62]">ble_config</a> from fw_symbols_mdk.h(ABSOLUTE) referenced from lld_sleep.o(.text.lld_sleep_wakeup)
 <LI><a href="#[62]">ble_config</a> from fw_symbols_mdk.h(ABSOLUTE) referenced from llm.o(.text.llm_con_req_ind)
 <LI><a href="#[62]">ble_config</a> from fw_symbols_mdk.h(ABSOLUTE) referenced from llm.o(.text.llm_con_req_tx_cfm)
 <LI><a href="#[62]">ble_config</a> from fw_symbols_mdk.h(ABSOLUTE) referenced from llm.o(.text.llm_create_con)
 <LI><a href="#[62]">ble_config</a> from fw_symbols_mdk.h(ABSOLUTE) referenced from llm.o(.text.llm_encryption_start)
 <LI><a href="#[62]">ble_config</a> from fw_symbols_mdk.h(ABSOLUTE) referenced from llm.o(.text.llm_init)
 <LI><a href="#[62]">ble_config</a> from fw_symbols_mdk.h(ABSOLUTE) referenced 2 times from llm.o(.text.llm_le_adv_report_ind)
 <LI><a href="#[62]">ble_config</a> from fw_symbols_mdk.h(ABSOLUTE) referenced from llm_util.o(.text.llm_pdu_defer)
 <LI><a href="#[62]">ble_config</a> from fw_symbols_mdk.h(ABSOLUTE) referenced from llm.o(.text.llm_set_adv_en)
 <LI><a href="#[62]">ble_config</a> from fw_symbols_mdk.h(ABSOLUTE) referenced from llm.o(.text.llm_set_adv_param)
 <LI><a href="#[62]">ble_config</a> from fw_symbols_mdk.h(ABSOLUTE) referenced from llm.o(.text.llm_set_scan_en)
 <LI><a href="#[62]">ble_config</a> from fw_symbols_mdk.h(ABSOLUTE) referenced from llm.o(.text.llm_test_mode_start_rx)
 <LI><a href="#[62]">ble_config</a> from fw_symbols_mdk.h(ABSOLUTE) referenced from llm.o(.text.llm_test_mode_start_tx)
 <LI><a href="#[62]">ble_config</a> from fw_symbols_mdk.h(ABSOLUTE) referenced from rwble.o(.text.rwble_reset)
 <LI><a href="#[62]">ble_config</a> from fw_symbols_mdk.h(ABSOLUTE) referenced from nxp.o(.text.rwip_init)
 <LI><a href="#[62]">ble_config</a> from fw_symbols_mdk.h(ABSOLUTE) referenced from nxp.o(.text.rwip_lpcycles_2_us)
 <LI><a href="#[62]">ble_config</a> from fw_symbols_mdk.h(ABSOLUTE) referenced from nxp.o(.text.rwip_reset)
 <LI><a href="#[62]">ble_config</a> from fw_symbols_mdk.h(ABSOLUTE) referenced from nxp.o(.text.rwip_wakeup)
 <LI><a href="#[62]">ble_config</a> from fw_symbols_mdk.h(ABSOLUTE) referenced from controller_config.o(i.NXP_InitBleCfg)
 <LI><a href="#[9d]">co_null_bdaddr</a> from fw_symbols_mdk.h(ABSOLUTE) referenced from llm.o(.text.llm_create_con)
 <LI><a href="#[9d]">co_null_bdaddr</a> from fw_symbols_mdk.h(ABSOLUTE) referenced from llm.o(.text.llm_set_adv_en)
 <LI><a href="#[9d]">co_null_bdaddr</a> from fw_symbols_mdk.h(ABSOLUTE) referenced from llm.o(.text.llm_set_scan_en)
 <LI><a href="#[bb]">dbg_default_handler</a> from fw_symbols_mdk.h(ABSOLUTE) referenced from controller_config.o(.constdata)
 <LI><a href="#[bc]">dbg_state</a> from fw_symbols_mdk.h(ABSOLUTE) referenced from controller_config.o(.constdata)
 <LI><a href="#[82]">ecc_multiplication_event_handler</a> from ecc_p256.o(.text.ecc_multiplication_event_handler) referenced from ecc_p256.o(.text.ecc_init)
 <LI><a href="#[83]">em_buf_env</a> from fw_symbols_mdk.h(ABSOLUTE) referenced 2 times from em_buf.o(.text.em_buf_init)
 <LI><a href="#[83]">em_buf_env</a> from fw_symbols_mdk.h(ABSOLUTE) referenced from lld_evt.o(.text.lld_evt_end_isr)
 <LI><a href="#[83]">em_buf_env</a> from fw_symbols_mdk.h(ABSOLUTE) referenced from lld_pdu.o(.text.lld_pdu_rx_handler)
 <LI><a href="#[83]">em_buf_env</a> from fw_symbols_mdk.h(ABSOLUTE) referenced from lld_pdu.o(.text.lld_pdu_send_packet)
 <LI><a href="#[83]">em_buf_env</a> from fw_symbols_mdk.h(ABSOLUTE) referenced from lld_pdu.o(.text.lld_pdu_tx_prog)
 <LI><a href="#[83]">em_buf_env</a> from fw_symbols_mdk.h(ABSOLUTE) referenced from llm.o(.text.llm_create_con)
 <LI><a href="#[83]">em_buf_env</a> from fw_symbols_mdk.h(ABSOLUTE) referenced from llm.o(.text.llm_set_adv_en)
 <LI><a href="#[83]">em_buf_env</a> from fw_symbols_mdk.h(ABSOLUTE) referenced from llm.o(.text.llm_set_scan_en)
 <LI><a href="#[83]">em_buf_env</a> from fw_symbols_mdk.h(ABSOLUTE) referenced 2 times from llm.o(.text.llm_test_mode_start_tx)
 <LI><a href="#[63]">error</a> from fw_symbols_mdk.h(ABSOLUTE) referenced from qnble.o(.text.BLE_Init)
 <LI><a href="#[87]">h4tl_cmd_hdr_rx_evt_handler</a> from h4tl.o(.text.h4tl_cmd_hdr_rx_evt_handler) referenced from h4tl.o(.text.h4tl_init)
 <LI><a href="#[88]">h4tl_cmd_pld_rx_evt_handler</a> from h4tl.o(.text.h4tl_cmd_pld_rx_evt_handler) referenced from h4tl.o(.text.h4tl_init)
 <LI><a href="#[84]">h4tl_env</a> from fw_symbols_mdk.h(ABSOLUTE) referenced from h4tl.o(.text.h4tl_cmd_hdr_rx_evt_handler)
 <LI><a href="#[84]">h4tl_env</a> from fw_symbols_mdk.h(ABSOLUTE) referenced from h4tl.o(.text.h4tl_cmd_pld_rx_evt_handler)
 <LI><a href="#[84]">h4tl_env</a> from fw_symbols_mdk.h(ABSOLUTE) referenced from h4tl.o(.text.h4tl_init)
 <LI><a href="#[84]">h4tl_env</a> from fw_symbols_mdk.h(ABSOLUTE) referenced from h4tl.o(.text.h4tl_start)
 <LI><a href="#[84]">h4tl_env</a> from fw_symbols_mdk.h(ABSOLUTE) referenced from h4tl.o(.text.h4tl_tx_evt_handler)
 <LI><a href="#[84]">h4tl_env</a> from fw_symbols_mdk.h(ABSOLUTE) referenced from h4tl.o(.text.h4tl_write)
 <LI><a href="#[85]">h4tl_rx_done</a> from h4tl.o(.text.h4tl_rx_done) referenced from h4tl.o(.text.h4tl_cmd_hdr_rx_evt_handler)
 <LI><a href="#[85]">h4tl_rx_done</a> from h4tl.o(.text.h4tl_rx_done) referenced from h4tl.o(.text.h4tl_cmd_pld_rx_evt_handler)
 <LI><a href="#[85]">h4tl_rx_done</a> from h4tl.o(.text.h4tl_rx_done) referenced from h4tl.o(.text.h4tl_init)
 <LI><a href="#[85]">h4tl_rx_done</a> from h4tl.o(.text.h4tl_rx_done) referenced from h4tl.o(.text.h4tl_rx_done)
 <LI><a href="#[89]">h4tl_tx_done</a> from h4tl.o(.text.h4tl_tx_done) referenced from h4tl.o(.text.h4tl_write)
 <LI><a href="#[86]">h4tl_tx_evt_handler</a> from h4tl.o(.text.h4tl_tx_evt_handler) referenced from h4tl.o(.text.h4tl_init)
 <LI><a href="#[6c]">handleClientExchangeMtuRequest</a> from gatt_server.o(.text.handleClientExchangeMtuRequest) referenced from gatt_server.o(.text.InternalGattServer_Init)
 <LI><a href="#[6e]">handleClientFindByTypeValueRequest</a> from gatt_server.o(.text.handleClientFindByTypeValueRequest) referenced from gatt_server.o(.text.InternalGattServer_Init)
 <LI><a href="#[6d]">handleClientFindInformationRequest</a> from gatt_server.o(.text.handleClientFindInformationRequest) referenced from gatt_server.o(.text.InternalGattServer_Init)
 <LI><a href="#[77]">handleClientHandleValueConfirmation</a> from gatt_server.o(.text.handleClientHandleValueConfirmation) referenced from gatt_server.o(.text.InternalGattServer_Init)
 <LI><a href="#[71]">handleClientReadBlobRequest</a> from gatt_server.o(.text.handleClientReadBlobRequest) referenced from gatt_server.o(.text.InternalGattServer_Init)
 <LI><a href="#[73]">handleClientReadByGroupTypeRequest</a> from gatt_server.o(.text.handleClientReadByGroupTypeRequest) referenced from gatt_server.o(.text.InternalGattServer_Init)
 <LI><a href="#[6f]">handleClientReadByTypeRequest</a> from gatt_server.o(.text.handleClientReadByTypeRequest) referenced from gatt_server.o(.text.InternalGattServer_Init)
 <LI><a href="#[72]">handleClientReadMultipleRequest</a> from gatt_server.o(.text.handleClientReadMultipleRequest) referenced from gatt_server.o(.text.InternalGattServer_Init)
 <LI><a href="#[70]">handleClientReadRequest</a> from gatt_server.o(.text.handleClientReadRequest) referenced from gatt_server.o(.text.InternalGattServer_Init)
 <LI><a href="#[76]">handleClientSignedWriteCommand</a> from gatt_server.o(.text.handleClientSignedWriteCommand) referenced from gatt_server.o(.text.InternalGattServer_Init)
 <LI><a href="#[79]">handleClientTimeout</a> from gatt_server.o(.text.handleClientTimeout) referenced from gatt_server.o(.text.InternalGattServer_Init)
 <LI><a href="#[75]">handleClientWriteCommand</a> from gatt_server.o(.text.handleClientWriteCommand) referenced from gatt_server.o(.text.InternalGattServer_Init)
 <LI><a href="#[74]">handleClientWriteRequest</a> from gatt_server.o(.text.handleClientWriteRequest) referenced from gatt_server.o(.text.InternalGattServer_Init)
 <LI><a href="#[78]">handleUnsupportedOpcode</a> from gatt_server.o(.text.handleUnsupportedOpcode) referenced from gatt_server.o(.text.InternalGattServer_Init)
 <LI><a href="#[67]">hciCommandCompleteCallback</a> from gap_hci_cb.o(.text.hciCommandCompleteCallback) referenced from gap.o(.text.InternalBle_Initialize)
 <LI><a href="#[68]">hciCommandStatusCallback</a> from gap_hci_cb.o(.text.hciCommandStatusCallback) referenced from gap.o(.text.InternalBle_Initialize)
 <LI><a href="#[69]">hciGenericCallback</a> from gap_hci_cb.o(.text.hciGenericCallback) referenced from gap.o(.text.InternalBle_Initialize)
 <LI><a href="#[66]">hciLeCallback</a> from gap_hci_cb.o(.text.hciLeCallback) referenced from gap.o(.text.InternalBle_Initialize)
 <LI><a href="#[f3]">hci_command_handler</a> from llm_hci.o(.text.hci_command_handler) referenced from llm_task.o(.rodata.llm_default_state)
 <LI><a href="#[8d]">hci_env</a> from fw_symbols_mdk.h(ABSOLUTE) referenced from hci.o(.text.hci_send_2_host)
 <LI><a href="#[112]">hci_host_buf_size_cmd_handler</a> from fw_symbols_mdk.h(ABSOLUTE) referenced from llm_hci.o(.rodata.llm_hci_command_handler_tab)
 <LI><a href="#[113]">hci_host_nb_cmp_pkts_cmd_handler</a> from fw_symbols_mdk.h(ABSOLUTE) referenced from llm_hci.o(.rodata.llm_hci_command_handler_tab)
 <LI><a href="#[ff]">hci_le_create_con_cancel_cmd_handler</a> from fw_symbols_mdk.h(ABSOLUTE) referenced from llm_hci.o(.rodata.llm_hci_command_handler_tab)
 <LI><a href="#[fe]">hci_le_create_con_cmd_handler</a> from llm_hci.o(.text.hci_le_create_con_cmd_handler) referenced from llm_hci.o(.rodata.llm_hci_command_handler_tab)
 <LI><a href="#[103]">hci_le_enc_cmd_handler</a> from llm_hci.o(.text.hci_le_enc_cmd_handler) referenced from llm_hci.o(.rodata.llm_hci_command_handler_tab)
 <LI><a href="#[116]">hci_le_enh_privacy_info_cmd_handler</a> from fw_symbols_mdk.h(ABSOLUTE) referenced 3 times from llm_hci.o(.rodata.llm_hci_command_handler_tab)
 <LI><a href="#[115]">hci_le_enh_privacy_mgmt_cmd_handler</a> from llm_hci.o(.text.hci_le_enh_privacy_mgmt_cmd_handler) referenced 6 times from llm_hci.o(.rodata.llm_hci_command_handler_tab)
 <LI><a href="#[118]">hci_le_generate_dhkey_cmd_handler</a> from fw_symbols_mdk.h(ABSOLUTE) referenced from llm_hci.o(.rodata.llm_hci_command_handler_tab)
 <LI><a href="#[104]">hci_le_rand_cmd_handler</a> from fw_symbols_mdk.h(ABSOLUTE) referenced from llm_hci.o(.rodata.llm_hci_command_handler_tab)
 <LI><a href="#[f8]">hci_le_rd_adv_ch_tx_pw_cmd_handler</a> from fw_symbols_mdk.h(ABSOLUTE) referenced from llm_hci.o(.rodata.llm_hci_command_handler_tab)
 <LI><a href="#[f4]">hci_le_rd_buff_size_cmd_handler</a> from fw_symbols_mdk.h(ABSOLUTE) referenced from llm_hci.o(.rodata.llm_hci_command_handler_tab)
 <LI><a href="#[117]">hci_le_rd_local_p256_public_key_cmd_handler</a> from fw_symbols_mdk.h(ABSOLUTE) referenced from llm_hci.o(.rodata.llm_hci_command_handler_tab)
 <LI><a href="#[f5]">hci_le_rd_local_supp_feats_cmd_handler</a> from fw_symbols_mdk.h(ABSOLUTE) referenced from llm_hci.o(.rodata.llm_hci_command_handler_tab)
 <LI><a href="#[108]">hci_le_rd_max_data_len_cmd_handler</a> from fw_symbols_mdk.h(ABSOLUTE) referenced from llm_hci.o(.rodata.llm_hci_command_handler_tab)
 <LI><a href="#[106]">hci_le_rd_suggted_dft_data_len_cmd_handler</a> from fw_symbols_mdk.h(ABSOLUTE) referenced from llm_hci.o(.rodata.llm_hci_command_handler_tab)
 <LI><a href="#[105]">hci_le_rd_supp_states_cmd_handler</a> from fw_symbols_mdk.h(ABSOLUTE) referenced from llm_hci.o(.rodata.llm_hci_command_handler_tab)
 <LI><a href="#[101]">hci_le_rd_wl_size_cmd_handler</a> from fw_symbols_mdk.h(ABSOLUTE) referenced from llm_hci.o(.rodata.llm_hci_command_handler_tab)
 <LI><a href="#[f9]">hci_le_set_adv_data_cmd_handler</a> from llm_hci.o(.text.hci_le_set_adv_data_cmd_handler) referenced from llm_hci.o(.rodata.llm_hci_command_handler_tab)
 <LI><a href="#[fa]">hci_le_set_adv_en_cmd_handler</a> from llm_hci.o(.text.hci_le_set_adv_en_cmd_handler) referenced from llm_hci.o(.rodata.llm_hci_command_handler_tab)
 <LI><a href="#[f7]">hci_le_set_adv_param_cmd_handler</a> from llm_hci.o(.text.hci_le_set_adv_param_cmd_handler) referenced from llm_hci.o(.rodata.llm_hci_command_handler_tab)
 <LI><a href="#[119]">hci_le_set_dft_phy_cmd_handler</a> from fw_symbols_mdk.h(ABSOLUTE) referenced from llm_hci.o(.rodata.llm_hci_command_handler_tab)
 <LI><a href="#[8b]">hci_le_set_evt_mask_cmd_handler</a> from fw_symbols_mdk.h(ABSOLUTE) referenced from llm_hci.o(.rodata.llm_hci_command_handler_tab)
 <LI><a href="#[8b]">hci_le_set_evt_mask_cmd_handler</a> from fw_symbols_mdk.h(ABSOLUTE) referenced from llm_hci.o(.text.hci_command_handler)
 <LI><a href="#[100]">hci_le_set_host_ch_class_cmd_handler</a> from llm_hci.o(.text.hci_le_set_host_ch_class_cmd_handler) referenced from llm_hci.o(.rodata.llm_hci_command_handler_tab)
 <LI><a href="#[f6]">hci_le_set_rand_add_cmd_handler</a> from fw_symbols_mdk.h(ABSOLUTE) referenced from llm_hci.o(.rodata.llm_hci_command_handler_tab)
 <LI><a href="#[fd]">hci_le_set_scan_en_cmd_handler</a> from llm_hci.o(.text.hci_le_set_scan_en_cmd_handler) referenced from llm_hci.o(.rodata.llm_hci_command_handler_tab)
 <LI><a href="#[fc]">hci_le_set_scan_param_cmd_handler</a> from fw_symbols_mdk.h(ABSOLUTE) referenced from llm_hci.o(.rodata.llm_hci_command_handler_tab)
 <LI><a href="#[fb]">hci_le_set_scan_rsp_data_cmd_handler</a> from llm_hci.o(.text.hci_le_set_scan_rsp_data_cmd_handler) referenced from llm_hci.o(.rodata.llm_hci_command_handler_tab)
 <LI><a href="#[109]">hci_le_test_mode_mngt_cmd_handler</a> from llm_hci.o(.text.hci_le_test_mode_mngt_cmd_handler) referenced 5 times from llm_hci.o(.rodata.llm_hci_command_handler_tab)
 <LI><a href="#[102]">hci_le_wl_mngt_cmd_handler</a> from fw_symbols_mdk.h(ABSOLUTE) referenced 3 times from llm_hci.o(.rodata.llm_hci_command_handler_tab)
 <LI><a href="#[107]">hci_le_wr_suggted_dft_data_len_cmd_handler</a> from fw_symbols_mdk.h(ABSOLUTE) referenced from llm_hci.o(.rodata.llm_hci_command_handler_tab)
 <LI><a href="#[10b]">hci_rd_bd_addr_cmd_handler</a> from fw_symbols_mdk.h(ABSOLUTE) referenced from llm_hci.o(.rodata.llm_hci_command_handler_tab)
 <LI><a href="#[114]">hci_rd_buff_size_cmd_handler</a> from fw_symbols_mdk.h(ABSOLUTE) referenced from llm_hci.o(.rodata.llm_hci_command_handler_tab)
 <LI><a href="#[10d]">hci_rd_local_supp_cmds_cmd_handler</a> from fw_symbols_mdk.h(ABSOLUTE) referenced from llm_hci.o(.rodata.llm_hci_command_handler_tab)
 <LI><a href="#[10e]">hci_rd_local_supp_feats_cmd_handler</a> from fw_symbols_mdk.h(ABSOLUTE) referenced from llm_hci.o(.rodata.llm_hci_command_handler_tab)
 <LI><a href="#[10c]">hci_rd_local_ver_info_cmd_handler</a> from llm_hci.o(.text.hci_rd_local_ver_info_cmd_handler) referenced from llm_hci.o(.rodata.llm_hci_command_handler_tab)
 <LI><a href="#[10a]">hci_reset_cmd_handler</a> from llm_hci.o(.text.hci_reset_cmd_handler) referenced from llm_hci.o(.rodata.llm_hci_command_handler_tab)
 <LI><a href="#[10f]">hci_set_ctrl_to_host_flow_ctrl_cmd_handler</a> from fw_symbols_mdk.h(ABSOLUTE) referenced from llm_hci.o(.rodata.llm_hci_command_handler_tab)
 <LI><a href="#[110]">hci_set_evt_mask_cmd_handler</a> from fw_symbols_mdk.h(ABSOLUTE) referenced from llm_hci.o(.rodata.llm_hci_command_handler_tab)
 <LI><a href="#[111]">hci_set_evt_mask_page_2_cmd_handler</a> from fw_symbols_mdk.h(ABSOLUTE) referenced from llm_hci.o(.rodata.llm_hci_command_handler_tab)
 <LI><a href="#[8a]">hci_tl_env</a> from fw_symbols_mdk.h(ABSOLUTE) referenced from hci_tl.o(.text.hci_acl_tx_data_received)
 <LI><a href="#[8a]">hci_tl_env</a> from fw_symbols_mdk.h(ABSOLUTE) referenced from hci_tl.o(.text.hci_cmd_received)
 <LI><a href="#[8a]">hci_tl_env</a> from fw_symbols_mdk.h(ABSOLUTE) referenced 2 times from hci_tl.o(.text.hci_tl_send)
 <LI><a href="#[8e]">hci_tx_done</a> from fw_symbols_mdk.h(ABSOLUTE) referenced from hci_tl.o(.text.hci_tl_send)
 <LI><a href="#[6b]">ldmTimeout</a> from gap.o(.text.ldmTimeout) referenced from gap.o(.text.InternalGap_StartAdvertising)
 <LI><a href="#[c7]">llc_auth_payl_nearly_to_ind_handler</a> from llc_task.o(.text.llc_auth_payl_nearly_to_ind_handler) referenced from llc_task.o(.rodata.llc_default_state)
 <LI><a href="#[c8]">llc_auth_payl_real_to_ind_handler</a> from fw_symbols_mdk.h(ABSOLUTE) referenced from llc_task.o(.rodata.llc_default_state)
 <LI><a href="#[ce]">llc_chmap_update_req_ind_handler</a> from llc_task.o(.text.llc_chmap_update_req_ind_handler) referenced from llc_task.o(.rodata.llc_default_state)
 <LI><a href="#[ca]">llc_chnl_assess_timer_handler</a> from llc_task.o(.text.llc_chnl_assess_timer_handler) referenced from llc_task.o(.rodata.llc_default_state)
 <LI><a href="#[cd]">llc_con_upd_req_ind_handler</a> from llc_task.o(.text.llc_con_upd_req_ind_handler) referenced from llc_task.o(.rodata.llc_default_state)
 <LI><a href="#[d4]">llc_data_ind_handler</a> from llc_task.o(.text.llc_data_ind_handler) referenced from llc_task.o(.rodata.llc_default_state)
 <LI><a href="#[c4]">llc_dft_handler</a> from fw_symbols_mdk.h(ABSOLUTE) referenced from llc_task.o(.rodata.llc_default_state)
 <LI><a href="#[cb]">llc_enc_mgt_ind_handler</a> from llc_task.o(.text.llc_enc_mgt_ind_handler) referenced from llc_task.o(.rodata.llc_default_state)
 <LI><a href="#[8f]">llc_env</a> from fw_symbols_mdk.h(ABSOLUTE) referenced from llc_task.o(.text.llc_auth_payl_nearly_to_ind_handler)
 <LI><a href="#[8f]">llc_env</a> from fw_symbols_mdk.h(ABSOLUTE) referenced from llc_ch_asses.o(.text.llc_ch_assess_get_local_ch_map)
 <LI><a href="#[8f]">llc_env</a> from fw_symbols_mdk.h(ABSOLUTE) referenced from llc_ch_asses.o(.text.llc_ch_assess_reass_ch)
 <LI><a href="#[8f]">llc_env</a> from fw_symbols_mdk.h(ABSOLUTE) referenced from llc_task.o(.text.llc_chmap_update_req_ind_handler)
 <LI><a href="#[8f]">llc_env</a> from fw_symbols_mdk.h(ABSOLUTE) referenced from llc_task.o(.text.llc_chnl_assess_timer_handler)
 <LI><a href="#[8f]">llc_env</a> from fw_symbols_mdk.h(ABSOLUTE) referenced from llc_task.o(.text.llc_con_upd_req_ind_handler)
 <LI><a href="#[8f]">llc_env</a> from fw_symbols_mdk.h(ABSOLUTE) referenced from llc.o(.text.llc_con_update_complete_send)
 <LI><a href="#[8f]">llc_env</a> from fw_symbols_mdk.h(ABSOLUTE) referenced from llc.o(.text.llc_con_update_finished)
 <LI><a href="#[8f]">llc_env</a> from fw_symbols_mdk.h(ABSOLUTE) referenced from llc.o(.text.llc_con_update_ind)
 <LI><a href="#[8f]">llc_env</a> from fw_symbols_mdk.h(ABSOLUTE) referenced from llc_task.o(.text.llc_data_ind_handler)
 <LI><a href="#[8f]">llc_env</a> from fw_symbols_mdk.h(ABSOLUTE) referenced from llc_task.o(.text.llc_enc_mgt_ind_handler)
 <LI><a href="#[8f]">llc_env</a> from fw_symbols_mdk.h(ABSOLUTE) referenced from llc_util.o(.text.llc_end_evt_defer)
 <LI><a href="#[8f]">llc_env</a> from fw_symbols_mdk.h(ABSOLUTE) referenced from llc.o(.text.llc_init)
 <LI><a href="#[8f]">llc_env</a> from fw_symbols_mdk.h(ABSOLUTE) referenced from llc_task.o(.text.llc_length_req_ind_handler)
 <LI><a href="#[8f]">llc_env</a> from fw_symbols_mdk.h(ABSOLUTE) referenced from llc_llcp.o(.text.llc_llcp_ch_map_update_pdu_send)
 <LI><a href="#[8f]">llc_env</a> from fw_symbols_mdk.h(ABSOLUTE) referenced from llc_llcp.o(.text.llc_llcp_con_param_req_pdu_send)
 <LI><a href="#[8f]">llc_env</a> from fw_symbols_mdk.h(ABSOLUTE) referenced from llc_llcp.o(.text.llc_llcp_con_param_rsp_pdu_send)
 <LI><a href="#[8f]">llc_env</a> from fw_symbols_mdk.h(ABSOLUTE) referenced from llc_llcp.o(.text.llc_llcp_con_update_pdu_send)
 <LI><a href="#[8f]">llc_env</a> from fw_symbols_mdk.h(ABSOLUTE) referenced from llc_llcp.o(.text.llc_llcp_enc_req_pdu_send)
 <LI><a href="#[8f]">llc_env</a> from fw_symbols_mdk.h(ABSOLUTE) referenced from llc_llcp.o(.text.llc_llcp_enc_rsp_pdu_send)
 <LI><a href="#[8f]">llc_env</a> from fw_symbols_mdk.h(ABSOLUTE) referenced from llc_llcp.o(.text.llc_llcp_length_req_pdu_send)
 <LI><a href="#[8f]">llc_env</a> from fw_symbols_mdk.h(ABSOLUTE) referenced from llc_llcp.o(.text.llc_llcp_pause_enc_req_pdu_send)
 <LI><a href="#[8f]">llc_env</a> from fw_symbols_mdk.h(ABSOLUTE) referenced from llc_llcp.o(.text.llc_llcp_pause_enc_rsp_pdu_send)
 <LI><a href="#[8f]">llc_env</a> from fw_symbols_mdk.h(ABSOLUTE) referenced from llc_llcp.o(.text.llc_llcp_phy_req_pdu_send)
[...]
</UL>
<P><STRONG><a name="[11f]"></a>SmState_ResponderWaitForUlKeysetResponse</STRONG> (Thumb, 546 bytes, Stack size unknown bytes, sm_states.o(.text.SmState_ResponderWaitForUlKeysetResponse))
<BR><BR>[Stack]<UL><LI>Max Depth = 44 + Unknown Stack Size
<LI>Call Chain = SmState_ResponderWaitForUlKeysetResponse &rArr; Sm_SendPacketToL2cap &rArr; L2ca_SendSmpData &rArr; L2caRm_HandleSendData &rArr; MEM_BufferFree &rArr; ListAddTail &rArr; OSA_InterruptEnable
</UL>
<BR>[Calls]<UL><LI><a href="#[2b6]">&gt;&gt;</a>&nbsp;&nbsp;&nbsp;Sm_SendPacketToL2cap
<LI><a href="#[29e]">&gt;&gt;</a>&nbsp;&nbsp;&nbsp;SmDebug_LogFnc
<LI><a href="#[2bb]">&gt;&gt;</a>&nbsp;&nbsp;&nbsp;Sm_SendEventToUpperLayer
<LI><a href="#[29d]">&gt;&gt;</a>&nbsp;&nbsp;&nbsp;SmBuildPacket_SmpKeyDistEncryptionInformation
<LI><a href="#[2a2]">&gt;&gt;</a>&nbsp;&nbsp;&nbsp;SmBuildPacket_SmpKeyDistSigningInformation
<LI><a href="#[29f]">&gt;&gt;</a>&nbsp;&nbsp;&nbsp;SmBuildPacket_SmpKeyDistIdentityAddressInformation
<LI><a href="#[2a0]">&gt;&gt;</a>&nbsp;&nbsp;&nbsp;SmBuildPacket_SmpKeyDistIdentityInformation
<LI><a href="#[2a1]">&gt;&gt;</a>&nbsp;&nbsp;&nbsp;SmBuildPacket_SmpKeyDistMasterIdentification
<LI><a href="#[2c2]">&gt;&gt;</a>&nbsp;&nbsp;&nbsp;SmStates_HandleUnexpectedPacket.isra.4
<LI><a href="#[2c1]">&gt;&gt;</a>&nbsp;&nbsp;&nbsp;SmStates_HandleRemotePairingFailure
<LI><a href="#[2b8]">&gt;&gt;</a>&nbsp;&nbsp;&nbsp;SmStates_GeneratePairingFailedPacketAndEvent
<LI><a href="#[2c0]">&gt;&gt;</a>&nbsp;&nbsp;&nbsp;SmStates_BuildAndSendPairingCompleteEvent
<LI><a href="#[2bf]">&gt;&gt;</a>&nbsp;&nbsp;&nbsp;Sm_KeyDistDeteminePacketList
<LI><a href="#[2be]">&gt;&gt;</a>&nbsp;&nbsp;&nbsp;SmStates_CheckIfLinkEncryptionHciEvent
</UL>
<BR>[Address Reference Count : 1]<UL><LI> sm_states.o(.rodata.smStateTable)
</UL>
<P><STRONG><a name="[11e]"></a>SmState_WaitForMasterStkEncryption</STRONG> (Thumb, 644 bytes, Stack size unknown bytes, sm_states.o(.text.SmState_WaitForMasterStkEncryption))
<BR><BR>[Stack]<UL><LI>Max Depth = 116 + Unknown Stack Size
<LI>Call Chain = SmState_WaitForMasterStkEncryption &rArr; SmCrypto_SmpS1 &rArr; AES_128_Encrypt &rArr; sw_Aes128 &rArr; AES_InverseMixColumn
</UL>
<BR>[Calls]<UL><LI><a href="#[141]">&gt;&gt;</a>&nbsp;&nbsp;&nbsp;FLib_MemSet
<LI><a href="#[140]">&gt;&gt;</a>&nbsp;&nbsp;&nbsp;FLib_MemCpy
<LI><a href="#[2cf]">&gt;&gt;</a>&nbsp;&nbsp;&nbsp;Hci_LeLongTermKeyRequestReply
<LI><a href="#[29e]">&gt;&gt;</a>&nbsp;&nbsp;&nbsp;SmDebug_LogFnc
<LI><a href="#[2bb]">&gt;&gt;</a>&nbsp;&nbsp;&nbsp;Sm_SendEventToUpperLayer
<LI><a href="#[2b5]">&gt;&gt;</a>&nbsp;&nbsp;&nbsp;SmCrypto_SmpS1
<LI><a href="#[2c2]">&gt;&gt;</a>&nbsp;&nbsp;&nbsp;SmStates_HandleUnexpectedPacket.isra.4
<LI><a href="#[2c1]">&gt;&gt;</a>&nbsp;&nbsp;&nbsp;SmStates_HandleRemotePairingFailure
<LI><a href="#[2b8]">&gt;&gt;</a>&nbsp;&nbsp;&nbsp;SmStates_GeneratePairingFailedPacketAndEvent
<LI><a href="#[2c0]">&gt;&gt;</a>&nbsp;&nbsp;&nbsp;SmStates_BuildAndSendPairingCompleteEvent
<LI><a href="#[2bf]">&gt;&gt;</a>&nbsp;&nbsp;&nbsp;Sm_KeyDistDeteminePacketList
</UL>
<BR>[Address Reference Count : 1]<UL><LI> sm_states.o(.rodata.smStateTable)
</UL>
<P><STRONG><a name="[11d]"></a>SmState_WaitForMrand</STRONG> (Thumb, 322 bytes, Stack size unknown bytes, sm_states.o(.text.SmState_WaitForMrand))
<BR><BR>[Stack]<UL><LI>Max Depth = 116 + Unknown Stack Size
<LI>Call Chain = SmState_WaitForMrand &rArr; SmCrypto_SmpC1 &rArr; AES_128_Encrypt &rArr; sw_Aes128 &rArr; AES_InverseMixColumn
</UL>
<BR>[Calls]<UL><LI><a href="#[149]">&gt;&gt;</a>&nbsp;&nbsp;&nbsp;FLib_MemCmp
<LI><a href="#[2b6]">&gt;&gt;</a>&nbsp;&nbsp;&nbsp;Sm_SendPacketToL2cap
<LI><a href="#[29e]">&gt;&gt;</a>&nbsp;&nbsp;&nbsp;SmDebug_LogFnc
<LI><a href="#[2af]">&gt;&gt;</a>&nbsp;&nbsp;&nbsp;SmCrypto_SmpC1
<LI><a href="#[2cb]">&gt;&gt;</a>&nbsp;&nbsp;&nbsp;SmUnpack_SmpPairingRandom
<LI><a href="#[2a8]">&gt;&gt;</a>&nbsp;&nbsp;&nbsp;SmBuildPacket_SmpPairingRandom
<LI><a href="#[2c2]">&gt;&gt;</a>&nbsp;&nbsp;&nbsp;SmStates_HandleUnexpectedPacket.isra.4
<LI><a href="#[2c1]">&gt;&gt;</a>&nbsp;&nbsp;&nbsp;SmStates_HandleRemotePairingFailure
<LI><a href="#[2bc]">&gt;&gt;</a>&nbsp;&nbsp;&nbsp;SmStates_HandleInvalidUnknownPacket
<LI><a href="#[2b8]">&gt;&gt;</a>&nbsp;&nbsp;&nbsp;SmStates_GeneratePairingFailedPacketAndEvent
<LI><a href="#[2be]">&gt;&gt;</a>&nbsp;&nbsp;&nbsp;SmStates_CheckIfLinkEncryptionHciEvent
</UL>
<BR>[Address Reference Count : 1]<UL><LI> sm_states.o(.rodata.smStateTable)
</UL>
<P><STRONG><a name="[11c]"></a>SmState_WaitForTKeyAndMconfirm</STRONG> (Thumb, 608 bytes, Stack size unknown bytes, sm_states.o(.text.SmState_WaitForTKeyAndMconfirm))
<BR><BR>[Stack]<UL><LI>Max Depth = 344 + Unknown Stack Size
<LI>Call Chain = SmState_WaitForTKeyAndMconfirm &rArr; RNG_GetPseudoRandomNo &rArr; SHA256_Hash &rArr; SHA256_HashUpdate &rArr; SHA256_hash_n &rArr; sw_sha256_hash_n
</UL>
<BR>[Calls]<UL><LI><a href="#[136]">&gt;&gt;</a>&nbsp;&nbsp;&nbsp;RNG_GetPseudoRandomNo
<LI><a href="#[140]">&gt;&gt;</a>&nbsp;&nbsp;&nbsp;FLib_MemCpy
<LI><a href="#[2b6]">&gt;&gt;</a>&nbsp;&nbsp;&nbsp;Sm_SendPacketToL2cap
<LI><a href="#[29e]">&gt;&gt;</a>&nbsp;&nbsp;&nbsp;SmDebug_LogFnc
<LI><a href="#[2bb]">&gt;&gt;</a>&nbsp;&nbsp;&nbsp;Sm_SendEventToUpperLayer
<LI><a href="#[2af]">&gt;&gt;</a>&nbsp;&nbsp;&nbsp;SmCrypto_SmpC1
<LI><a href="#[2ce]">&gt;&gt;</a>&nbsp;&nbsp;&nbsp;SmUnpack_SmpPairingConfirm
<LI><a href="#[2a3]">&gt;&gt;</a>&nbsp;&nbsp;&nbsp;SmBuildPacket_SmpKeypressNotification
<LI><a href="#[2a4]">&gt;&gt;</a>&nbsp;&nbsp;&nbsp;SmBuildPacket_SmpPairingConfirm
<LI><a href="#[2c2]">&gt;&gt;</a>&nbsp;&nbsp;&nbsp;SmStates_HandleUnexpectedPacket.isra.4
<LI><a href="#[2c1]">&gt;&gt;</a>&nbsp;&nbsp;&nbsp;SmStates_HandleRemotePairingFailure
<LI><a href="#[2bc]">&gt;&gt;</a>&nbsp;&nbsp;&nbsp;SmStates_HandleInvalidUnknownPacket
<LI><a href="#[2b8]">&gt;&gt;</a>&nbsp;&nbsp;&nbsp;SmStates_GeneratePairingFailedPacketAndEvent
<LI><a href="#[2be]">&gt;&gt;</a>&nbsp;&nbsp;&nbsp;SmStates_CheckIfLinkEncryptionHciEvent
</UL>
<BR>[Address Reference Count : 1]<UL><LI> sm_states.o(.rodata.smStateTable)
</UL>
<P><STRONG><a name="[11b]"></a>SmState_WaitForPairingResponseParams</STRONG> (Thumb, 1176 bytes, Stack size unknown bytes, sm_states.o(.text.SmState_WaitForPairingResponseParams))
<BR><BR>[Stack]<UL><LI>Max Depth = 400 + Unknown Stack Size
<LI>Call Chain = SmState_WaitForPairingResponseParams &rArr; SmStates_GenerateEcdhKeyPairAndOobRAndOobCr &rArr; ECDH_P256_GenerateKeys &rArr; Ecdh_GenerateNewKeys &rArr; RNG_GetPseudoRandomNo &rArr; SHA256_Hash &rArr; SHA256_HashUpdate &rArr; SHA256_hash_n &rArr; sw_sha256_hash_n
</UL>
<BR>[Calls]<UL><LI><a href="#[141]">&gt;&gt;</a>&nbsp;&nbsp;&nbsp;FLib_MemSet
<LI><a href="#[140]">&gt;&gt;</a>&nbsp;&nbsp;&nbsp;FLib_MemCpy
<LI><a href="#[2b6]">&gt;&gt;</a>&nbsp;&nbsp;&nbsp;Sm_SendPacketToL2cap
<LI><a href="#[29e]">&gt;&gt;</a>&nbsp;&nbsp;&nbsp;SmDebug_LogFnc
<LI><a href="#[2bb]">&gt;&gt;</a>&nbsp;&nbsp;&nbsp;Sm_SendEventToUpperLayer
<LI><a href="#[2a9]">&gt;&gt;</a>&nbsp;&nbsp;&nbsp;SmBuildPacket_SmpPairingRequestRespose
<LI><a href="#[2c2]">&gt;&gt;</a>&nbsp;&nbsp;&nbsp;SmStates_HandleUnexpectedPacket.isra.4
<LI><a href="#[2d0]">&gt;&gt;</a>&nbsp;&nbsp;&nbsp;SmStates_GenerateEcdhKeyPairAndOobRAndOobCr
<LI><a href="#[2c1]">&gt;&gt;</a>&nbsp;&nbsp;&nbsp;SmStates_HandleRemotePairingFailure
<LI><a href="#[2b8]">&gt;&gt;</a>&nbsp;&nbsp;&nbsp;SmStates_GeneratePairingFailedPacketAndEvent
<LI><a href="#[2ca]">&gt;&gt;</a>&nbsp;&nbsp;&nbsp;Sm_GeneratePasskey
<LI><a href="#[2be]">&gt;&gt;</a>&nbsp;&nbsp;&nbsp;SmStates_CheckIfLinkEncryptionHciEvent
</UL>
<BR>[Address Reference Count : 1]<UL><LI> sm_states.o(.rodata.smStateTable)
</UL>
<P><STRONG><a name="[2d6]"></a>SmStates_SmpIdleStateCleanup</STRONG> (Thumb, 48 bytes, Stack size unknown bytes, sm_states.o(.text.SmStates_SmpIdleStateCleanup))
<BR><BR>[Stack]<UL><LI>Max Depth = 24 + Unknown Stack Size
<LI>Call Chain = SmStates_SmpIdleStateCleanup &rArr; TMR_StopTimer &rArr; StackTimer_Disable
</UL>
<BR>[Calls]<UL><LI><a href="#[1c4]">&gt;&gt;</a>&nbsp;&nbsp;&nbsp;TMR_IsTimerActive
<LI><a href="#[1c5]">&gt;&gt;</a>&nbsp;&nbsp;&nbsp;TMR_StopTimer
</UL>
<BR>[Called By]<UL><LI><a href="#[2db]">&gt;&gt;</a>&nbsp;&nbsp;&nbsp;SmStates_HandleSmDeviceGlobalMessages.isra.8
<LI><a href="#[2d5]">&gt;&gt;</a>&nbsp;&nbsp;&nbsp;SmStates_CallSmpStateMachine
</UL>

<P><STRONG><a name="[2d5]"></a>SmStates_CallSmpStateMachine</STRONG> (Thumb, 56 bytes, Stack size unknown bytes, sm_states.o(.text.SmStates_CallSmpStateMachine))
<BR><BR>[Stack]<UL><LI>Max Depth = 24 + Unknown Stack Size
<LI>Call Chain = SmStates_CallSmpStateMachine &rArr; SmStates_SmpIdleStateCleanup &rArr; TMR_StopTimer &rArr; StackTimer_Disable
</UL>
<BR>[Calls]<UL><LI><a href="#[29e]">&gt;&gt;</a>&nbsp;&nbsp;&nbsp;SmDebug_LogFnc
<LI><a href="#[2d6]">&gt;&gt;</a>&nbsp;&nbsp;&nbsp;SmStates_SmpIdleStateCleanup
</UL>
<BR>[Called By]<UL><LI><a href="#[2dc]">&gt;&gt;</a>&nbsp;&nbsp;&nbsp;SmStates_RunStateMachine
</UL>

<P><STRONG><a name="[2db]"></a>SmStates_HandleSmDeviceGlobalMessages.isra.8</STRONG> (Thumb, 278 bytes, Stack size unknown bytes, sm_states.o(.text.SmStates_HandleSmDeviceGlobalMessages.isra.8))
<BR><BR>[Stack]<UL><LI>Max Depth = 40 + Unknown Stack Size
<LI>Call Chain = SmStates_HandleSmDeviceGlobalMessages.isra.8 &rArr; TMR_FreeTimer &rArr; TMR_StopTimer &rArr; StackTimer_Disable
</UL>
<BR>[Calls]<UL><LI><a href="#[1c4]">&gt;&gt;</a>&nbsp;&nbsp;&nbsp;TMR_IsTimerActive
<LI><a href="#[1c5]">&gt;&gt;</a>&nbsp;&nbsp;&nbsp;TMR_StopTimer
<LI><a href="#[18d]">&gt;&gt;</a>&nbsp;&nbsp;&nbsp;TMR_FreeTimer
<LI><a href="#[18b]">&gt;&gt;</a>&nbsp;&nbsp;&nbsp;TMR_AllocateTimer
<LI><a href="#[29e]">&gt;&gt;</a>&nbsp;&nbsp;&nbsp;SmDebug_LogFnc
<LI><a href="#[2bb]">&gt;&gt;</a>&nbsp;&nbsp;&nbsp;Sm_SendEventToUpperLayer
<LI><a href="#[2d6]">&gt;&gt;</a>&nbsp;&nbsp;&nbsp;SmStates_SmpIdleStateCleanup
</UL>
<BR>[Called By]<UL><LI><a href="#[2dc]">&gt;&gt;</a>&nbsp;&nbsp;&nbsp;SmStates_RunStateMachine
</UL>

<P><STRONG><a name="[1dd]"></a>findNextDbIndexFor16BitUuidAndValue</STRONG> (Thumb, 100 bytes, Stack size unknown bytes, gatt_db_att.o(.text.findNextDbIndexFor16BitUuidAndValue))
<BR><BR>[Called By]<UL><LI><a href="#[1dc]">&gt;&gt;</a>&nbsp;&nbsp;&nbsp;GattDb_AttFindByTypeValue
</UL>

<P><STRONG><a name="[1ec]"></a>writeAttribute</STRONG> (Thumb, 36 bytes, Stack size unknown bytes, gatt_db_att.o(.text.writeAttribute))
<BR><BR>[Called By]<UL><LI><a href="#[1eb]">&gt;&gt;</a>&nbsp;&nbsp;&nbsp;GattDb_AttSignedWriteCommand
<LI><a href="#[1ee]">&gt;&gt;</a>&nbsp;&nbsp;&nbsp;GattDb_AttWriteCommand
<LI><a href="#[1ed]">&gt;&gt;</a>&nbsp;&nbsp;&nbsp;GattDb_AttWrite
</UL>

<P><STRONG><a name="[1e3]"></a>readPartAttributeValue</STRONG> (Thumb, 120 bytes, Stack size unknown bytes, gatt_db_att.o(.text.readPartAttributeValue))
<BR><BR>[Calls]<UL><LI><a href="#[253]">&gt;&gt;</a>&nbsp;&nbsp;&nbsp;DevDb_GetCccd
</UL>
<BR>[Called By]<UL><LI><a href="#[1e0]">&gt;&gt;</a>&nbsp;&nbsp;&nbsp;GattDb_AttPrepareNotificationIndication
<LI><a href="#[1e8]">&gt;&gt;</a>&nbsp;&nbsp;&nbsp;GattDb_AttReadByType
<LI><a href="#[1e4]">&gt;&gt;</a>&nbsp;&nbsp;&nbsp;GattDb_AttRead
<LI><a href="#[1e5]">&gt;&gt;</a>&nbsp;&nbsp;&nbsp;GattDb_AttReadBlob
<LI><a href="#[1ea]">&gt;&gt;</a>&nbsp;&nbsp;&nbsp;GattDb_AttReadMultiple
<LI><a href="#[1e6]">&gt;&gt;</a>&nbsp;&nbsp;&nbsp;GattDb_AttReadByGroupType
</UL>

<P><STRONG><a name="[1e7]"></a>findNextDbIndexForReadByGroupTypeUuid</STRONG> (Thumb, 196 bytes, Stack size unknown bytes, gatt_db_att.o(.text.findNextDbIndexForReadByGroupTypeUuid))
<BR><BR>[Called By]<UL><LI><a href="#[1e6]">&gt;&gt;</a>&nbsp;&nbsp;&nbsp;GattDb_AttReadByGroupType
</UL>

<P><STRONG><a name="[1e9]"></a>findNextDbIndexForReadByTypeUuid</STRONG> (Thumb, 196 bytes, Stack size unknown bytes, gatt_db_att.o(.text.findNextDbIndexForReadByGroupTypeUuid))
<BR><BR>[Called By]<UL><LI><a href="#[1e8]">&gt;&gt;</a>&nbsp;&nbsp;&nbsp;GattDb_AttReadByType
</UL>

<P><STRONG><a name="[301]"></a>gap_cm_checkNextIrk</STRONG> (Thumb, 176 bytes, Stack size unknown bytes, gap_cm.o(.text.gap_cm_checkNextIrk))
<BR><BR>[Stack]<UL><LI>Max Depth = 400 + Unknown Stack Size
<LI>Call Chain = gap_cm_checkNextIrk &rArr; Sm_SendCmd &rArr; SmStates_RunStateMachine &rArr; SmStates_GenerateEcdhKeyPairAndOobRAndOobCr &rArr; ECDH_P256_GenerateKeys &rArr; Ecdh_GenerateNewKeys &rArr; RNG_GetPseudoRandomNo &rArr; SHA256_Hash &rArr; SHA256_HashUpdate &rArr; SHA256_hash_n &rArr; sw_sha256_hash_n
</UL>
<BR>[Calls]<UL><LI><a href="#[140]">&gt;&gt;</a>&nbsp;&nbsp;&nbsp;FLib_MemCpy
<LI><a href="#[260]">&gt;&gt;</a>&nbsp;&nbsp;&nbsp;InternalGap_PostSmCheckResult
<LI><a href="#[1c1]">&gt;&gt;</a>&nbsp;&nbsp;&nbsp;gap_triggerGenericCallback
<LI><a href="#[1af]">&gt;&gt;</a>&nbsp;&nbsp;&nbsp;DevDb_CheckIfBondedDeviceHasDistributedIrk
<LI><a href="#[1b4]">&gt;&gt;</a>&nbsp;&nbsp;&nbsp;DevDb_GetBondedDeviceIrk
<LI><a href="#[250]">&gt;&gt;</a>&nbsp;&nbsp;&nbsp;gap_triggerConnectionCallback
<LI><a href="#[24f]">&gt;&gt;</a>&nbsp;&nbsp;&nbsp;Sm_SendCmd
</UL>
<BR>[Called By]<UL><LI><a href="#[25b]">&gt;&gt;</a>&nbsp;&nbsp;&nbsp;gap_cm_irkCheckComplete
<LI><a href="#[303]">&gt;&gt;</a>&nbsp;&nbsp;&nbsp;gap_cm_notifyConnectedDevice
</UL>

<P><STRONG><a name="[300]"></a>verifySignature</STRONG> (Thumb, 160 bytes, Stack size unknown bytes, gap_cm.o(.text.verifySignature))
<BR><BR>[Stack]<UL><LI>Max Depth = 400 + Unknown Stack Size
<LI>Call Chain = verifySignature &rArr; Sm_SendCmd &rArr; SmStates_RunStateMachine &rArr; SmStates_GenerateEcdhKeyPairAndOobRAndOobCr &rArr; ECDH_P256_GenerateKeys &rArr; Ecdh_GenerateNewKeys &rArr; RNG_GetPseudoRandomNo &rArr; SHA256_Hash &rArr; SHA256_HashUpdate &rArr; SHA256_hash_n &rArr; sw_sha256_hash_n
</UL>
<BR>[Calls]<UL><LI><a href="#[140]">&gt;&gt;</a>&nbsp;&nbsp;&nbsp;FLib_MemCpy
<LI><a href="#[260]">&gt;&gt;</a>&nbsp;&nbsp;&nbsp;InternalGap_PostSmCheckResult
<LI><a href="#[1c1]">&gt;&gt;</a>&nbsp;&nbsp;&nbsp;gap_triggerGenericCallback
<LI><a href="#[24f]">&gt;&gt;</a>&nbsp;&nbsp;&nbsp;Sm_SendCmd
</UL>
<BR>[Called By]<UL><LI><a href="#[302]">&gt;&gt;</a>&nbsp;&nbsp;&nbsp;gap_cm_handleSignedWriteCommand
<LI><a href="#[2ff]">&gt;&gt;</a>&nbsp;&nbsp;&nbsp;gap_cm_checkNextCsrk
</UL>

<P><STRONG><a name="[2ff]"></a>gap_cm_checkNextCsrk</STRONG> (Thumb, 80 bytes, Stack size unknown bytes, gap_cm.o(.text.gap_cm_checkNextCsrk))
<BR><BR>[Stack]<UL><LI>Max Depth = 400 + Unknown Stack Size
<LI>Call Chain = gap_cm_checkNextCsrk &rArr; verifySignature &rArr; Sm_SendCmd &rArr; SmStates_RunStateMachine &rArr; SmStates_GenerateEcdhKeyPairAndOobRAndOobCr &rArr; ECDH_P256_GenerateKeys &rArr; Ecdh_GenerateNewKeys &rArr; RNG_GetPseudoRandomNo &rArr; SHA256_Hash &rArr; SHA256_HashUpdate &rArr; SHA256_hash_n &rArr; sw_sha256_hash_n
</UL>
<BR>[Calls]<UL><LI><a href="#[1b5]">&gt;&gt;</a>&nbsp;&nbsp;&nbsp;DevDb_GetBondedDeviceSignCounter
<LI><a href="#[1b2]">&gt;&gt;</a>&nbsp;&nbsp;&nbsp;DevDb_GetBondedDeviceCsrk
<LI><a href="#[300]">&gt;&gt;</a>&nbsp;&nbsp;&nbsp;verifySignature
</UL>
<BR>[Called By]<UL><LI><a href="#[25c]">&gt;&gt;</a>&nbsp;&nbsp;&nbsp;gap_cm_signatureVerificationComplete
<LI><a href="#[302]">&gt;&gt;</a>&nbsp;&nbsp;&nbsp;gap_cm_handleSignedWriteCommand
</UL>

<P><STRONG><a name="[9b]"></a>lld_evt_delete_elt_handler</STRONG> (Thumb, 244 bytes, Stack size unknown bytes, lld_evt.o(.text.lld_evt_delete_elt_handler))
<BR><BR>[Calls]<UL><LI><a href="#[30b]">&gt;&gt;</a>&nbsp;&nbsp;&nbsp;rwip_prevent_sleep_clear (via Veneer)
<LI><a href="#[3a7]">&gt;&gt;</a>&nbsp;&nbsp;&nbsp;lld_evt_elt_delete (via Veneer)
<LI><a href="#[2ec]">&gt;&gt;</a>&nbsp;&nbsp;&nbsp;ke_free (via Veneer)
<LI><a href="#[2ef]">&gt;&gt;</a>&nbsp;&nbsp;&nbsp;ke_event_clear (via Veneer)
<LI><a href="#[39f]">&gt;&gt;</a>&nbsp;&nbsp;&nbsp;co_list_extract (via Veneer)
</UL>
<BR>[Address Reference Count : 1]<UL><LI> lld_evt.o(.text.lld_evt_init)
</UL>
<P><STRONG><a name="[3b6]"></a>lld_evt_winsize_change</STRONG> (Thumb, 260 bytes, Stack size unknown bytes, lld_evt.o(.text.lld_evt_winsize_change))
<BR><BR>[Calls]<UL><LI><a href="#[2f5]">&gt;&gt;</a>&nbsp;&nbsp;&nbsp;ke_malloc (via Veneer)
</UL>
<BR>[Called By]<UL><LI><a href="#[3b4]">&gt;&gt;</a>&nbsp;&nbsp;&nbsp;lld_evt_move_to_slave
<LI><a href="#[3a0]">&gt;&gt;</a>&nbsp;&nbsp;&nbsp;lld_evt_restart
<LI><a href="#[369]">&gt;&gt;</a>&nbsp;&nbsp;&nbsp;lld_evt_schedule_next
</UL>

<P><STRONG><a name="[3a1]"></a>lld_evt_deferred_elt_push</STRONG> (Thumb, 40 bytes, Stack size unknown bytes, lld_evt.o(.text.lld_evt_deferred_elt_push))
<BR><BR>[Calls]<UL><LI><a href="#[2f5]">&gt;&gt;</a>&nbsp;&nbsp;&nbsp;ke_malloc (via Veneer)
<LI><a href="#[2f3]">&gt;&gt;</a>&nbsp;&nbsp;&nbsp;co_list_push_back (via Veneer)
</UL>
<BR>[Called By]<UL><LI><a href="#[3a0]">&gt;&gt;</a>&nbsp;&nbsp;&nbsp;lld_evt_restart
</UL>

<P><STRONG><a name="[2dd]"></a>Sm_ValidateSmpPacketTypeAndLength.isra.0</STRONG> (Thumb, 32 bytes, Stack size unknown bytes, sm_packet_op.o(.text.Sm_ValidateSmpPacketTypeAndLength.isra.0))
<BR><BR>[Called By]<UL><LI><a href="#[2c7]">&gt;&gt;</a>&nbsp;&nbsp;&nbsp;SmUnpack_SmpKeyDistSigningInformation
<LI><a href="#[2c6]">&gt;&gt;</a>&nbsp;&nbsp;&nbsp;SmUnpack_SmpKeyDistIdentityAddressInformation
<LI><a href="#[2c5]">&gt;&gt;</a>&nbsp;&nbsp;&nbsp;SmUnpack_SmpKeyDistIdentityInformation
<LI><a href="#[2c4]">&gt;&gt;</a>&nbsp;&nbsp;&nbsp;SmUnpack_SmpKeyDistMasterIdentification
<LI><a href="#[2c3]">&gt;&gt;</a>&nbsp;&nbsp;&nbsp;SmUnpack_SmpKeyDistEncryptionInformation
<LI><a href="#[2c8]">&gt;&gt;</a>&nbsp;&nbsp;&nbsp;SmUnpack_SmpPairingPublicKey
<LI><a href="#[2ce]">&gt;&gt;</a>&nbsp;&nbsp;&nbsp;SmUnpack_SmpPairingConfirm
<LI><a href="#[2cb]">&gt;&gt;</a>&nbsp;&nbsp;&nbsp;SmUnpack_SmpPairingRandom
<LI><a href="#[2cc]">&gt;&gt;</a>&nbsp;&nbsp;&nbsp;SmUnpack_SmpPairingDHKeyCheck
<LI><a href="#[2bd]">&gt;&gt;</a>&nbsp;&nbsp;&nbsp;SmUnpack_SmpSecurityRequest
<LI><a href="#[2b9]">&gt;&gt;</a>&nbsp;&nbsp;&nbsp;SmUnpack_SmpPairingRequestResponse
<LI><a href="#[2da]">&gt;&gt;</a>&nbsp;&nbsp;&nbsp;SmUnpack_SmpPairingFailed
</UL>

<P><STRONG><a name="[51f]"></a>_fp_digits</STRONG> (Thumb, 366 bytes, Stack size 64 bytes, printfa.o(i._fp_digits), UNUSED)
<BR><BR>[Calls]<UL><LI><a href="#[16d]">&gt;&gt;</a>&nbsp;&nbsp;&nbsp;__aeabi_dmul
<LI><a href="#[16e]">&gt;&gt;</a>&nbsp;&nbsp;&nbsp;__aeabi_ddiv
<LI><a href="#[167]">&gt;&gt;</a>&nbsp;&nbsp;&nbsp;__aeabi_dadd
<LI><a href="#[453]">&gt;&gt;</a>&nbsp;&nbsp;&nbsp;__aeabi_cdrcmple
<LI><a href="#[174]">&gt;&gt;</a>&nbsp;&nbsp;&nbsp;__aeabi_d2ulz
<LI><a href="#[14c]">&gt;&gt;</a>&nbsp;&nbsp;&nbsp;__aeabi_uldivmod
</UL>
<BR>[Called By]<UL><LI><a href="#[50d]">&gt;&gt;</a>&nbsp;&nbsp;&nbsp;_printf_core
</UL>

<P><STRONG><a name="[50d]"></a>_printf_core</STRONG> (Thumb, 1744 bytes, Stack size 136 bytes, printfa.o(i._printf_core), UNUSED)
<BR><BR>[Calls]<UL><LI><a href="#[520]">&gt;&gt;</a>&nbsp;&nbsp;&nbsp;_printf_pre_padding
<LI><a href="#[521]">&gt;&gt;</a>&nbsp;&nbsp;&nbsp;_printf_post_padding
<LI><a href="#[51f]">&gt;&gt;</a>&nbsp;&nbsp;&nbsp;_fp_digits
<LI><a href="#[14c]">&gt;&gt;</a>&nbsp;&nbsp;&nbsp;__aeabi_uldivmod
<LI><a href="#[522]">&gt;&gt;</a>&nbsp;&nbsp;&nbsp;__aeabi_uidivmod
</UL>
<BR>[Called By]<UL><LI><a href="#[50c]">&gt;&gt;</a>&nbsp;&nbsp;&nbsp;__0vsnprintf
</UL>

<P><STRONG><a name="[521]"></a>_printf_post_padding</STRONG> (Thumb, 36 bytes, Stack size 24 bytes, printfa.o(i._printf_post_padding), UNUSED)
<BR><BR>[Called By]<UL><LI><a href="#[50d]">&gt;&gt;</a>&nbsp;&nbsp;&nbsp;_printf_core
</UL>

<P><STRONG><a name="[520]"></a>_printf_pre_padding</STRONG> (Thumb, 46 bytes, Stack size 24 bytes, printfa.o(i._printf_pre_padding), UNUSED)
<BR><BR>[Called By]<UL><LI><a href="#[50d]">&gt;&gt;</a>&nbsp;&nbsp;&nbsp;_printf_core
</UL>

<P><STRONG><a name="[b1]"></a>_snputc</STRONG> (Thumb, 22 bytes, Stack size 0 bytes, printfa.o(i._snputc))
<BR>[Address Reference Count : 1]<UL><LI> printfa.o(i.__0vsnprintf)
</UL><P>
<H3>
Undefined Global Symbols
</H3><HR></body></html>
