###############################################################################
#
# IAR ELF Linker V8.32.1.169/W32 for ARM                  02/Apr/2019  17:44:16
# Copyright 2007-2018 IAR Systems AB.
#
#    Output file  =  
#        C:\ti\simplelink_cc2640r2_sdk_2_40_00_32\examples\rtos\CC2640R2_LAUNCHXL\ble5stack\mible_authen\tirtos\iar\app\FlashROM_StackLibrary\Exe\ble5_mible_test_cc2640r2lp_app_FlashROM_StackLibrary.out
#    Map file     =  
#        C:\ti\simplelink_cc2640r2_sdk_2_40_00_32\examples\rtos\CC2640R2_LAUNCHXL\ble5stack\mible_authen\tirtos\iar\app\FlashROM_StackLibrary\List\ble5_mible_test_cc2640r2lp_app_FlashROM_StackLibrary.map
#    Command line =  
#        -f C:\Users\11319\AppData\Local\Temp\EW355C.tmp
#        (C:\ti\simplelink_cc2640r2_sdk_2_40_00_32\examples\rtos\CC2640R2_LAUNCHXL\ble5stack\mible_authen\tirtos\iar\app\FlashROM_StackLibrary\Obj\ble_user_config.o
#        C:\ti\simplelink_cc2640r2_sdk_2_40_00_32\examples\rtos\CC2640R2_LAUNCHXL\ble5stack\mible_authen\tirtos\iar\app\FlashROM_StackLibrary\Obj\board.o
#        C:\ti\simplelink_cc2640r2_sdk_2_40_00_32\examples\rtos\CC2640R2_LAUNCHXL\ble5stack\mible_authen\tirtos\iar\stack\FlashROM_Library\Exe\cc2640r2lp_stack_FlashROM_Library.a
#        C:\ti\simplelink_cc2640r2_sdk_2_40_00_32\examples\rtos\CC2640R2_LAUNCHXL\ble5stack\mible_authen\tirtos\iar\app\FlashROM_StackLibrary\Obj\cc26xx_api.o
#        C:\ti\simplelink_cc2640r2_sdk_2_40_00_32\examples\rtos\CC2640R2_LAUNCHXL\ble5stack\mible_authen\tirtos\iar\app\FlashROM_StackLibrary\Obj\ccfg_app_ble.o
#        C:\ti\simplelink_cc2640r2_sdk_2_40_00_32\examples\rtos\CC2640R2_LAUNCHXL\ble5stack\mible_authen\tirtos\iar\app\FlashROM_StackLibrary\Obj\ccm.o
#        C:\ti\simplelink_cc2640r2_sdk_2_40_00_32\examples\rtos\CC2640R2_LAUNCHXL\ble5stack\mible_authen\tirtos\iar\app\FlashROM_StackLibrary\Obj\devinfoservice.o
#        C:\ti\simplelink_cc2640r2_sdk_2_40_00_32\examples\rtos\CC2640R2_LAUNCHXL\ble5stack\mible_authen\tirtos\iar\app\FlashROM_StackLibrary\Obj\ECCROMCC26XX.o
#        C:\ti\simplelink_cc2640r2_sdk_2_40_00_32\examples\rtos\CC2640R2_LAUNCHXL\ble5stack\mible_authen\tirtos\iar\app\FlashROM_StackLibrary\Obj\gatt_uuid.o
#        C:\ti\simplelink_cc2640r2_sdk_2_40_00_32\examples\rtos\CC2640R2_LAUNCHXL\ble5stack\mible_authen\tirtos\iar\app\FlashROM_StackLibrary\Obj\gattservapp_util.o
#        C:\ti\simplelink_cc2640r2_sdk_2_40_00_32\examples\rtos\CC2640R2_LAUNCHXL\ble5stack\mible_authen\tirtos\iar\app\FlashROM_StackLibrary\Obj\hal_flash_wrapper.o
#        C:\ti\simplelink_cc2640r2_sdk_2_40_00_32\examples\rtos\CC2640R2_LAUNCHXL\ble5stack\mible_authen\tirtos\iar\app\FlashROM_StackLibrary\Obj\icall.o
#        C:\ti\simplelink_cc2640r2_sdk_2_40_00_32\examples\rtos\CC2640R2_LAUNCHXL\ble5stack\mible_authen\tirtos\iar\app\FlashROM_StackLibrary\Obj\icall_api_lite.o
#        C:\ti\simplelink_cc2640r2_sdk_2_40_00_32\examples\rtos\CC2640R2_LAUNCHXL\ble5stack\mible_authen\tirtos\iar\app\FlashROM_StackLibrary\Obj\icall_cc2650.o
#        C:\ti\simplelink_cc2640r2_sdk_2_40_00_32\examples\rtos\CC2640R2_LAUNCHXL\ble5stack\mible_authen\tirtos\iar\app\FlashROM_StackLibrary\Obj\icall_user_config.o
#        C:\ti\simplelink_cc2640r2_sdk_2_40_00_32\examples\rtos\CC2640R2_LAUNCHXL\ble5stack\mible_authen\tirtos\iar\app\FlashROM_StackLibrary\Obj\main.o
#        C:\ti\simplelink_cc2640r2_sdk_2_40_00_32\examples\rtos\CC2640R2_LAUNCHXL\ble5stack\mible_authen\tirtos\iar\app\FlashROM_StackLibrary\Obj\mible_api.o
#        C:\ti\simplelink_cc2640r2_sdk_2_40_00_32\examples\rtos\CC2640R2_LAUNCHXL\ble5stack\mible_authen\tirtos\iar\app\FlashROM_StackLibrary\Obj\mible_application.o
#        C:\ti\simplelink_cc2640r2_sdk_2_40_00_32\examples\rtos\CC2640R2_LAUNCHXL\ble5stack\mible_authen\tirtos\iar\app\FlashROM_StackLibrary\Obj\mible_beacon.o
#        C:\ti\simplelink_cc2640r2_sdk_2_40_00_32\examples\rtos\CC2640R2_LAUNCHXL\ble5stack\mible_authen\tirtos\iar\app\FlashROM_StackLibrary\Obj\mible_task.o
#        C:\ti\simplelink_cc2640r2_sdk_2_40_00_32\examples\rtos\CC2640R2_LAUNCHXL\ble5stack\mible_authen\tirtos\iar\app\FlashROM_StackLibrary\Obj\queue.o
#        C:\ti\simplelink_cc2640r2_sdk_2_40_00_32\examples\rtos\CC2640R2_LAUNCHXL\ble5stack\mible_authen\tirtos\iar\app\FlashROM_StackLibrary\Obj\TRNGCC26XX.o
#        C:\ti\simplelink_cc2640r2_sdk_2_40_00_32\examples\rtos\CC2640R2_LAUNCHXL\ble5stack\mible_authen\tirtos\iar\app\FlashROM_StackLibrary\Obj\UartLog.o
#        C:\ti\simplelink_cc2640r2_sdk_2_40_00_32\examples\rtos\CC2640R2_LAUNCHXL\ble5stack\mible_authen\tirtos\iar\app\FlashROM_StackLibrary\Obj\util.o
#        --no_out_extension -o
#        C:\ti\simplelink_cc2640r2_sdk_2_40_00_32\examples\rtos\CC2640R2_LAUNCHXL\ble5stack\mible_authen\tirtos\iar\app\FlashROM_StackLibrary\Exe\ble5_mible_test_cc2640r2lp_app_FlashROM_StackLibrary.out
#        --config_def CC2650=2 --config_def FLASH_ROM_BUILD=2 --config_def
#        CACHE_AS_RAM=1 --map
#        C:\ti\simplelink_cc2640r2_sdk_2_40_00_32\examples\rtos\CC2640R2_LAUNCHXL\ble5stack\mible_authen\tirtos\iar\app\FlashROM_StackLibrary\List\ble5_mible_test_cc2640r2lp_app_FlashROM_StackLibrary.map
#        --config
#        C:\ti\simplelink_cc2640r2_sdk_2_40_00_32\examples\rtos\CC2640R2_LAUNCHXL\ble5stack\mible_authen\tirtos\iar\app\cc26xx_app_and_stack.icf
#        --keep __vector_table -f
#        C:\ti\simplelink_cc2640r2_sdk_2_40_00_32\examples\rtos\CC2640R2_LAUNCHXL\ble5stack\mible_authen\tirtos\iar\app\..\config\configPkg\linker.cmd
#        (C:\ti\simplelink_cc2640r2_sdk_2_40_00_32\examples\rtos\CC2640R2_LAUNCHXL\ble5stack\mible_authen\tirtos\iar\config\configPkg\package\cfg\app_ble_prm3.orm3
#        C:\ti\simplelink_cc2640r2_sdk_2_40_00_32\examples\rtos\CC2640R2_LAUNCHXL\ble5stack\mible_authen\tirtos\src\sysbios\rom_sysbios.arm3
#        C:\ti\simplelink_cc2640r2_sdk_2_40_00_32\kernel\tirtos\packages\iar\targets\arm\rts\lib\release\boot.arm3
#        --entry __iar_program_start --keep __vector_table --define_symbol
#        ti_sysbios_family_arm_m3_Hwi_nvic=0xe000e000 --keep
#        xdc_runtime_Error_policy__C --keep
#        xdc_runtime_IModule_Interface__BASE__C --keep
#        xdc_runtime_Startup_lastFxns__C --keep
#        ti_sysbios_knl_Event_Object__DESC__C --keep
#        ti_sysbios_gates_GateMutex_Object__DESC__C --keep
#        ti_sysbios_rom_ROM_ti_sysbios_family_arm_cc26xx_Timer_initDevice__I
#        --keep xdc_runtime_Startup_execImpl__C --keep
#        ti_sysbios_rom_ROM_ti_sysbios_family_arm_cc26xx_Timer_getMaxTicks__E
#        --keep ti_sysbios_knl_Swi_Object__count__C --keep
#        ti_sysbios_knl_Idle_funcList__C --keep xdc_runtime_Text_isLoaded__C
#        --keep ti_sysbios_knl_Clock_Object__DESC__C --keep
#        ti_sysbios_knl_Semaphore_eventSync__C --keep
#        ti_sysbios_gates_GateMutex_Module__FXNS__C --keep
#        ti_sysbios_family_arm_m3_Hwi_Module__id__C --keep
#        ti_sysbios_family_arm_cc26xx_Timer_Module__id__C --keep
#        ti_sysbios_knl_Mailbox_Object__table__C --keep
#        ti_sysbios_family_arm_m3_Hwi_Object__table__C --keep
#        ti_sysbios_knl_Swi_Object__DESC__C --keep xdc_runtime_Text_charCnt__C
#        --keep xdc_runtime_Error_raiseHook__C --keep
#        ti_sysbios_rom_ROM_ti_sysbios_family_arm_cc26xx_Timer_start__E --keep
#        ti_sysbios_heaps_HeapMem_Object__table__C --keep
#        xdc_runtime_Error_policyFxn__C --keep
#        ti_sysbios_rom_ROM_ti_sysbios_family_arm_cc26xx_Timer_getCount64__E
#        --keep xdc_runtime_Startup_firstFxns__C --keep
#        xdc_runtime_Text_charTab__C --keep
#        ti_sysbios_rom_ROM_ti_sysbios_family_arm_cc26xx_TimestampProvider_get32__E
#        --keep xdc_runtime_Error_maxDepth__C --keep
#        ti_sysbios_rom_ROM_ti_sysbios_family_arm_cc26xx_Timer_getCurrentTick__E
#        --keep ti_sysbios_family_arm_m3_TaskSupport_stackAlignment__C --keep
#        ti_sysbios_family_arm_m3_Hwi_NUM_INTERRUPTS__C --keep
#        ti_sysbios_knl_Clock_triggerClock__C --keep
#        ti_sysbios_knl_Swi_Object__table__C --keep
#        xdc_runtime_Memory_Module__id__C --keep
#        ti_sysbios_heaps_HeapMem_Module__gateObj__C --keep
#        ti_sysbios_family_arm_cc26xx_Timer_startupNeeded__C --keep
#        ti_sysbios_knl_Queue_Object__DESC__C --keep
#        ti_sysbios_knl_Task_Object__DESC__C --keep
#        xdc_runtime_Assert_E_assertFailed__C --keep
#        ti_sysbios_gates_GateHwi_Module__id__C --keep
#        xdc_runtime_IHeap_Interface__BASE__C --keep
#        xdc_runtime_SysCallback_exitFxn__C --keep
#        ti_sysbios_heaps_HeapMem_Module__id__C --keep
#        ti_sysbios_family_arm_m3_Hwi_excHandlerFunc__C --keep
#        ti_sysbios_heaps_HeapMem_Module__FXNS__C --keep
#        xdc_runtime_System_maxAtexitHandlers__C --keep
#        ti_sysbios_knl_Queue_Object__count__C --keep
#        ti_sysbios_knl_Task_Object__table__C --keep
#        ti_sysbios_knl_Mailbox_Object__DESC__C --keep
#        ti_sysbios_family_arm_m3_Hwi_nullIsrFunc__C --keep
#        ti_sysbios_knl_Clock_tickMode__C --keep
#        ti_sysbios_gates_GateMutex_Module__id__C --keep
#        ti_sysbios_knl_Swi_numPriorities__C --keep
#        ti_sysbios_knl_Task_numConstructedTasks__C --keep
#        xdc_runtime_Startup_maxPasses__C --keep
#        ti_sysbios_knl_Task_initStackFlag__C --keep
#        xdc_runtime_System_abortFxn__C --keep
#        ti_sysbios_gates_GateHwi_Module__FXNS__C --keep
#        ti_sysbios_hal_Hwi_Object__DESC__C --keep
#        ti_sysbios_family_arm_m3_Hwi_priGroup__C --keep
#        xdc_runtime_Error_E_memory__C --keep
#        ti_sysbios_family_arm_m3_Hwi_E_alreadyDefined__C --keep
#        ti_sysbios_knl_Queue_Object__table__C --keep
#        ti_sysbios_knl_Semaphore_eventPost__C --keep
#        xdc_runtime_System_exitFxn__C --keep
#        ti_sysbios_rom_ROM_ti_sysbios_family_arm_cc26xx_Timer_setNextTick__E
#        --keep ti_sysbios_heaps_HeapMem_reqAlign__C --keep
#        xdc_runtime_Startup_sfxnRts__C --keep
#        ti_sysbios_knl_Semaphore_Object__DESC__C --keep
#        ti_sysbios_gates_GateHwi_Object__DESC__C --keep
#        ti_sysbios_heaps_HeapMem_Object__count__C --keep
#        ti_sysbios_family_arm_m3_Hwi_numSparseInterrupts__C --keep
#        ti_sysbios_knl_Mailbox_maxTypeAlign__C --keep
#        ti_sysbios_family_arm_cc26xx_TimestampProvider_useClockTimer__C --keep
#        ti_sysbios_rom_ROM_xdc_runtime_System_SupportProxy_exit__E --keep
#        ti_sysbios_knl_Task_allBlockedFunc__C --keep
#        ti_sysbios_rom_ROM_xdc_runtime_System_SupportProxy_abort__E --keep
#        ti_sysbios_knl_Mailbox_Object__count__C --keep
#        xdc_runtime_Text_nameStatic__C --keep
#        ti_sysbios_rom_ROM_xdc_runtime_Startup_getState__I --keep
#        ti_sysbios_knl_Task_defaultStackSize__C --keep
#        xdc_runtime_IGateProvider_Interface__BASE__C --keep
#        ti_sysbios_family_arm_m3_Hwi_E_hwiLimitExceeded__C --keep
#        xdc_runtime_Startup_startModsFxn__C --keep
#        ti_sysbios_family_arm_m3_Hwi_Object__DESC__C --keep
#        xdc_runtime_Text_nameEmpty__C --keep
#        ti_sysbios_family_arm_m3_Hwi_Object__count__C --keep
#        xdc_runtime_SysCallback_abortFxn__C --keep
#        ti_sysbios_knl_Task_defaultStackHeap__C --keep
#        ti_sysbios_family_arm_m3_Hwi_ccr__C --keep
#        ti_sysbios_heaps_HeapMem_E_memory__C --keep
#        ti_sysbios_knl_Task_Object__count__C --keep
#        ti_sysbios_heaps_HeapMem_Object__DESC__C --keep
#        xdc_runtime_Text_nameUnknown__C --keep
#        xdc_runtime_Memory_defaultHeapInstance__C --keep
#        ti_sysbios_rom_ROM_ti_sysbios_family_arm_cc26xx_Timer_setThreshold__I
#        --keep xdc_runtime_Startup_sfxnTab__C --keep
#        ti_sysbios_knl_Clock_Module__state__V --keep
#        ti_sysbios_family_arm_cc26xx_TimestampProvider_Module__state__V --keep
#        xdc_runtime_Startup_Module__state__V --keep
#        ti_sysbios_BIOS_Module__state__V --keep
#        ti_sysbios_knl_Swi_Module__state__V --keep
#        ti_sysbios_knl_Task_Module__state__V --keep
#        xdc_runtime_Memory_Module__state__V --keep
#        xdc_runtime_System_Module__state__V --keep
#        ti_sysbios_family_arm_m3_Hwi_Module__state__V --keep
#        xdc_runtime_Error_Module__state__V --keep
#        ti_sysbios_family_arm_cc26xx_Timer_Module__state__V --define_symbol
#        memcpy=0x1001cb39 --define_symbol memset=0x1001cb51 --define_symbol
#        ti_sysbios_BIOS_RtsGateProxy_query__E=0x1001c0bd --define_symbol
#        ti_sysbios_knl_Queue_get__E=0x1001bd19 --define_symbol
#        ti_sysbios_knl_Swi_enabled__E=0x1001bf21 --define_symbol
#        ti_sysbios_knl_Clock_scheduleNextTick__E=0x1001bca9 --define_symbol
#        ti_sysbios_knl_Swi_runLoop__I=0x1001adc9 --define_symbol
#        ti_sysbios_knl_Clock_getTicks__E=0x1001b29d --define_symbol
#        xdc_runtime_Memory_HeapProxy_Object__delete__S=0x1001ba59
#        --define_symbol
#        ti_sysbios_gates_GateMutex_Object__destruct__S=0x1001b9f9
#        --define_symbol ti_sysbios_knl_Queue_enqueue__E=0x1001bffd
#        --define_symbol ti_sysbios_knl_Queue_put__E=0x1001bd35 --define_symbol
#        ti_sysbios_family_arm_m3_Hwi_Object__create__S=0x1001a7b9
#        --define_symbol ti_sysbios_gates_GateHwi_Instance_init__E=0x1001b153
#        --define_symbol ti_sysbios_hal_Hwi_Instance_finalize__E=0x1001c039
#        --define_symbol ti_sysbios_BIOS_RtsGateProxy_leave__E=0x1001c095
#        --define_symbol ti_sysbios_heaps_HeapMem_Object__create__S=0x1001b599
#        --define_symbol xdc_runtime_Error_raiseX__E=0x1001c66d --define_symbol
#        ti_sysbios_hal_Hwi_getStackInfo__E=0x1001b099 --define_symbol
#        ti_sysbios_knl_Semaphore_construct=0x1001b45d --define_symbol
#        ti_sysbios_knl_Clock_Object__destruct__S=0x1001ba99 --define_symbol
#        ti_sysbios_knl_Clock_TimerProxy_getMaxTicks__E=0x1001bef1
#        --define_symbol ti_sysbios_knl_Swi_Object__destruct__S=0x1001bd51
#        --define_symbol
#        ti_sysbios_family_arm_cc26xx_TimestampProvider_getFreq__E=0x1001bf6b
#        --define_symbol ti_sysbios_gates_GateMutex_Handle__label__S=0x1001b9d9
#        --define_symbol ti_sysbios_knl_Mailbox_delete=0x1001c0f1
#        --define_symbol ti_sysbios_knl_Semaphore_destruct=0x1001c10d
#        --define_symbol ti_sysbios_BIOS_RtsGateProxy_enter__E=0x1001c091
#        --define_symbol ti_sysbios_knl_Task_processVitalTaskFlag__I=0x1001b48d
#        --define_symbol ti_sysbios_knl_Mailbox_create=0x1001a945
#        --define_symbol xdc_runtime_Core_deleteObject__I=0x1001c3b5
#        --define_symbol ti_sysbios_knl_Queue_delete=0x1001c0f9 --define_symbol
#        ti_sysbios_family_arm_m3_Hwi_doSwiRestore__I=0x1001c043
#        --define_symbol xdc_runtime_Timestamp_getFreq__E=0x1001bf6b
#        --define_symbol ti_sysbios_knl_Event_Instance_init__E=0x1001be49
#        --define_symbol xdc_runtime_System_atexit__E=0x1001c581
#        --define_symbol ti_sysbios_gates_GateMutex_Params__init__S=0x1001bfb5
#        --define_symbol ti_sysbios_knl_Clock_getTimerHandle__E=0x1001bfcd
#        --define_symbol ti_sysbios_knl_Task_enable__E=0x1001c08b
#        --define_symbol
#        ti_sysbios_knl_Clock_TimerProxy_getExpiredTicks__E=0x1001c0d1
#        --define_symbol xdc_runtime_Timestamp_SupportProxy_get64__E=0x1001b77d
#        --define_symbol ti_sysbios_knl_Queue_Object__destruct__S=0x1001bcfd
#        --define_symbol ti_sysbios_knl_Clock_Object__delete__S=0x1001b8b1
#        --define_symbol ti_sysbios_gates_GateMutex_delete=0x1001c0b5
#        --define_symbol ti_sysbios_heaps_HeapMem_restore__E=0x1001bf41
#        --define_symbol
#        ti_sysbios_BIOS_RtsGateProxy_Object__delete__S=0x1001b88d
#        --define_symbol ti_sysbios_knl_Swi_create=0x1001ac1d --define_symbol
#        ti_sysbios_heaps_HeapMem_Module_GateProxy_leave__E=0x1001c0cd
#        --define_symbol ti_sysbios_knl_Semaphore_pend__E=0x10019b05
#        --define_symbol ti_sysbios_knl_Mailbox_Instance_finalize__E=0x1001a4c5
#        --define_symbol xdc_runtime_Startup_startMods__I=0x1001c129
#        --define_symbol ti_sysbios_heaps_HeapMem_init__I=0x1001b235
#        --define_symbol ti_sysbios_knl_Swi_Object__delete__S=0x1001bbb9
#        --define_symbol
#        ti_sysbios_hal_Hwi_HwiProxy_enableInterrupt__E=0x1001af89
#        --define_symbol ti_sysbios_knl_Clock_removeI__E=0x1001c0e1
#        --define_symbol xdc_runtime_System_abort__E=0x1001c64d --define_symbol
#        ti_sysbios_family_arm_m3_Hwi_dispatchC__I=0x1001a81d --define_symbol
#        ti_sysbios_knl_Swi_construct=0x1001ad79 --define_symbol
#        ti_sysbios_knl_Task_sleepTimeout__I=0x1001bda5 --define_symbol
#        ti_sysbios_knl_Queue_remove__E=0x1001bf5d --define_symbol
#        ti_sysbios_knl_Semaphore_Instance_finalize__E=0x1001b7cd
#        --define_symbol ti_sysbios_gates_GateMutex_destruct=0x1001c0b9
#        --define_symbol
#        ti_sysbios_knl_Task_SupportProxy_Module__startupDone__S=0x1001c0ad
#        --define_symbol ti_sysbios_knl_Queue_Object__delete__S=0x1001bb59
#        --define_symbol ti_sysbios_knl_Mailbox_Object__get__S=0x1001b649
#        --define_symbol
#        ti_sysbios_family_arm_m3_Hwi_Instance_init__E=0x10019fc1
#        --define_symbol ti_sysbios_knl_Clock_delete=0x1001c0d9 --define_symbol
#        ti_sysbios_knl_Clock_walkQueueDynamic__E=0x1001a2f1 --define_symbol
#        ti_sysbios_knl_Mailbox_Object__destruct__S=0x1001bce1 --define_symbol
#        ti_sysbios_knl_Mailbox_post__E=0x1001a0ed --define_symbol
#        ti_sysbios_knl_Clock_Instance_init__E=0x1001b1c5 --define_symbol
#        ti_sysbios_knl_Event_construct=0x1001b5f1 --define_symbol
#        ti_sysbios_knl_Task_allBlockedFunction__I=0x1001b055 --define_symbol
#        ti_sysbios_knl_Task_postInit__I=0x1001a271 --define_symbol
#        ti_sysbios_knl_Task_enter__I=0x1001bd89 --define_symbol
#        ti_sysbios_hal_Hwi_switchFromBootStack__E=0x1001be35 --define_symbol
#        ti_sysbios_knl_Semaphore_Object__destruct__S=0x1001bb99
#        --define_symbol
#        ti_sysbios_hal_Hwi_HwiProxy_Object__create__S=0x1001bed1
#        --define_symbol
#        ti_sysbios_family_arm_cc26xx_Timer_postInit__I=0x1001b4bd
#        --define_symbol ti_sysbios_knl_Swi_Module_startup__E=0x1001c07f
#        --define_symbol
#        ti_sysbios_gates_GateMutex_Instance_finalize__E=0x1001bec1
#        --define_symbol ti_sysbios_hal_Hwi_startup__E=0x1001c04b
#        --define_symbol xdc_runtime_Core_assignParams__I=0x1001c4ad
#        --define_symbol
#        ti_sysbios_hal_Hwi_HwiProxy_switchFromBootStack__E=0x1001be35
#        --define_symbol
#        ti_sysbios_heaps_HeapMem_allocUnprotected__E=0x1001a615
#        --define_symbol ti_sysbios_knl_Swi_post__E=0x1001b011 --define_symbol
#        ti_sysbios_hal_Hwi_initStack=0x1001b56d --define_symbol
#        xdc_runtime_Memory_alloc__E=0x1001c349 --define_symbol
#        ti_sysbios_knl_Queue_next__E=0x1001c105 --define_symbol
#        ti_sysbios_knl_Event_destruct=0x1001c0ed --define_symbol
#        ti_sysbios_knl_Clock_Instance_finalize__E=0x1001be09 --define_symbol
#        ti_sysbios_knl_Queue_elemClear__E=0x1001c079 --define_symbol
#        ti_sysbios_knl_Clock_TimerProxy_startup__E=0x1001b4e9 --define_symbol
#        ti_sysbios_knl_Clock_Params__init__S=0x1001bfc1 --define_symbol
#        ti_sysbios_knl_Task_Instance_init__E=0x10019ce1 --define_symbol
#        ti_sysbios_hal_Hwi_HwiProxy_startup__E=0x1001c04b --define_symbol
#        ti_sysbios_knl_Task_self__E=0x1001c02d --define_symbol
#        ti_sysbios_knl_Task_startup__E=0x1001c125 --define_symbol
#        ti_sysbios_gates_GateHwi_Object__delete__S=0x1001b9b9 --define_symbol
#        ti_sysbios_family_arm_cc26xx_Timer_startup__E=0x1001b4e9
#        --define_symbol xdc_runtime_Memory_free__E=0x1001c705 --define_symbol
#        ti_sysbios_knl_Clock_triggerFunc__I=0x1001bdbf --define_symbol
#        ti_sysbios_hal_Hwi_delete=0x1001c0c5 --define_symbol
#        ti_sysbios_knl_Queue_Instance_init__E=0x1001c073 --define_symbol
#        ti_sysbios_knl_Event_delete=0x1001c0e9 --define_symbol
#        ti_sysbios_BIOS_RtsGateProxy_Handle__label__S=0x1001b9d9
#        --define_symbol
#        ti_sysbios_family_arm_cc26xx_Timer_Module_startup__E=0x1001b845
#        --define_symbol ti_sysbios_knl_Event_Object__delete__S=0x1001bad9
#        --define_symbol xdc_runtime_Assert_raise__I=0x1001c465 --define_symbol
#        ti_sysbios_hal_Hwi_create=0x1001a881 --define_symbol
#        ti_sysbios_knl_Task_destruct=0x1001c121 --define_symbol
#        ti_sysbios_hal_Hwi_Module_startup__E=0x1001be5d --define_symbol
#        ti_sysbios_family_arm_m3_Hwi_excHandler__I=0x1001b979 --define_symbol
#        xdc_runtime_Core_destructObject__I=0x1001c6a5 --define_symbol
#        ti_sysbios_knl_Swi_disable__E=0x1001bf11 --define_symbol
#        ti_sysbios_BIOS_setThreadType__E=0x1001bea1 --define_symbol
#        ti_sysbios_knl_Task_disable__E=0x1001bf31 --define_symbol
#        ti_sysbios_knl_Swi_Instance_init__E=0x1001a9a5 --define_symbol
#        ti_sysbios_knl_Semaphore_pendTimeout__I=0x1001b6f9 --define_symbol
#        ti_sysbios_knl_Clock_create=0x1001b1fd --define_symbol
#        ti_sysbios_knl_Idle_loop__E=0x1001c053 --define_symbol
#        ti_sysbios_gates_GateHwi_leave__E=0x1001c067 --define_symbol
#        ti_sysbios_family_arm_m3_Hwi_enableInterrupt__E=0x1001af89
#        --define_symbol ti_sysbios_knl_Semaphore_Params__init__S=0x1001c009
#        --define_symbol ti_sysbios_knl_Event_pend__E=0x10019bf9
#        --define_symbol ti_sysbios_knl_Task_unblock__E=0x1001bdf1
#        --define_symbol ti_sysbios_knl_Swi_destruct=0x1001c115 --define_symbol
#        ti_sysbios_knl_Event_sync__E=0x1001be6f --define_symbol
#        ti_sysbios_BIOS_getCpuFreq__E=0x1001be91 --define_symbol
#        xdc_runtime_Memory_calloc__E=0x1001c751 --define_symbol
#        ti_sysbios_family_arm_m3_Hwi_startup__E=0x1001c04b --define_symbol
#        xdc_runtime_System_Module_GateProxy_Handle__label__S=0x1001b999
#        --define_symbol xdc_runtime_SysCallback_exit__E=0x1001c725
#        --define_symbol ti_sysbios_hal_Hwi_HwiProxy_Params__init__S=0x1001bf79
#        --define_symbol ti_sysbios_knl_Queue_empty__E=0x1001bf4f
#        --define_symbol ti_sysbios_knl_Clock_logTick__E=0x1001b843
#        --define_symbol ti_sysbios_knl_Event_Params__init__S=0x1001bfd9
#        --define_symbol ti_sysbios_knl_Task_yield__E=0x1001b0d9
#        --define_symbol
#        ti_sysbios_knl_Task_SupportProxy_getStackAlignment__E=0x1001bf9d
#        --define_symbol ti_sysbios_family_arm_m3_Hwi_create=0x1001a8e5
#        --define_symbol xdc_runtime_Timestamp_SupportProxy_get32__E=0x1001c735
#        --define_symbol ti_sysbios_family_arm_m3_Hwi_destruct=0x1001c0a9
#        --define_symbol xdc_runtime_Timestamp_get32__E=0x1001c735
#        --define_symbol ti_sysbios_knl_Clock_stop__E=0x1001bab9
#        --define_symbol
#        ti_sysbios_family_arm_m3_Hwi_doTaskRestore__I=0x1001c05b
#        --define_symbol
#        ti_sysbios_BIOS_linkedWithIncorrectBootLibrary__E=0x1001a683
#        --define_symbol ti_sysbios_knl_Swi_run__I=0x1001ac75 --define_symbol
#        ti_sysbios_family_arm_cc26xx_Timer_Module__startupDone__S=0x1001b8f9
#        --define_symbol xdc_runtime_Core_createObject__I=0x1001c2c9
#        --define_symbol ti_sysbios_knl_Queue_create=0x1001b6cd --define_symbol
#        ti_sysbios_hal_Hwi_Object__delete__S=0x1001ba19 --define_symbol
#        ti_sysbios_knl_Clock_construct=0x1001b269 --define_symbol
#        xdc_runtime_System_abortSpin__E=0x1001c7a1 --define_symbol
#        ti_sysbios_family_arm_m3_Hwi_Object__destruct__S=0x1001bc39
#        --define_symbol ti_sysbios_hal_Hwi_HwiProxy_delete=0x1001c0c1
#        --define_symbol
#        ti_sysbios_gates_GateMutex_Object__create__S=0x1001b36d
#        --define_symbol
#        ti_sysbios_family_arm_m3_Hwi_getStackInfo__E=0x1001b099
#        --define_symbol
#        ti_sysbios_heaps_HeapMem_Module_GateProxy_enter__E=0x1001c0c9
#        --define_symbol ti_sysbios_knl_Semaphore_post__E=0x1001a3e1
#        --define_symbol ti_sysbios_knl_Task_exit__E=0x1001b119 --define_symbol
#        ti_sysbios_heaps_HeapMem_Instance_init__E=0x1001b18d --define_symbol
#        ti_sysbios_knl_Swi_restore__E=0x1001b305 --define_symbol
#        ti_sysbios_knl_Task_startCore__E=0x1001aa61 --define_symbol
#        ti_sysbios_knl_Semaphore_create=0x1001b2d1 --define_symbol
#        ti_sysbios_gates_GateHwi_enter__E=0x1001bfa9 --define_symbol
#        ti_sysbios_knl_Task_blockI__E=0x1001b339 --define_symbol
#        ti_sysbios_heaps_HeapMem_free__E=0x1001b3fd --define_symbol
#        ti_sysbios_knl_Task_Object__destruct__S=0x1001bd6d --define_symbol
#        ti_sysbios_hal_Hwi_enableInterrupt__E=0x1001af89 --define_symbol
#        ti_sysbios_family_arm_cc26xx_Timer_periodicStub__E=0x10019f25
#        --define_symbol ti_sysbios_hal_Hwi_Instance_init__E=0x1001b81d
#        --define_symbol ti_sysbios_gates_GateHwi_query__E=0x1001c0b1
#        --define_symbol xdc_runtime_System_processAtExit__E=0x1001c5ed
#        --define_symbol
#        ti_sysbios_family_arm_cc26xx_Timer_setPeriod__E=0x1001c0a1
#        --define_symbol ti_sysbios_knl_Semaphore_Instance_init__E=0x1001a685
#        --define_symbol
#        xdc_runtime_System_Module_GateProxy_Object__delete__S=0x1001b9b9
#        --define_symbol
#        xdc_runtime_Memory_HeapProxy_Handle__label__S=0x1001ba39
#        --define_symbol ti_sysbios_knl_Queue_head__E=0x1001c101
#        --define_symbol
#        xdc_runtime_Timestamp_SupportProxy_getFreq__E=0x1001bf6b
#        --define_symbol xdc_runtime_Error_check__E=0x1001c6bd --define_symbol
#        xdc_runtime_Error_policySpin__E=0x1001c413 --define_symbol
#        ti_sysbios_gates_GateMutex_create=0x1001b39d --define_symbol
#        xdc_runtime_Gate_leaveSystem__E=0x1001c789 --define_symbol
#        ti_sysbios_knl_Swi_restoreHwi__E=0x1001a6ed --define_symbol
#        ti_sysbios_knl_Task_sleep__E=0x1001a5a5 --define_symbol
#        ti_sysbios_knl_Task_create=0x1001accd --define_symbol
#        ti_sysbios_knl_Mailbox_Params__init__S=0x1001bfe5 --define_symbol
#        ti_sysbios_knl_Task_restoreHwi__E=0x1001bc19 --define_symbol
#        ti_sysbios_knl_Mailbox_postInit__I=0x1001b675 --define_symbol
#        ti_sysbios_knl_Task_delete=0x1001c11d --define_symbol
#        ti_sysbios_heaps_HeapMem_isBlocking__E=0x1001c06d --define_symbol
#        ti_sysbios_knl_Clock_startI__E=0x1001a1f1 --define_symbol
#        ti_sysbios_knl_Clock_start__E=0x1001be1f --define_symbol
#        ti_sysbios_heaps_HeapMem_Module_GateProxy_query__E=0x1001c0bd
#        --define_symbol
#        ti_sysbios_family_arm_m3_Hwi_Object__delete__S=0x1001b959
#        --define_symbol
#        ti_sysbios_knl_Clock_TimerProxy_getPeriod__E=0x1001c0d5
#        --define_symbol ti_sysbios_knl_Event_checkEvents__I=0x1001baf9
#        --define_symbol ti_sysbios_knl_Task_SupportProxy_start__E=0x1001b155
#        --define_symbol ti_sysbios_heaps_HeapMem_Handle__label__S=0x1001ba39
#        --define_symbol ti_sysbios_family_arm_m3_Hwi_delete=0x1001c0a5
#        --define_symbol
#        ti_sysbios_heaps_HeapMem_Module_GateProxy_Handle__label__S=0x1001b9d9
#        --define_symbol ti_sysbios_knl_Semaphore_Object__delete__S=0x1001b8d5
#        --define_symbol ti_sysbios_hal_Hwi_HwiProxy_getStackInfo__E=0x1001b099
#        --define_symbol ti_sysbios_knl_Idle_run__E=0x1001bb19 --define_symbol
#        ti_sysbios_knl_Swi_delete=0x1001c111 --define_symbol
#        xdc_runtime_Memory_valloc__E=0x1001c689 --define_symbol
#        ti_sysbios_knl_Mailbox_Object__delete__S=0x1001bb39 --define_symbol
#        ti_sysbios_family_arm_m3_TaskSupport_start__E=0x1001b155
#        --define_symbol xdc_runtime_Timestamp_get64__E=0x1001b77d
#        --define_symbol
#        ti_sysbios_family_arm_m3_Hwi_Module__startupDone__S=0x1001b939
#        --define_symbol
#        ti_sysbios_heaps_HeapMem_Module_GateProxy_Params__init__S=0x1001bfb5
#        --define_symbol ti_sysbios_knl_Swi_startup__E=0x1001c085
#        --define_symbol ti_sysbios_knl_Task_schedule__I=0x1001ae69
#        --define_symbol ti_sysbios_gates_GateMutex_leave__E=0x1001bdd9
#        --define_symbol ti_sysbios_heaps_HeapMem_Object__delete__S=0x1001ba59
#        --define_symbol ti_sysbios_knl_Event_create=0x1001b42d --define_symbol
#        ti_sysbios_knl_Clock_TimerProxy_setNextTick__E=0x1001bf01
#        --define_symbol ti_sysbios_knl_Swi_Object__get__S=0x1001b725
#        --define_symbol ti_sysbios_knl_Task_restore__E=0x1001b7f5
#        --define_symbol xdc_runtime_Memory_HeapProxy_alloc__E=0x1001c775
#        --define_symbol
#        ti_sysbios_heaps_HeapMem_Module_GateProxy_Object__delete__S=0x1001b88d
#        --define_symbol ti_sysbios_gates_GateHwi_Object__create__S=0x1001b869
#        --define_symbol
#        ti_sysbios_hal_Hwi_HwiProxy_disableInterrupt__E=0x1001af45
#        --define_symbol ti_sysbios_BIOS_start__E=0x1001beb1 --define_symbol
#        ti_sysbios_BIOS_exit__E=0x1001be81 --define_symbol
#        ti_sysbios_family_arm_m3_TaskSupport_getStackAlignment__E=0x1001bf9d
#        --define_symbol xdc_runtime_SysCallback_abort__E=0x1001c715
#        --define_symbol ti_sysbios_knl_Queue_destruct=0x1001c0fd
#        --define_symbol ti_sysbios_family_arm_m3_Hwi_postInit__I=0x10019e75
#        --define_symbol ti_sysbios_gates_GateMutex_Instance_init__E=0x1001bc71
#        --define_symbol ti_sysbios_knl_Task_Instance_finalize__E=0x1001a059
#        --define_symbol
#        ti_sysbios_knl_Clock_TimerProxy_getCurrentTick__E=0x1001bee1
#        --define_symbol ti_sysbios_family_arm_m3_Hwi_disableFxn__E=0x1001bf85
#        --define_symbol xdc_runtime_Memory_HeapProxy_free__E=0x1001c77f
#        --define_symbol ti_sysbios_knl_Mailbox_Module_startup__E=0x1001afcd
#        --define_symbol ti_sysbios_knl_Task_Object__delete__S=0x1001bbd9
#        --define_symbol xdc_runtime_Startup_rtsDone__E=0x1001c769
#        --define_symbol ti_sysbios_gates_GateHwi_Handle__label__S=0x1001b999
#        --define_symbol xdc_runtime_Text_ropeText__E=0x1001c6ed
#        --define_symbol ti_sysbios_knl_Clock_destruct=0x1001c0dd
#        --define_symbol ti_sysbios_knl_Queue_construct=0x1001b6a1
#        --define_symbol
#        ti_sysbios_family_arm_m3_Hwi_switchFromBootStack__E=0x1001be35
#        --define_symbol ti_sysbios_heaps_HeapMem_Object__get__S=0x1001b5c5
#        --define_symbol ti_sysbios_hal_Hwi_HwiProxy_create=0x1001bc8d
#        --define_symbol ti_sysbios_gates_GateMutex_query__E=0x1001c0bd
#        --define_symbol ti_sysbios_knl_Swi_schedule__I=0x1001ad25
#        --define_symbol ti_sysbios_knl_Task_Params__init__S=0x1001c021
#        --define_symbol
#        ti_sysbios_family_arm_m3_Hwi_Params__init__S=0x1001bf79
#        --define_symbol ti_sysbios_family_arm_m3_Hwi_plug__E=0x1001bdc1
#        --define_symbol xdc_runtime_System_exitSpin__E=0x1001c7a3
#        --define_symbol
#        xdc_runtime_System_Module_GateProxy_query__E=0x1001c0b1
#        --define_symbol ti_sysbios_gates_GateMutex_construct=0x1001b541
#        --define_symbol
#        xdc_runtime_System_Module_GateProxy_leave__E=0x1001c79d
#        --define_symbol ti_sysbios_knl_Mailbox_pend__E=0x1001a535
#        --define_symbol
#        ti_sysbios_hal_Hwi_HwiProxy_Object__delete__S=0x1001b959
#        --define_symbol
#        ti_sysbios_family_arm_m3_TaskSupport_Module__startupDone__S=0x1001c0ad
#        --define_symbol
#        ti_sysbios_BIOS_RtsGateProxy_Params__init__S=0x1001bfb5
#        --define_symbol xdc_runtime_Core_assignLabel__I=0x1001c5b9
#        --define_symbol ti_sysbios_heaps_HeapMem_freeUnprotected__E=0x1001ab6d
#        --define_symbol
#        xdc_runtime_System_Module_GateProxy_enter__E=0x1001c799
#        --define_symbol xdc_runtime_System_exit__E=0x1001c6d5 --define_symbol
#        ti_sysbios_knl_Swi_Params__init__S=0x1001c015 --define_symbol
#        ti_sysbios_knl_Event_Object__destruct__S=0x1001bcc5 --define_symbol
#        ti_sysbios_knl_Clock_workFunc__E=0x1001a369 --define_symbol
#        ti_sysbios_family_arm_m3_Hwi_restoreFxn__E=0x1001c061 --define_symbol
#        ti_sysbios_family_arm_cc26xx_TimestampProvider_Module_startup__E=0x1001b919
#        --define_symbol ti_sysbios_knl_Semaphore_delete=0x1001c109
#        --define_symbol
#        ti_sysbios_family_arm_cc26xx_Timer_getPeriod__E=0x1001c09d
#        --define_symbol ti_sysbios_family_arm_m3_Hwi_initNVIC__E=0x1001a171
#        --define_symbol ti_sysbios_knl_Clock_addI__E=0x1001b7a5
#        --define_symbol
#        ti_sysbios_family_arm_m3_Hwi_Instance_finalize__E=0x1001a755
#        --define_symbol ti_sysbios_heaps_HeapMem_alloc__E=0x1001ab15
#        --define_symbol ti_sysbios_knl_Task_unblockI__E=0x1001b751
#        --define_symbol ti_sysbios_knl_Swi_Instance_finalize__E=0x1001bf77
#        --define_symbol
#        ti_sysbios_family_arm_m3_Hwi_disableInterrupt__E=0x1001af45
#        --define_symbol ti_sysbios_family_arm_m3_Hwi_enableFxn__E=0x1001bf91
#        --define_symbol xdc_runtime_Gate_enterSystem__E=0x1001c795
#        --define_symbol
#        ti_sysbios_gates_GateMutex_Object__delete__S=0x1001b88d
#        --define_symbol
#        ti_sysbios_family_arm_cc26xx_TimestampProvider_get64__E=0x1001b77d
#        --define_symbol ti_sysbios_knl_Mailbox_Instance_init__E=0x10019dad
#        --define_symbol xdc_runtime_Text_cordText__E=0x1001c621
#        --define_symbol xdc_runtime_Startup_exec__E=0x1001c415 --define_symbol
#        ti_sysbios_hal_Hwi_HwiProxy_Module__startupDone__S=0x1001b939
#        --define_symbol ti_sysbios_heaps_HeapMem_getStats__E=0x1001aefd
#        --define_symbol
#        xdc_runtime_Memory_getMaxDefaultTypeAlign__E=0x1001c75d
#        --define_symbol ti_sysbios_hal_Hwi_disableInterrupt__E=0x1001af45
#        --define_symbol ti_sysbios_knl_Event_post__E=0x1001a455
#        --define_symbol ti_sysbios_knl_Task_Object__get__S=0x1001bbf9
#        --define_symbol ti_sysbios_knl_Event_pendTimeout__I=0x1001b61d
#        --define_symbol ti_sysbios_family_arm_m3_Hwi_construct=0x1001aabd
#        --define_symbol
#        ti_sysbios_knl_Clock_TimerProxy_Module__startupDone__S=0x1001b8f9
#        --define_symbol ti_sysbios_knl_Clock_Module_startup__E=0x1001ba79
#        --define_symbol ti_sysbios_knl_Mailbox_construct=0x1001abc5
#        --define_symbol ti_sysbios_knl_Task_construct=0x1001ae19
#        --define_symbol xdc_runtime_Core_constructObject__I=0x1001c4f5
#        --define_symbol ti_sysbios_knl_Queue_dequeue__E=0x1001bff1
#        --define_symbol ti_sysbios_knl_Task_Module_startup__E=0x1001aa05
#        --define_symbol
#        ti_sysbios_family_arm_cc26xx_Timer_getExpiredTicks__E=0x1001c099
#        --define_symbol ti_sysbios_family_arm_m3_Hwi_Object__get__S=0x1001b515
#        --define_symbol ti_sysbios_knl_Mailbox_destruct=0x1001c0f5
#        --define_symbol xdc_runtime_System_Module_startup__E=0x1001c78f
#        --define_symbol ti_sysbios_knl_Swi_postInit__I=0x1001c119
#        --define_symbol
#        ti_sysbios_family_arm_m3_Hwi_Module_startup__E=0x1001aeb5
#        --define_symbol ti_sysbios_gates_GateMutex_enter__E=0x1001b3cd
#        --define_symbol ti_sysbios_family_arm_m3_Hwi_setPriority__E=0x1001bc55
#        --define_symbol ti_sysbios_knl_Queue_Object__get__S=0x1001bb79
#        --define_symbol ti_sysbios_knl_Clock_setTimeout__E=0x1001c0e5
#        --define_symbol
#        ti_sysbios_family_arm_m3_Hwi_excHandlerAsm__I=0x1001c901
#        --define_symbol ti_sysbios_family_arm_m3_Hwi_return=0x1001c957
#        --define_symbol ti_sysbios_family_arm_m3_Hwi_pendSV__I=0x1001c93f
#        --define_symbol ti_sysbios_family_arm_m3_Hwi_dispatch__I=0x1001c7a5
#        --define_symbol ti_sysbios_family_xxx_Hwi_switchAndRunFunc=0x1001c921
#        --define_symbol ti_sysbios_family_arm_m3_Hwi_initStacks__E=0x1001c8b9
#        --define_symbol ti_sysbios_knl_Task_swapReturn=0x1001c971
#        --define_symbol ti_sysbios_family_arm_m3_TaskSupport_glue=0x1001c959
#        --define_symbol
#        ti_sysbios_family_arm_m3_TaskSupport_buildTaskStack=0x1001c86d
#        --define_symbol
#        ti_sysbios_family_arm_m3_TaskSupport_swap__E=0x1001c969
#        --define_symbol ti_sysbios_knl_Task_SupportProxy_swap__E=0x1001c969
#        --define_symbol xdc_runtime_Startup__EXECFXN__C=1 --define_symbol
#        xdc_runtime_Startup__RESETFXN__C=1 --config_search
#        C:/ti/simplelink_cc2640r2_sdk_2_40_00_32/kernel/tirtos/packages/ti/sysbios/rom/cortexm/cc26xx/r2/golden/CC26xx/
#        --config_def USE_TIRTOS_ROM=1 --keep __ASM__ --keep __PLAT__ --keep
#        __ISA__ --keep __TARG__ --keep __TRDR__) -f
#        C:\ti\simplelink_cc2640r2_sdk_2_40_00_32\examples\rtos\CC2640R2_LAUNCHXL\ble5stack\mible_authen\tirtos\iar\app\..\config\lib_linker.cmd
#        (C:\ti\simplelink_cc2640r2_sdk_2_40_00_32\source\ti\ble5stack\blelib\cc26x0r2\ctrl\hci_pxxx.a
#        C:\ti\simplelink_cc2640r2_sdk_2_40_00_32\source\ti\ble5stack\blelib\cc26x0r2\ctrl\ll_pxxx.a
#        C:\ti\simplelink_cc2640r2_sdk_2_40_00_32\source\ti\ble5stack\blelib\cc26x0r2\hci_tl\hci_tl_none.a
#        C:\ti\simplelink_cc2640r2_sdk_2_40_00_32\source\ti\ble5stack\blelib\cc26x0r2\host\att_pxxx.a
#        C:\ti\simplelink_cc2640r2_sdk_2_40_00_32\source\ti\ble5stack\blelib\cc26x0r2\host\gap_pxxx.a
#        C:\ti\simplelink_cc2640r2_sdk_2_40_00_32\source\ti\ble5stack\blelib\cc26x0r2\host\gatt_pxxx.a
#        C:\ti\simplelink_cc2640r2_sdk_2_40_00_32\source\ti\ble5stack\blelib\cc26x0r2\host\l2cap_pxxx.a
#        C:\ti\simplelink_cc2640r2_sdk_2_40_00_32\source\ti\ble5stack\blelib\cc26x0r2\host\profiles_pxxx.a
#        C:\ti\simplelink_cc2640r2_sdk_2_40_00_32\source\ti\ble5stack\blelib\cc26x0r2\host\smp_pxxx.a
#        C:\ti\simplelink_cc2640r2_sdk_2_40_00_32\source\ti\ble5stack\blelib\cc26x0r2\host\sm_pxxx.a)
#        C:\ti\simplelink_cc2640r2_sdk_2_40_00_32\examples\rtos\CC2640R2_LAUNCHXL\ble5stack\mible_authen\tirtos\iar\app\..\config\ble_r2.symbols
#        C:\ti\simplelink_cc2640r2_sdk_2_40_00_32\examples\rtos\CC2640R2_LAUNCHXL\ble5stack\mible_authen\tirtos\iar\app\..\..\..\..\..\..\..\..\source\ti\devices\cc26x0r2\driverlib\bin\iar\driverlib.lib
#        C:\ti\simplelink_cc2640r2_sdk_2_40_00_32\examples\rtos\CC2640R2_LAUNCHXL\ble5stack\mible_authen\tirtos\iar\app\..\..\..\..\..\..\..\..\kernel\tirtos\packages\ti\dpl\lib\dpl_cc26x0r2.arm3
#        C:\ti\simplelink_cc2640r2_sdk_2_40_00_32\examples\rtos\CC2640R2_LAUNCHXL\ble5stack\mible_authen\tirtos\iar\app\..\..\..\..\..\..\..\..\source\ti\drivers\lib\drivers_cc26x0r2.arm3
#        C:\ti\simplelink_cc2640r2_sdk_2_40_00_32\examples\rtos\CC2640R2_LAUNCHXL\ble5stack\mible_authen\tirtos\iar\app\..\..\..\..\..\..\..\..\source\ti\drivers\rf\lib\rf_singleMode_cc26x0r2.arm3
#        C:\ti\simplelink_cc2640r2_sdk_2_40_00_32\examples\rtos\CC2640R2_LAUNCHXL\ble5stack\mible_authen\tirtos\iar\app\..\..\..\..\..\..\..\..\source\ti\display\lib\display.arm3
#        C:\ti\simplelink_cc2640r2_sdk_2_40_00_32\examples\rtos\CC2640R2_LAUNCHXL\ble5stack\mible_authen\tirtos\iar\app\..\..\..\..\..\..\..\..\source\ti\grlib\lib\iar\m3\grlib.a
#        C:\ti\simplelink_cc2640r2_sdk_2_40_00_32\examples\rtos\CC2640R2_LAUNCHXL\ble5stack\mible_authen\tirtos\iar\app\..\..\..\..\..\..\..\..\source\ti\ble5stack\mible\libs\mijia_std_authen_IAR_CC2640R2_1_1_4_752fc700.a
#        --entry __iar_program_start --vfe --text_out locale)
#
###############################################################################

*******************************************************************************
*** RUNTIME MODEL ATTRIBUTES
***

CppFlavor       = *
__SystemLibrary = DLib
__dlib_version  = 6


*******************************************************************************
*** HEAP SELECTION
***

The basic heap was selected because no calls to memory allocation
functions were found in the application outside of system library
functions, and there are calls to deallocation functions in the
application.


*******************************************************************************
*** RESERVED RANGES
***

Ranges reserved by absolute symbols:

         From           To   Size
         ----           --   ----
  0x1000'4945  0x1000'4966   0x22
  0x1000'4969  0x1000'498a   0x22
  0x1000'498d  0x1000'49ac   0x20
  0x1000'49ad  0x1000'49d8   0x2c
  0x1000'49d9  0x1000'49f8   0x20
  0x1000'49f9  0x1000'4a22   0x2a
  0x1000'4a25  0x1000'4a50   0x2c
  0x1000'4a61  0x1000'4a76   0x16
  0x1000'4a95  0x1000'4ab4   0x20
  0x1000'4ab5  0x1000'4ac0    0xc
  0x1000'4ac1  0x1000'4aec   0x2c
  0x1000'4aed  0x1000'4b48   0x5c
  0x1000'4b7d  0x1000'4bba   0x3e
  0x1000'4bbd  0x1000'4bd0   0x14
  0x1000'5701  0x1000'5728   0x28
  0x1000'5e85  0x1000'5f42   0xbe
  0x1000'5f95  0x1000'6046   0xb2
  0x1000'604d  0x1000'6140   0xf4
  0x1000'67d5  0x1000'6816   0x42
  0x1000'6819  0x1000'6854   0x3c
  0x1000'6859  0x1000'6866    0xe
  0x1000'68a1  0x1000'68be   0x1e
  0x1000'68c1  0x1000'68c4    0x4
  0x1000'68c5  0x1000'68c8    0x4
  0x1000'68c9  0x1000'68e8   0x20
  0x1000'6929  0x1000'693c   0x14
  0x1000'6941  0x1000'6962   0x22
  0x1000'6965  0x1000'69f0   0x8c
  0x1000'6ab5  0x1000'6b2a   0x76
  0x1000'6b59  0x1000'6b88   0x30
  0x1000'6b8d  0x1000'6c16   0x8a
  0x1000'6c95  0x1000'6c98    0x4
  0x1000'6c99  0x1000'6c9c    0x4
  0x1000'6cb9  0x1000'6cbc    0x4
  0x1000'6d75  0x1000'6d78    0x4
  0x1000'6d79  0x1000'6d7c    0x4
  0x1000'6dc1  0x1000'6de4   0x24
  0x1000'6ded  0x1000'6e20   0x34
  0x1000'6e21  0x1000'6e24    0x4
  0x1000'6e25  0x1000'6e42   0x1e
  0x1000'7071  0x1000'7072    0x2
  0x1000'7075  0x1000'70ae   0x3a
  0x1000'70b1  0x1000'713c   0x8c
  0x1000'713d  0x1000'7190   0x54
  0x1000'7829  0x1000'7868   0x40
  0x1000'7ff5  0x1000'8048   0x54
  0x1000'80b9  0x1000'80f0   0x38
  0x1000'8635  0x1000'8668   0x34
  0x1000'8669  0x1000'8690   0x28
  0x1000'8691  0x1000'8696    0x6
  0x1000'8e45  0x1000'8ecc   0x88
  0x1000'8fbd  0x1000'8fda   0x1e
  0x1000'929d  0x1000'92a6    0xa
  0x1000'92d1  0x1000'92e8   0x18
  0x1000'9475  0x1000'94b8   0x44
  0x1000'94b9  0x1000'94da   0x22
  0x1000'a551  0x1000'a55c    0xc
  0x1000'a55d  0x1000'a582   0x26
  0x1000'a5a9  0x1000'a5ac    0x4
  0x1000'a5ad  0x1000'a5b0    0x4
  0x1000'a5b1  0x1000'a5d6   0x26
  0x1000'a7f1  0x1000'a7fc    0xc
  0x1000'a7fd  0x1000'a838   0x3c
  0x1000'a839  0x1000'a872   0x3a
  0x1000'a875  0x1000'a890   0x1c
  0x1000'a91d  0x1000'a958   0x3c
  0x1000'a97d  0x1000'a9b6   0x3a
  0x1000'a9b9  0x1000'a9e2   0x2a
  0x1000'a9f1  0x1000'aa4e   0x5e
  0x1000'ab05  0x1000'ab22   0x1e
  0x1000'ab89  0x1000'abc2   0x3a
  0x1000'abe5  0x1000'ac08   0x24
  0x1000'ac09  0x1000'ac3e   0x36
  0x1000'ac41  0x1000'ac5e   0x1e
  0x1000'ac61  0x1000'ac7e   0x1e
  0x1000'ac81  0x1000'ac9e   0x1e
  0x1000'ae21  0x1000'ae4a   0x2a
  0x1000'af8d  0x1000'afa8   0x1c
  0x1000'afa9  0x1000'afc4   0x1c
  0x1000'b079  0x1000'b0ba   0x42
  0x1000'b0bd  0x1000'b0d8   0x1c
  0x1000'b16d  0x1000'b186   0x1a
  0x1000'b24d  0x1000'b26a   0x1e
  0x1000'b26d  0x1000'b288   0x1c
  0x1000'b289  0x1000'b2a6   0x1e
  0x1000'b2bd  0x1000'b2de   0x22
  0x1000'b95d  0x1000'b986   0x2a
  0x1000'b9d9  0x1000'ba2e   0x56
  0x1000'ba8d  0x1000'bab0   0x24
  0x1000'bab1  0x1000'bb76   0xc6
  0x1000'bb91  0x1000'bc2a   0x9a
  0x1000'bc2d  0x1000'bc92   0x66
  0x1000'bca5  0x1000'bcec   0x48
  0x1000'bd51  0x1000'bd78   0x28
  0x1000'bd79  0x1000'be20   0xa8
  0x1000'be21  0x1000'be70   0x50
  0x1000'be71  0x1000'bee2   0x72
  0x1000'bee5  0x1000'bf64   0x80
  0x1000'bf65  0x1000'bfca   0x66
  0x1000'c1c9  0x1000'c3d6  0x20e
  0x1000'c695  0x1000'c70c   0x78
  0x1000'c749  0x1000'c7fa   0xb2
  0x1000'c825  0x1000'c884   0x60
  0x1000'c8ad  0x1000'c91a   0x6e
  0x1000'c921  0x1000'c9e2   0xc2
  0x1000'ca01  0x1000'ca5c   0x5c
  0x1000'ca69  0x1000'cacc   0x64
  0x1000'cb35  0x1000'cb5a   0x26
  0x1000'eb91  0x1000'ec8e   0xfe
  0x1000'ec99  0x1000'eca0    0x8
  0x1000'eca1  0x1000'ecda   0x3a
  0x1000'edf9  0x1000'ee22   0x2a
  0x1000'eef1  0x1000'ef30   0x40
  0x1000'f01d  0x1000'f05a   0x3e
  0x1000'f05d  0x1000'f0bc   0x60
  0x1000'f0bd  0x1000'f0d8   0x1c
  0x1000'f0d9  0x1000'f128   0x50
  0x1000'f129  0x1000'f146   0x1e
  0x1000'f149  0x1000'f170   0x28
  0x1000'f18d  0x1000'f1bc   0x30
  0x1000'f1bd  0x1000'f214   0x58
  0x1000'f215  0x1000'f2b8   0xa4
  0x1000'f2b9  0x1000'f35a   0xa2
  0x1000'f35d  0x1000'f396   0x3a
  0x1000'f435  0x1000'f452   0x1e
  0x1000'f465  0x1000'f4e4   0x80
  0x1000'f501  0x1000'f54e   0x4e
  0x1000'f565  0x1000'f58c   0x28
  0x1000'f58d  0x1000'f604   0x78
  0x1000'f819  0x1000'f850   0x38
  0x1000'f855  0x1000'f866   0x12
  0x1000'f869  0x1000'f896   0x2e
  0x1000'f899  0x1000'f8aa   0x12
  0x1000'f8c1  0x1000'f8ec   0x2c
  0x1000'f8fd  0x1000'f90e   0x12
  0x1000'f911  0x1000'f984   0x74
  0x1000'f985  0x1000'f9ca   0x46
  0x1000'f9cd  0x1000'f9ee   0x22
  0x1000'f9f1  0x1000'fa38   0x48
  0x1000'fa89  0x1000'fb06   0x7e
  0x1000'fb09  0x1000'fbbe   0xb6
  0x1000'fc09  0x1000'fc10    0x8
  0x1000'fd55  0x1000'fdba   0x66
  0x1000'fdbd  0x1000'fe04   0x48
  0x1000'fe05  0x1000'fe9e   0x9a
  0x1000'fead  0x1000'feba    0xe
  0x1000'febd  0x1000'fece   0x12
  0x1000'fedd  0x1000'ffca   0xee
  0x1000'ffcd  0x1001'0042   0x76
  0x1001'0045  0x1001'009c   0x58
  0x1001'00ad  0x1001'00c6   0x1a
  0x1001'00c9  0x1001'00e6   0x1e
  0x1001'026d  0x1001'0270    0x4
  0x1001'039d  0x1001'03be   0x22
  0x1001'03c1  0x1001'03e2   0x22
  0x1001'049d  0x1001'04e8   0x4c
  0x1001'0519  0x1001'059c   0x84
  0x1001'059d  0x1001'0618   0x7c
  0x1001'0619  0x1001'061c    0x4
  0x1001'061d  0x1001'0632   0x16
  0x1001'0635  0x1001'065a   0x26
  0x1001'065d  0x1001'0684   0x28
  0x1001'0685  0x1001'069a   0x16
  0x1001'069d  0x1001'06b6   0x1a
  0x1001'06b9  0x1001'06d2   0x1a
  0x1001'06e1  0x1001'070e   0x2e
  0x1001'071d  0x1001'07ac   0x90
  0x1001'07b9  0x1001'07be    0x6
  0x1001'07d1  0x1001'0880   0xb0
  0x1001'0881  0x1001'08c0   0x40
  0x1001'08f9  0x1001'090e   0x16
  0x1001'0a7d  0x1001'0bc0  0x144
  0x1001'0cd5  0x1001'0d5c   0x88
  0x1001'0ea9  0x1001'0fae  0x106
  0x1001'1205  0x1001'12ca   0xc6
  0x1001'134d  0x1001'1408   0xbc
  0x1001'1409  0x1001'142e   0x26
  0x1001'1489  0x1001'1496    0xe
  0x1001'1499  0x1001'14a6    0xe
  0x1001'14d5  0x1001'14e2    0xe
  0x1001'1829  0x1001'187c   0x54
  0x1001'194d  0x1001'1982   0x36
  0x1001'1ac1  0x1001'1af6   0x36
  0x1001'1b85  0x1001'1bf6   0x72
  0x1001'1c35  0x1001'1c8c   0x58
  0x1001'1dc1  0x1001'1e00   0x40
  0x1001'20f9  0x1001'20fe    0x6
  0x1001'21a5  0x1001'21b6   0x12
  0x1001'225d  0x1001'2340   0xe4
  0x1001'234d  0x1001'2362   0x16
  0x1001'2365  0x1001'239c   0x38
  0x1001'23b1  0x1001'23de   0x2e
  0x1001'2445  0x1001'2458   0x14
  0x1001'2459  0x1001'2464    0xc
  0x1001'2521  0x1001'2622  0x102
  0x1001'2625  0x1001'2770  0x14c
  0x1001'2789  0x1001'2842   0xba
  0x1001'284d  0x1001'2860   0x14
  0x1001'2861  0x1001'287c   0x1c
  0x1001'287d  0x1001'2894   0x18
  0x1001'2895  0x1001'295e   0xca
  0x1001'2961  0x1001'2ae4  0x184
  0x1001'2b01  0x1001'2bfa   0xfa
  0x1001'2c45  0x1001'2d22   0xde
  0x1001'2f65  0x1001'305e   0xfa
  0x1001'3061  0x1001'308e   0x2e
  0x1001'3091  0x1001'3158   0xc8
  0x1001'3165  0x1001'31ec   0x88
  0x1001'31ed  0x1001'3324  0x138
  0x1001'3335  0x1001'3362   0x2e
  0x1001'3365  0x1001'3450   0xec
  0x1001'3451  0x1001'34ca   0x7a
  0x1001'34cd  0x1001'353a   0x6e
  0x1001'353d  0x1001'3588   0x4c
  0x1001'3589  0x1001'35fc   0x74
  0x1001'35fd  0x1001'3636   0x3a
  0x1001'36a1  0x1001'36ee   0x4e
  0x1001'4cd1  0x1001'4ce4   0x14
  0x1001'4ce5  0x1001'4cf8   0x14
  0x1001'4cf9  0x1001'4d72   0x7a
  0x1001'4d75  0x1001'4e04   0x90
  0x1001'4e05  0x1001'4e2a   0x26
  0x1001'4e2d  0x1001'4e5e   0x32
  0x1001'4e69  0x1001'4eb6   0x4e
  0x1001'4eb9  0x1001'4f50   0x98
  0x1001'4f51  0x1001'4fac   0x5c
  0x1001'4fad  0x1001'4fea   0x3e
  0x1001'4fed  0x1001'502c   0x40
  0x1001'502d  0x1001'5058   0x2c
  0x1001'5059  0x1001'5092   0x3a
  0x1001'5095  0x1001'5096    0x2
  0x1001'5099  0x1001'50a2    0xa
  0x1001'50a5  0x1001'50a8    0x4
  0x1001'5189  0x1001'51da   0x52
  0x1001'51dd  0x1001'5236   0x5a
  0x1001'5239  0x1001'5266   0x2e
  0x1001'5269  0x1001'52a8   0x40
  0x1001'52a9  0x1001'52ba   0x12
  0x1001'52bd  0x1001'52e6   0x2a
  0x1001'52e9  0x1001'5308   0x20
  0x1001'5309  0x1001'5318   0x10
  0x1001'5321  0x1001'534a   0x2a
  0x1001'534d  0x1001'5384   0x38
  0x1001'5385  0x1001'5390    0xc
  0x1001'5391  0x1001'53fa   0x6a
  0x1001'53fd  0x1001'542c   0x30
  0x1001'542d  0x1001'544e   0x22
  0x1001'5be5  0x1001'5c48   0x64
  0x1001'5c49  0x1001'5c5a   0x12
  0x1001'5c81  0x1001'5c8a    0xa
  0x1001'5c8d  0x1001'5c90    0x4
  0x1001'5cbd  0x1001'5cc6    0xa
  0x1001'5cc9  0x1001'5ce0   0x18
  0x1001'5d41  0x1001'5d88   0x48
  0x1001'5d89  0x1001'5d90    0x8
  0x1001'5de5  0x1001'5e26   0x42
  0x1001'5e29  0x1001'5e2a    0x2
  0x1001'5e51  0x1001'5e5a    0xa
  0x1001'5e6d  0x1001'5e70    0x4
  0x1001'5e75  0x1001'5e9e   0x2a
  0x1001'5ed1  0x1001'5eda    0xa
  0x1001'5ef9  0x1001'5efc    0x4
  0x1001'5f15  0x1001'5f2c   0x18
  0x1001'5f2d  0x1001'5f30    0x4
  0x1001'5f35  0x1001'5f38    0x4
  0x1001'5f79  0x1001'5fa0   0x28
  0x1001'5fa1  0x1001'5fa4    0x4
  0x1001'5ffd  0x1001'600e   0x12
  0x1001'601d  0x1001'6020    0x4
  0x1001'6111  0x1001'616c   0x5c
  0x1001'6179  0x1001'61a2   0x2a
  0x1001'61e9  0x1001'621c   0x34
  0x1001'621d  0x1001'6244   0x28
  0x1001'6255  0x1001'6266   0x12
  0x1001'6269  0x1001'627a   0x12
  0x1001'627d  0x1001'632c   0xb0
  0x1001'640d  0x1001'6426   0x1a
  0x1001'6429  0x1001'6442   0x1a
  0x1001'6445  0x1001'645e   0x1a
  0x1001'6461  0x1001'647a   0x1a
  0x1001'647d  0x1001'648c   0x10
  0x1001'648d  0x1001'64aa   0x1e
  0x1001'64ad  0x1001'64c6   0x1a
  0x1001'64c9  0x1001'64e2   0x1a
  0x1001'64e5  0x1001'6510   0x2c
  0x1001'6511  0x1001'653a   0x2a
  0x1001'6549  0x1001'6562   0x1a
  0x1001'6579  0x1001'659c   0x24
  0x1001'659d  0x1001'65b6   0x1a
  0x1001'65c9  0x1001'65ec   0x24
  0x1001'65ed  0x1001'6606   0x1a
  0x1001'6609  0x1001'6622   0x1a
  0x1001'6625  0x1001'6646   0x22
  0x1001'6649  0x1001'666a   0x22
  0x1001'666d  0x1001'669a   0x2e
  0x1001'669d  0x1001'66c6   0x2a
  0x1001'66d9  0x1001'66f4   0x1c
  0x1001'66f5  0x1001'670c   0x18
  0x1001'6729  0x1001'673a   0x12
  0x1001'673d  0x1001'6790   0x54
  0x1001'6c1d  0x1001'6c48   0x2c
  0x1001'6c65  0x1001'6c84   0x20
  0x1001'6d29  0x1001'6d70   0x48
  0x1001'6d71  0x1001'6dce   0x5e
  0x1001'6e1d  0x1001'6e56   0x3a
  0x1001'6e59  0x1001'6e86   0x2e
  0x1001'6e89  0x1001'6e9c   0x14
  0x1001'6f01  0x1001'6f16   0x16
  0x1001'714d  0x1001'71ac   0x60
  0x1001'71ad  0x1001'71ca   0x1e
  0x1001'71cd  0x1001'71e2   0x16
  0x1001'71e5  0x1001'720c   0x28
  0x1001'720d  0x1001'721e   0x12
  0x1001'7221  0x1001'7232   0x12
  0x1001'7235  0x1001'7256   0x22
  0x1001'7259  0x1001'729c   0x44
  0x1001'729d  0x1001'72d8   0x3c
  0x1001'72f9  0x1001'7334   0x3c
  0x1001'75d9  0x1001'7614   0x3c
  0x1001'7615  0x1001'76c0   0xac
  0x1001'76c1  0x1001'7714   0x54
  0x1001'7715  0x1001'7762   0x4e
  0x1001'79c9  0x1001'7a4e   0x86
  0x1001'7a51  0x1001'7ad8   0x88
  0x1001'7ad9  0x1001'7b26   0x4e
  0x1001'7b31  0x1001'7bae   0x7e
  0x1001'7bbd  0x1001'7c3c   0x80
  0x1001'7c3d  0x1001'7cc6   0x8a
  0x1001'7cc9  0x1001'7d24   0x5c
  0x1001'7de5  0x1001'7e02   0x1e
  0x1001'7ed5  0x1001'7f06   0x32
  0x1001'7fb1  0x1001'7fd4   0x24
  0x1001'8019  0x1001'801e    0x6
  0x1001'8021  0x1001'803a   0x1a
  0x1001'803d  0x1001'804a    0xe
  0x1001'80e5  0x1001'8104   0x20
  0x1001'8121  0x1001'8128    0x8
  0x1001'814d  0x1001'817a   0x2e
  0x1001'817d  0x1001'81aa   0x2e
  0x1001'81ad  0x1001'81de   0x32
  0x1001'81e1  0x1001'81f2   0x12
  0x1001'81f5  0x1001'82a6   0xb2
  0x1001'82a9  0x1001'830a   0x62
  0x1001'830d  0x1001'8320   0x14
  0x1001'8321  0x1001'833e   0x1e
  0x1001'8341  0x1001'835c   0x1c
  0x1001'838d  0x1001'83b0   0x24
  0x1001'83b1  0x1001'8404   0x54
  0x1001'8405  0x1001'8488   0x84
  0x1001'8489  0x1001'84a2   0x1a
  0x1001'85a5  0x1001'85aa    0x6
  0x1001'8775  0x1001'877a    0x6
  0x1001'877d  0x1001'8784    0x8
  0x1001'8785  0x1001'87a4   0x20
  0x1001'87a5  0x1001'87aa    0x6
  0x1001'8851  0x1001'8856    0x6
  0x1001'8859  0x1001'8878   0x20
  0x1001'88fd  0x1001'8906    0xa
  0x1001'8bb1  0x1001'8bec   0x3c
  0x1001'8c11  0x1001'8c24   0x14
  0x1001'8c25  0x1001'8c48   0x24
  0x1001'8df9  0x1001'8e30   0x38
  0x1001'8e31  0x1001'8e36    0x6
  0x1001'8e39  0x1001'8e56   0x1e
  0x1001'8e59  0x1001'8e80   0x28
  0x1001'8e81  0x1001'8eba   0x3a
  0x1001'8ebd  0x1001'8eee   0x32
  0x1001'8ef1  0x1001'8f20   0x30
  0x1001'8f2d  0x1001'8f50   0x24
  0x1001'8f51  0x1001'8f74   0x24
  0x1001'8f91  0x1001'8fb4   0x24
  0x1001'8fbd  0x1001'8fec   0x30
  0x1001'8fed  0x1001'8ffc   0x10
  0x1001'8ffd  0x1001'9024   0x28
  0x1001'9025  0x1001'9034   0x10
  0x1001'9045  0x1001'9062   0x1e
  0x1001'9065  0x1001'9082   0x1e
  0x1001'9099  0x1001'90ce   0x36
  0x1001'90d9  0x1001'9102   0x2a
  0x1001'9105  0x1001'9184   0x80
  0x1001'9185  0x1001'919a   0x16
  0x1001'9209  0x1001'921e   0x16
  0x1001'9231  0x1001'9274   0x44
  0x1001'9275  0x1001'9290   0x1c
  0x1001'9291  0x1001'929c    0xc
  0x1001'929d  0x1001'92a2    0x6
  0x1001'92b9  0x1001'92ba    0x2
  0x1001'9385  0x1001'9398   0x14
  0x1001'9445  0x1001'9462   0x1e
  0x1001'9465  0x1001'9518   0xb4
  0x1001'9535  0x1001'9548   0x14
  0x1001'95a1  0x1001'95aa    0xa
  0x1001'95ad  0x1001'95c8   0x1c
  0x1001'97b1  0x1001'97b8    0x8
  0x1001'97b9  0x1001'97d2   0x1a
  0x1001'97dd  0x1001'97e0    0x4
  0x1001'9808  0x1001'982b   0x24
  0x1001'982c  0x1001'984f   0x24
  0x1001'9850  0x1001'9873   0x24
  0x1001'9874  0x1001'9897   0x24
  0x1001'9898  0x1001'98bb   0x24
  0x1001'98bc  0x1001'98df   0x24
  0x1001'99f0  0x1001'99ff   0x10
  0x1001'9a10  0x1001'9a1b    0xc
  0x1001'9a40  0x1001'9a43    0x4
  0x2000'0000  0x2000'00c7   0xc8
  0x2000'4564  0x2000'4567    0x4
  0x2000'459c  0x2000'459d    0x2
  0x2000'45a2  0x2000'45a2    0x1
  0x2000'45a4  0x2000'45a4    0x1
  0x2000'45a5  0x2000'45a5    0x1
  0x2000'45a6  0x2000'45a6    0x1
  0x2000'45a7  0x2000'45a7    0x1
  0x2000'45a8  0x2000'45a8    0x1
  0x2000'47cc  0x2000'48a7   0xdc
  0x2000'48a8  0x2000'4983   0xdc
  0x2000'4988  0x2000'4a1f   0x98
  0x2000'4a68  0x2000'4aab   0x44
  0x2000'4b4c  0x2000'4b7b   0x30
  0x2000'4b7c  0x2000'4bab   0x30
  0x2000'4c14  0x2000'4c33   0x20
  0x2000'4c50  0x2000'4c6b   0x1c
  0x2000'4cfc  0x2000'4d13   0x18
  0x2000'4d14  0x2000'4d2b   0x18
  0x2000'4d5c  0x2000'4d6f   0x14
  0x2000'4d70  0x2000'4d83   0x14
  0x2000'4da4  0x2000'4db3   0x10
  0x2000'4dc4  0x2000'4dd3   0x10
  0x2000'4de0  0x2000'4deb    0xc
  0x2000'4df8  0x2000'4e03    0xc
  0x2000'4e04  0x2000'4e0b    0x8
  0x2000'4e0c  0x2000'4e13    0x8
  0x2000'4e14  0x2000'4e1b    0x8
  0x2000'4e1c  0x2000'4e23    0x8
  0x2000'4e24  0x2000'4e2b    0x8
  0x2000'4e2c  0x2000'4e33    0x8
  0x2000'4e34  0x2000'4e3b    0x8
  0x2000'4e3c  0x2000'4e43    0x8
  0x2000'4e44  0x2000'4e4b    0x8
  0x2000'4e50  0x2000'4e57    0x8
  0x2000'4e60  0x2000'4e67    0x8
  0x2000'4e68  0x2000'4e6f    0x8
  0x2000'4e78  0x2000'4e7f    0x8
  0x2000'4e88  0x2000'4e8b    0x4
  0x2000'4e8c  0x2000'4e8f    0x4
  0x2000'4e90  0x2000'4e93    0x4
  0x2000'4e94  0x2000'4e97    0x4
  0x2000'4ea4  0x2000'4ea7    0x4
  0x2000'4ea8  0x2000'4eab    0x4
  0x2000'4eac  0x2000'4eaf    0x4
  0x2000'4ed8  0x2000'4edb    0x4
  0x2000'4ee0  0x2000'4ee3    0x4
  0x2000'4ee8  0x2000'4eeb    0x4
  0x2000'4eec  0x2000'4eef    0x4
  0x2000'4ef0  0x2000'4ef3    0x4
  0x2000'4ef4  0x2000'4ef7    0x4
  0x2000'4ef8  0x2000'4efb    0x4
  0x2000'4efc  0x2000'4eff    0x4
  0x2000'4f00  0x2000'4f03    0x4
  0x2000'4f04  0x2000'4f07    0x4
  0x2000'4f08  0x2000'4f0b    0x4
  0x2000'4f0c  0x2000'4f0f    0x4
  0x2000'4f20  0x2000'4f23    0x4
  0x2000'4f28  0x2000'4f2b    0x4
  0x2000'4f2c  0x2000'4f2f    0x4
  0x2000'4f30  0x2000'4f33    0x4
  0x2000'4f34  0x2000'4f37    0x4
  0x2000'4f38  0x2000'4f3b    0x4
  0x2000'4f3e  0x2000'4f3f    0x2
  0x2000'4f42  0x2000'4f43    0x2
  0x2000'4f44  0x2000'4f45    0x2
  0x2000'4f46  0x2000'4f47    0x2
  0x2000'4f48  0x2000'4f49    0x2
  0x2000'4f4a  0x2000'4f4b    0x2
  0x2000'4f4c  0x2000'4f4d    0x2
  0x2000'4f4e  0x2000'4f4f    0x2
  0x2000'4f50  0x2000'4f51    0x2
  0x2000'4f52  0x2000'4f53    0x2
  0x2000'4f54  0x2000'4f55    0x2
  0x2000'4f58  0x2000'4f58    0x1
  0x2000'4f59  0x2000'4f59    0x1
  0x2000'4f5a  0x2000'4f5a    0x1
  0x2000'4f5c  0x2000'4f5c    0x1
  0x2000'4f5d  0x2000'4f5d    0x1
  0x2000'4f60  0x2000'4f60    0x1
  0x2000'4f61  0x2000'4f61    0x1
  0x2000'4f62  0x2000'4f62    0x1
  0x2000'4f65  0x2000'4f65    0x1
  0x2000'4f69  0x2000'4f69    0x1
  0x2000'4f6a  0x2000'4f6a    0x1
  0x2000'4f6b  0x2000'4f6b    0x1
  0x2000'4f6c  0x2000'4f6c    0x1
  0x2000'4f6d  0x2000'4f6d    0x1
  0x2000'4f6e  0x2000'4f6e    0x1
  0x2000'4f6f  0x2000'4f6f    0x1
  0x2000'4f70  0x2000'4f70    0x1
  0x2000'4f71  0x2000'4f71    0x1
  0x2000'4f72  0x2000'4f72    0x1
  0x2000'4f73  0x2000'4f73    0x1
  0x2000'4f74  0x2000'4f74    0x1
  0x2000'4f75  0x2000'4f75    0x1
  0x2000'4f76  0x2000'4f76    0x1
  0x2000'4f77  0x2000'4f77    0x1
  0x2000'4f78  0x2000'4f78    0x1
  0x2000'4f79  0x2000'4f79    0x1
  0x2000'4f7a  0x2000'4f7a    0x1
  0x2000'4f7b  0x2000'4f7b    0x1
  0x2000'4f7c  0x2000'4f7c    0x1
  0x2000'4f7d  0x2000'4f7d    0x1
  0x2000'4f80  0x2000'4f83    0x4
  0x2000'4f84  0x2000'4f87    0x4
  0x2000'4f88  0x2000'4f8b    0x4
  0x2000'4f8c  0x2000'4f8f    0x4
  0x2000'4f90  0x2000'4f93    0x4
  0x2000'4f94  0x2000'4f97    0x4
  0x2000'4f98  0x2000'4f9b    0x4
  0x2000'4f9c  0x2000'4f9c    0x1


*******************************************************************************
*** PLACEMENT SUMMARY
***

"P1":  place in [from 0x0 to 0x1'efff] |
                [from 0x1'f000 to 0x1'ffff] { ro };
"A0":  place at end of [from 0x1'f000 to 0x1'ffff] { ro section .ccfg };
"A1":  place at 0x0 { ro section .intvec };
define block SNVSECT with alignment = 4K { ro section .snvSectors };
"A2":  place at end of [from 0x0 to 0x1'efff] { block SNVSECT };
define block GPDATA { section .bss, rw object UartLog.o, rw object board.o };
"P2":  place in [from 0x1100'0000 to 0x1100'2000] { block GPDATA }
          except { object ll.o, object ll_ae.o };
define block HEAP_END with size = 1 { section .heap_end };
define block CSTACK with size = 1K, alignment = 8 { section .stack };
define block END_OF_RAM with fixed order { block HEAP_END, block CSTACK };
"A4":  place at end of [from 0x2000'0000 to 0x2000'43ff] { block END_OF_RAM };
define block RWDATA with alignment = 8 { rw };
"P3":  place in [from 0x2000'0000 to 0x2000'43ff] {
          block RWDATA, last section .heap_start };
"A5":  place at 0x1300 { ro section .const_xdc_runtime_Error_policy__C };
"A6":  place at 0x12b8 {
          ro section .const_xdc_runtime_IModule_Interface__BASE__C };
"A7":  place at 0x1298 { ro section .const_xdc_runtime_Startup_lastFxns__C };
"A8":  place at 0x1130 {
          ro section .const_ti_sysbios_knl_Event_Object__DESC__C };
"A9":  place at 0x10b0 {
          ro section .const_ti_sysbios_gates_GateMutex_Object__DESC__C };
"A10": place at 0x1310 {
          ro section .const_ti_sysbios_rom_ROM_ti_sysbios_family_arm_cc26xx_Timer_initDevice__I };
"A11": place at 0x12c0 { ro section .const_xdc_runtime_Startup_execImpl__C };
"A12": place at 0x130c {
          ro section .const_ti_sysbios_rom_ROM_ti_sysbios_family_arm_cc26xx_Timer_getMaxTicks__E };
"A13": place at 0x125c {
          ro section .const_ti_sysbios_knl_Swi_Object__count__C };
"A14": place at 0x11f0 { ro section .const_ti_sysbios_knl_Idle_funcList__C };
"A15": place at 0x12fe { ro section .const_xdc_runtime_Text_isLoaded__C };
"A16": place at 0x1110 {
          ro section .const_ti_sysbios_knl_Clock_Object__DESC__C };
"A17": place at 0x1258 {
          ro section .const_ti_sysbios_knl_Semaphore_eventSync__C };
"A18": place at 0x104c {
          ro section .const_ti_sysbios_gates_GateMutex_Module__FXNS__C };
"A19": place at 0x1284 {
          ro section .const_ti_sysbios_family_arm_m3_Hwi_Module__id__C };
"A20": place at 0x1280 {
          ro section .const_ti_sysbios_family_arm_cc26xx_Timer_Module__id__C };
"A21": place at 0x1244 {
          ro section .const_ti_sysbios_knl_Mailbox_Object__table__C };
"A22": place at 0x120c {
          ro section .const_ti_sysbios_family_arm_m3_Hwi_Object__table__C };
"A23": place at 0x11b0 { ro section .const_ti_sysbios_knl_Swi_Object__DESC__C };
"A24": place at 0x12fc { ro section .const_xdc_runtime_Text_charCnt__C };
"A25": place at 0x12ac { ro section .const_xdc_runtime_Error_raiseHook__C };
"A26": place at 0x131c {
          ro section .const_ti_sysbios_rom_ROM_ti_sysbios_family_arm_cc26xx_Timer_start__E };
"A27": place at 0x1234 {
          ro section .const_ti_sysbios_heaps_HeapMem_Object__table__C };
"A28": place at 0x12a8 { ro section .const_xdc_runtime_Error_policyFxn__C };
"A29": place at 0x1304 {
          ro section .const_ti_sysbios_rom_ROM_ti_sysbios_family_arm_cc26xx_Timer_getCount64__E };
"A30": place at 0x1290 { ro section .const_xdc_runtime_Startup_firstFxns__C };
"A31": place at 0x12e8 { ro section .const_xdc_runtime_Text_charTab__C };
"A32": place at 0x1320 {
          ro section .const_ti_sysbios_rom_ROM_ti_sysbios_family_arm_cc26xx_TimestampProvider_get32__E };
"A33": place at 0x12f8 { ro section .const_xdc_runtime_Error_maxDepth__C };
"A34": place at 0x1308 {
          ro section .const_ti_sysbios_rom_ROM_ti_sysbios_family_arm_cc26xx_Timer_getCurrentTick__E };
"A35": place at 0x1224 {
          ro section .const_ti_sysbios_family_arm_m3_TaskSupport_stackAlignment__C };
"A36": place at 0x1204 {
          ro section .const_ti_sysbios_family_arm_m3_Hwi_NUM_INTERRUPTS__C };
"A37": place at 0x123c {
          ro section .const_ti_sysbios_knl_Clock_triggerClock__C };
"A38": place at 0x1260 {
          ro section .const_ti_sysbios_knl_Swi_Object__table__C };
"A39": place at 0x12fa { ro section .const_xdc_runtime_Memory_Module__id__C };
"A40": place at 0x122c {
          ro section .const_ti_sysbios_heaps_HeapMem_Module__gateObj__C };
"A41": place at 0x11f8 {
          ro section .const_ti_sysbios_family_arm_cc26xx_Timer_startupNeeded__C };
"A42": place at 0x1170 {
          ro section .const_ti_sysbios_knl_Queue_Object__DESC__C };
"A43": place at 0x11d0 {
          ro section .const_ti_sysbios_knl_Task_Object__DESC__C };
"A44": place at 0x12a0 {
          ro section .const_xdc_runtime_Assert_E_assertFailed__C };
"A45": place at 0x1286 {
          ro section .const_ti_sysbios_gates_GateHwi_Module__id__C };
"A46": place at 0x12b4 {
          ro section .const_xdc_runtime_IHeap_Interface__BASE__C };
"A47": place at 0x12d8 { ro section .const_xdc_runtime_SysCallback_exitFxn__C };
"A48": place at 0x128a {
          ro section .const_ti_sysbios_heaps_HeapMem_Module__id__C };
"A49": place at 0x1214 {
          ro section .const_ti_sysbios_family_arm_m3_Hwi_excHandlerFunc__C };
"A50": place at 0x1000 {
          ro section .const_ti_sysbios_heaps_HeapMem_Module__FXNS__C };
"A51": place at 0x12e4 {
          ro section .const_xdc_runtime_System_maxAtexitHandlers__C };
"A52": place at 0x124c {
          ro section .const_ti_sysbios_knl_Queue_Object__count__C };
"A53": place at 0x126c {
          ro section .const_ti_sysbios_knl_Task_Object__table__C };
"A54": place at 0x1150 {
          ro section .const_ti_sysbios_knl_Mailbox_Object__DESC__C };
"A55": place at 0x1218 {
          ro section .const_ti_sysbios_family_arm_m3_Hwi_nullIsrFunc__C };
"A56": place at 0x128e { ro section .const_ti_sysbios_knl_Clock_tickMode__C };
"A57": place at 0x1288 {
          ro section .const_ti_sysbios_gates_GateMutex_Module__id__C };
"A58": place at 0x1264 {
          ro section .const_ti_sysbios_knl_Swi_numPriorities__C };
"A59": place at 0x127c {
          ro section .const_ti_sysbios_knl_Task_numConstructedTasks__C };
"A60": place at 0x12c4 { ro section .const_xdc_runtime_Startup_maxPasses__C };
"A61": place at 0x128c {
          ro section .const_ti_sysbios_knl_Task_initStackFlag__C };
"A62": place at 0x12dc { ro section .const_xdc_runtime_System_abortFxn__C };
"A63": place at 0x1028 {
          ro section .const_ti_sysbios_gates_GateHwi_Module__FXNS__C };
"A64": place at 0x10d0 { ro section .const_ti_sysbios_hal_Hwi_Object__DESC__C };
"A65": place at 0x1220 {
          ro section .const_ti_sysbios_family_arm_m3_Hwi_priGroup__C };
"A66": place at 0x12a4 { ro section .const_xdc_runtime_Error_E_memory__C };
"A67": place at 0x11fc {
          ro section .const_ti_sysbios_family_arm_m3_Hwi_E_alreadyDefined__C };
"A68": place at 0x1250 {
          ro section .const_ti_sysbios_knl_Queue_Object__table__C };
"A69": place at 0x1254 {
          ro section .const_ti_sysbios_knl_Semaphore_eventPost__C };
"A70": place at 0x12e0 { ro section .const_xdc_runtime_System_exitFxn__C };
"A71": place at 0x1314 {
          ro section .const_ti_sysbios_rom_ROM_ti_sysbios_family_arm_cc26xx_Timer_setNextTick__E };
"A72": place at 0x1238 {
          ro section .const_ti_sysbios_heaps_HeapMem_reqAlign__C };
"A73": place at 0x12c8 { ro section .const_xdc_runtime_Startup_sfxnRts__C };
"A74": place at 0x1190 {
          ro section .const_ti_sysbios_knl_Semaphore_Object__DESC__C };
"A75": place at 0x1090 {
          ro section .const_ti_sysbios_gates_GateHwi_Object__DESC__C };
"A76": place at 0x1230 {
          ro section .const_ti_sysbios_heaps_HeapMem_Object__count__C };
"A77": place at 0x121c {
          ro section .const_ti_sysbios_family_arm_m3_Hwi_numSparseInterrupts__C };
"A78": place at 0x1248 {
          ro section .const_ti_sysbios_knl_Mailbox_maxTypeAlign__C };
"A79": place at 0x1282 {
          ro section .const_ti_sysbios_family_arm_cc26xx_TimestampProvider_useClockTimer__C };
"A80": place at 0x132c {
          ro section .const_ti_sysbios_rom_ROM_xdc_runtime_System_SupportProxy_exit__E };
"A81": place at 0x1270 {
          ro section .const_ti_sysbios_knl_Task_allBlockedFunc__C };
"A82": place at 0x1328 {
          ro section .const_ti_sysbios_rom_ROM_xdc_runtime_System_SupportProxy_abort__E };
"A83": place at 0x1240 {
          ro section .const_ti_sysbios_knl_Mailbox_Object__count__C };
"A84": place at 0x12f0 { ro section .const_xdc_runtime_Text_nameStatic__C };
"A85": place at 0x1324 {
          ro section .const_ti_sysbios_rom_ROM_xdc_runtime_Startup_getState__I };
"A86": place at 0x1278 {
          ro section .const_ti_sysbios_knl_Task_defaultStackSize__C };
"A87": place at 0x12b0 {
          ro section .const_xdc_runtime_IGateProvider_Interface__BASE__C };
"A88": place at 0x1200 {
          ro section .const_ti_sysbios_family_arm_m3_Hwi_E_hwiLimitExceeded__C };
"A89": place at 0x12d0 {
          ro section .const_xdc_runtime_Startup_startModsFxn__C };
"A90": place at 0x1070 {
          ro section .const_ti_sysbios_family_arm_m3_Hwi_Object__DESC__C };
"A91": place at 0x12ec { ro section .const_xdc_runtime_Text_nameEmpty__C };
"A92": place at 0x1208 {
          ro section .const_ti_sysbios_family_arm_m3_Hwi_Object__count__C };
"A93": place at 0x12d4 {
          ro section .const_xdc_runtime_SysCallback_abortFxn__C };
"A94": place at 0x1274 {
          ro section .const_ti_sysbios_knl_Task_defaultStackHeap__C };
"A95": place at 0x1210 {
          ro section .const_ti_sysbios_family_arm_m3_Hwi_ccr__C };
"A96": place at 0x1228 {
          ro section .const_ti_sysbios_heaps_HeapMem_E_memory__C };
"A97": place at 0x1268 {
          ro section .const_ti_sysbios_knl_Task_Object__count__C };
"A98": place at 0x10f0 {
          ro section .const_ti_sysbios_heaps_HeapMem_Object__DESC__C };
"A99": place at 0x12f4 { ro section .const_xdc_runtime_Text_nameUnknown__C };
"A100":
       place at 0x12bc {
          ro section .const_xdc_runtime_Memory_defaultHeapInstance__C };
"A101":
       place at 0x1318 {
          ro section .const_ti_sysbios_rom_ROM_ti_sysbios_family_arm_cc26xx_Timer_setThreshold__I };
"A102":
       place at 0x12cc { ro section .const_xdc_runtime_Startup_sfxnTab__C };
"A103":
       place at 0x2000'0178 {
          rw section .data_ti_sysbios_knl_Clock_Module__state__V };
"A104":
       place at 0x2000'01ec {
          rw section .data_ti_sysbios_family_arm_cc26xx_TimestampProvider_Module__state__V };
"A105":
       place at 0x2000'01f0 {
          rw section .data_xdc_runtime_Startup_Module__state__V };
"A106":
       place at 0x2000'01a4 {
          rw section .data_ti_sysbios_BIOS_Module__state__V };
"A107":
       place at 0x2000'01c8 {
          rw section .data_ti_sysbios_knl_Swi_Module__state__V };
"A108":
       place at 0x2000'0100 {
          rw section .data_ti_sysbios_knl_Task_Module__state__V };
"A109":
       place at 0x2000'0200 {
          rw section .data_xdc_runtime_Memory_Module__state__V };
"A110":
       place at 0x2000'01f8 {
          rw section .data_xdc_runtime_System_Module__state__V };
"A111":
       place at 0x2000'0144 {
          rw section .data_ti_sysbios_family_arm_m3_Hwi_Module__state__V };
"A112":
       place at 0x2000'0204 {
          rw section .data_xdc_runtime_Error_Module__state__V };
"A113":
       place at 0x2000'01e4 {
          rw section .data_ti_sysbios_family_arm_cc26xx_Timer_Module__state__V };
initialize by copy { rw };
keep { section .ccfg };
keep { ro section .intvec };

No sections matched the following patterns:

  section .stack       in block CSTACK
  section .vtable_ram  in "A3"


  Section                 Kind         Address     Size  Object
  -------                 ----         -------     ----  ------
"A1":                                              0x3c
  .intvec                 const            0x0     0x3c  app_ble_prm3.orm3 [3]
                                        - 0x3c     0x3c

"P1", part 1 of 5:                                0xd9a
  Veneer                  ro code         0x3c      0x8  - Linker created -
  Veneer                  ro code         0x44      0x8  - Linker created -
  Veneer                  ro code         0x4c      0x8  - Linker created -
  Veneer                  ro code         0x54      0x8  - Linker created -
  Veneer                  ro code         0x5c      0x8  - Linker created -
  Veneer                  ro code         0x64      0x8  - Linker created -
  .text                   ro code         0x6c     0x88  HwiP_tirtos.orm3 [9]
  Veneer                  ro code         0xf4      0x8  - Linker created -
  Veneer                  ro code         0xfc      0x8  - Linker created -
  Veneer                  ro code        0x104      0x8  - Linker created -
  Veneer                  ro code        0x10c      0x8  - Linker created -
  Veneer                  ro code        0x114      0x8  - Linker created -
  Veneer                  ro code        0x11c      0x8  - Linker created -
  Veneer                  ro code        0x124      0x8  - Linker created -
  .text                   ro code        0x12c     0x8c  ClockP_tirtos.orm3 [9]
  Veneer                  ro code        0x1b8      0x8  - Linker created -
  Veneer                  ro code        0x1c0      0x8  - Linker created -
  Veneer                  ro code        0x1c8      0x8  - Linker created -
  Veneer                  ro code        0x1d0      0x8  - Linker created -
  .text                   ro code        0x1d8     0x82  SwiP_tirtos.orm3 [9]
  .text                   ro code        0x25a     0x3a  osal.o [6]
  .text                   ro code        0x294    0x13a  rfc.o [10]
  .text                   ro code        0x3ce     0x86  List.orm3 [11]
  Veneer                  ro code        0x454      0x8  - Linker created -
  Veneer                  ro code        0x45c      0x8  - Linker created -
  Veneer                  ro code        0x464      0x8  - Linker created -
  Veneer                  ro code        0x46c      0x8  - Linker created -
  Veneer                  ro code        0x474      0x8  - Linker created -
  .text                   ro code        0x47c     0x4e  SemaphoreP_tirtos.orm3 [9]
  .text                   ro code        0x4ca     0x3a  sm_mgr.o [24]
  .text                   ro code        0x504     0xa6  ABImemcpy.o [23]
  .text                   ro code        0x5aa     0x3a  zero_init3.o [23]
  .text                   ro code        0x5e4      0x6  ABImemclr.o [23]
  .text                   ro code        0x5ea     0x12  osal.o [6]
  Veneer                  ro code        0x5fc      0x8  - Linker created -
  .text                   ro code        0x604     0x40  rom_sysbios.obj [22]
  .text                   ro code        0x644      0xc  rom_sysbios.obj [22]
  .text                   ro code        0x650     0x14  rom_sysbios.obj [22]
  .text                   ro code        0x664      0x6  rom_sysbios.obj [22]
  Veneer                  ro code        0x66c      0x8  - Linker created -
  .text                   ro code        0x674     0x2e  rom_sysbios.obj [22]
  .text                   ro code        0x6a2      0x4  rom_sysbios.obj [22]
  Veneer                  ro code        0x6a8      0x8  - Linker created -
  .text                   ro code        0x6b0     0x18  rom_sysbios.obj [22]
  .text                   ro code        0x6c8      0xc  rom_sysbios.obj [22]
  Veneer                  ro code        0x6d4      0x8  - Linker created -
  .text                   ro code        0x6dc     0x1e  rom_sysbios.obj [22]
  .const_xdc_runtime_Text_registryModsLastId__C
                          const          0x6fa      0x2  app_ble_prm3.orm3 [3]
  .text                   ro code        0x6fc     0x38  rom_sysbios.obj [22]
  Veneer                  ro code        0x734      0x8  - Linker created -
  Veneer                  ro code        0x73c      0x8  - Linker created -
  .text                   ro code        0x744    0x12c  PowerCC26XX_tirtos.orm3 [9]
  Veneer                  ro code        0x870      0x8  - Linker created -
  .text                   ro code        0x878    0x318  ll_isr.o [17]
  .text                   ro code        0xb90     0x58  ll_ae.o [17]
  .text                   ro code        0xbe8     0x48  hal_flash_wrapper.o [1]
  .text                   ro code        0xc30     0x30  flash.o [10]
  .text                   ro code        0xc60     0x4c  osal_snv_wrapper.o [6]
  .text                   ro code        0xcac     0x78  ll_common.o [17]
  .text                   ro code        0xd24      0x4  osal_list.o [6]
  .text                   ro code        0xd28     0x1a  osal_list.o [6]
  Initializer bytes       const          0xd42     0x1c  <for rw section .data_ti_sysbios_family_arm_m3_Hwi_Module__state__V-1>
  Initializer bytes       const          0xd5e     0x18  <for rw section .data_ti_sysbios_knl_Clock_Module__state__V-1>
  Initializer bytes       const          0xd76     0x1b  <for rw section .data_ti_sysbios_knl_Task_Module__state__V-1>
  Initializer bytes       const          0xd91     0x1c  <for rw section .data_ti_sysbios_BIOS_Module__state__V-1>
  Initializer bytes       const          0xdad      0xc  <for rw section .data_ti_sysbios_knl_Swi_Module__state__V-1>
  Initializer bytes       const          0xdb9      0x9  <for rw section .data_ti_sysbios_family_arm_cc26xx_Timer_Module__state__V-1>
  Initializer bytes       const          0xdc2      0x6  <for rw section .data_xdc_runtime_Memory_Module__state__V-1>
  Initializer bytes       const          0xdc8      0x5  <for GPDATA-1>
  Initializer bytes       const          0xdcd      0x3  <for rw section .data_xdc_runtime_Error_Module__state__V-1>
  Initializer bytes       const          0xdd0      0x3  <for rw section .data_xdc_runtime_Startup_Module__state__V-1>
  Initializer bytes       const          0xdd3      0x3  <for rw section .data_xdc_runtime_System_Module__state__V-1>
                                       - 0xdd6    0xd9a

"A50":                                             0x28
  .const_ti_sysbios_heaps_HeapMem_Module__FXNS__C
                          const         0x1000     0x28  app_ble_prm3.orm3 [3]
                                      - 0x1028     0x28

"A63":                                             0x24
  .const_ti_sysbios_gates_GateHwi_Module__FXNS__C
                          const         0x1028     0x24  app_ble_prm3.orm3 [3]
                                      - 0x104c     0x24

"A18":                                             0x24
  .const_ti_sysbios_gates_GateMutex_Module__FXNS__C
                          const         0x104c     0x24  app_ble_prm3.orm3 [3]
                                      - 0x1070     0x24

"A90":                                             0x20
  .const_ti_sysbios_family_arm_m3_Hwi_Object__DESC__C
                          const         0x1070     0x20  app_ble_prm3.orm3 [3]
                                      - 0x1090     0x20

"A75":                                             0x20
  .const_ti_sysbios_gates_GateHwi_Object__DESC__C
                          const         0x1090     0x20  app_ble_prm3.orm3 [3]
                                      - 0x10b0     0x20

"A9":                                              0x20
  .const_ti_sysbios_gates_GateMutex_Object__DESC__C
                          const         0x10b0     0x20  app_ble_prm3.orm3 [3]
                                      - 0x10d0     0x20

"A64":                                             0x20
  .const_ti_sysbios_hal_Hwi_Object__DESC__C
                          const         0x10d0     0x20  app_ble_prm3.orm3 [3]
                                      - 0x10f0     0x20

"A98":                                             0x20
  .const_ti_sysbios_heaps_HeapMem_Object__DESC__C
                          const         0x10f0     0x20  app_ble_prm3.orm3 [3]
                                      - 0x1110     0x20

"A16":                                             0x20
  .const_ti_sysbios_knl_Clock_Object__DESC__C
                          const         0x1110     0x20  app_ble_prm3.orm3 [3]
                                      - 0x1130     0x20

"A8":                                              0x20
  .const_ti_sysbios_knl_Event_Object__DESC__C
                          const         0x1130     0x20  app_ble_prm3.orm3 [3]
                                      - 0x1150     0x20

"A54":                                             0x20
  .const_ti_sysbios_knl_Mailbox_Object__DESC__C
                          const         0x1150     0x20  app_ble_prm3.orm3 [3]
                                      - 0x1170     0x20

"A42":                                             0x20
  .const_ti_sysbios_knl_Queue_Object__DESC__C
                          const         0x1170     0x20  app_ble_prm3.orm3 [3]
                                      - 0x1190     0x20

"A74":                                             0x20
  .const_ti_sysbios_knl_Semaphore_Object__DESC__C
                          const         0x1190     0x20  app_ble_prm3.orm3 [3]
                                      - 0x11b0     0x20

"A23":                                             0x20
  .const_ti_sysbios_knl_Swi_Object__DESC__C
                          const         0x11b0     0x20  app_ble_prm3.orm3 [3]
                                      - 0x11d0     0x20

"A43":                                             0x20
  .const_ti_sysbios_knl_Task_Object__DESC__C
                          const         0x11d0     0x20  app_ble_prm3.orm3 [3]
                                      - 0x11f0     0x20

"A14":                                              0x8
  .const_ti_sysbios_knl_Idle_funcList__C
                          const         0x11f0      0x8  app_ble_prm3.orm3 [3]
                                      - 0x11f8      0x8

"A41":                                              0x4
  .const_ti_sysbios_family_arm_cc26xx_Timer_startupNeeded__C
                          const         0x11f8      0x4  app_ble_prm3.orm3 [3]
                                      - 0x11fc      0x4

[...]
ti_sysbios_knl_Task_enter__I {Abs}
                        0x1001'bd89         Data  Gb  <internal module>
ti_sysbios_knl_Task_exit__E {Abs}
                        0x1001'b119         Data  Gb  <internal module>
ti_sysbios_knl_Task_initStackFlag__C
                             0x128c    0x2  Data  Gb  app_ble_prm3.orm3 [3]
ti_sysbios_knl_Task_numConstructedTasks__C
                             0x127c    0x4  Data  Gb  app_ble_prm3.orm3 [3]
ti_sysbios_knl_Task_postInit__I {Abs}
                        0x1001'a271         Data  Gb  <internal module>
ti_sysbios_knl_Task_processVitalTaskFlag__I {Abs}
                        0x1001'b48d         Data  Gb  <internal module>
ti_sysbios_knl_Task_restoreHwi__E {Abs}
                        0x1001'bc19         Data  Gb  <internal module>
ti_sysbios_knl_Task_restore__E {Abs}
                        0x1001'b7f5         Data  Gb  <internal module>
ti_sysbios_knl_Task_schedule__I {Abs}
                        0x1001'ae69         Data  Gb  <internal module>
ti_sysbios_knl_Task_self__E {Abs}
                        0x1001'c02d         Data  Gb  <internal module>
ti_sysbios_knl_Task_sleepTimeout__I {Abs}
                        0x1001'bda5         Data  Gb  <internal module>
ti_sysbios_knl_Task_sleep__E {Abs}
                        0x1001'a5a5         Data  Gb  <internal module>
ti_sysbios_knl_Task_startCore__E {Abs}
                        0x1001'aa61         Data  Gb  <internal module>
ti_sysbios_knl_Task_startup__E {Abs}
                        0x1001'c125         Data  Gb  <internal module>
ti_sysbios_knl_Task_swapReturn {Abs}
                        0x1001'c971         Data  Gb  <internal module>
ti_sysbios_knl_Task_unblockI__E {Abs}
                        0x1001'b751         Data  Gb  <internal module>
ti_sysbios_knl_Task_unblock__E {Abs}
                        0x1001'bdf1         Data  Gb  <internal module>
ti_sysbios_knl_Task_yield__E {Abs}
                        0x1001'b0d9         Data  Gb  <internal module>
ti_sysbios_rom_ROM_ti_sysbios_family_arm_cc26xx_Timer_getCount64__E
                             0x1304    0x4  Data  Gb  app_ble_prm3.orm3 [3]
ti_sysbios_rom_ROM_ti_sysbios_family_arm_cc26xx_Timer_getCurrentTick__E
                             0x1308    0x4  Data  Gb  app_ble_prm3.orm3 [3]
ti_sysbios_rom_ROM_ti_sysbios_family_arm_cc26xx_Timer_getMaxTicks__E
                             0x130c    0x4  Data  Gb  app_ble_prm3.orm3 [3]
ti_sysbios_rom_ROM_ti_sysbios_family_arm_cc26xx_Timer_initDevice__I
                             0x1310    0x4  Data  Gb  app_ble_prm3.orm3 [3]
ti_sysbios_rom_ROM_ti_sysbios_family_arm_cc26xx_Timer_setNextTick__E
                             0x1314    0x4  Data  Gb  app_ble_prm3.orm3 [3]
ti_sysbios_rom_ROM_ti_sysbios_family_arm_cc26xx_Timer_setThreshold__I
                             0x1318    0x4  Data  Gb  app_ble_prm3.orm3 [3]
ti_sysbios_rom_ROM_ti_sysbios_family_arm_cc26xx_Timer_start__E
                             0x131c    0x4  Data  Gb  app_ble_prm3.orm3 [3]
ti_sysbios_rom_ROM_ti_sysbios_family_arm_cc26xx_TimestampProvider_get32__E
                             0x1320    0x4  Data  Gb  app_ble_prm3.orm3 [3]
ti_sysbios_rom_ROM_xdc_runtime_Startup_getState__I
                             0x1324    0x4  Data  Gb  app_ble_prm3.orm3 [3]
ti_sysbios_rom_ROM_xdc_runtime_System_SupportProxy_abort__E
                             0x1328    0x4  Data  Gb  app_ble_prm3.orm3 [3]
ti_sysbios_rom_ROM_xdc_runtime_System_SupportProxy_exit__E
                             0x132c    0x4  Data  Gb  app_ble_prm3.orm3 [3]
ti_sysbios_rom_cortexm_cc26xx_r2_CC26xx_badRomLink__E
                             0x6c3f    0x2  Code  Gb  app_ble_prm3.orm3 [3]
ti_sysbios_rom_cortexm_cc26xx_r2_CC26xx_badRomRevision__E
                             0x6c3d    0x2  Code  Gb  app_ble_prm3.orm3 [3]
tick                    0x2000'06f8    0x4  Data  Lc  mible_server.o [19]
timeMSec                0x1100'136c    0x4  Data  Lc  osal_clock.o [6]
trngCC26XXObjects       0x1100'137c    0x1  Data  Gb  board.o [1]
trngDriverTable            0x1'8ec8    0xc  Data  Gb  icall_user_config.o [1]
trngDrvTblPtr {Abs}     0x2000'4efc    0x4  Data  Gb  ble_r2.symbols [2]
trxTestCmd              0x1100'134c   0x1c  Data  Wk  ble.o [17]
txDataQ {Abs}           0x2000'4e8c    0x4  Data  Gb  ble_r2.symbols [2]
txFifoBytes                  0xaa00    0x8  Data  Lc  UARTCC26XX.orm3 [11]
txFifoThreshold              0xa9f0    0x8  Data  Lc  UARTCC26XX.orm3 [11]
txTestOut {Abs}         0x2000'4e94    0x4  Data  Gb  ble_r2.symbols [2]
txTestParam {Abs}       0x2000'4dc4   0x10  Data  Gb  ble_r2.symbols [2]
uartCC26XXHWAttrs          0x1'89a8   0x28  Data  Gb  board.o [1]
uartCC26XXObjects       0x1100'09c8  0x128  Data  Gb  board.o [1]
uartCC26XXRingBuffer    0x1100'0af0   0x20  Data  Gb  board.o [1]
uartLog_evtNum          0x1100'0000    0x2  Data  Gb  UartLog.o [1]
uartLog_outBuf          0x1100'0008   0x84  Data  Gb  UartLog.o [1]
uartPostNotify               0xa9b5   0x10  Code  Lc  UARTCC26XX.orm3 [11]
uartRxPowerConstraint   0x1100'137f    0x1  Data  Lc  UARTCC26XX.orm3 [11]
uartTxPowerConstraint   0x1100'1380    0x1  Data  Lc  UARTCC26XX.orm3 [11]
updateHandle            0x2000'06e6    0x1  Data  Lc  gap_advertiser.o [12]
updateState             0x2000'06e5    0x1  Data  Lc  gap_advertiser.o [12]
user0Cfg                0x2000'0368   0x10  Data  Gb  main.o [1]
verInfo {Abs}           0x2000'4e60    0x8  Data  Gb  ble_r2.symbols [2]
version_fix             0x2000'071c    0x8  Data  Lc  mible_server.o [19]
wlTable {Abs}           0x2000'47cc   0xdc  Data  Gb  ble_r2.symbols [2]
wlTableScan {Abs}       0x2000'48a8   0xdc  Data  Gb  ble_r2.symbols [2]
writeData                    0xa06f   0x2a  Code  Lc  UARTCC26XX.orm3 [11]
writeFinishedDoCallback
                             0xa135   0x46  Code  Lc  UARTCC26XX.orm3 [11]
writeSemCallback             0xa05f    0x8  Code  Lc  UARTCC26XX.orm3 [11]
writeTxFifoFlush             0xa17b   0x70  Code  Lc  UARTCC26XX.orm3 [11]
writeWord                  0x1'0773   0x6e  Code  Lc  osal_snv_wrapper.o [6]
xdc_runtime_Assert_E_assertFailed__C
                             0x12a0    0x4  Data  Gb  app_ble_prm3.orm3 [3]
xdc_runtime_Assert_raise__I {Abs}
                        0x1001'c465         Data  Gb  <internal module>
xdc_runtime_Core_assignLabel__I {Abs}
                        0x1001'c5b9         Data  Gb  <internal module>
xdc_runtime_Core_assignParams__I {Abs}
                        0x1001'c4ad         Data  Gb  <internal module>
xdc_runtime_Core_constructObject__I {Abs}
                        0x1001'c4f5         Data  Gb  <internal module>
xdc_runtime_Core_createObject__I {Abs}
                        0x1001'c2c9         Data  Gb  <internal module>
xdc_runtime_Core_deleteObject__I {Abs}
                        0x1001'c3b5         Data  Gb  <internal module>
xdc_runtime_Core_destructObject__I {Abs}
                        0x1001'c6a5         Data  Gb  <internal module>
xdc_runtime_Error_E_memory__C
                             0x12a4    0x4  Data  Gb  app_ble_prm3.orm3 [3]
xdc_runtime_Error_IgnoreBlock
                        0x2000'03b8   0x20  Data  Gb  app_ble_prm3.orm3 [3]
xdc_runtime_Error_Module__state__V
                        0x2000'0204    0x2  Data  Gb  app_ble_prm3.orm3 [3]
xdc_runtime_Error_check__E {Abs}
                        0x1001'c6bd         Data  Gb  <internal module>
xdc_runtime_Error_init__E
                             0x6e55   0x14  Code  Wk  rom_sysbios.obj [22]
xdc_runtime_Error_maxDepth__C
                             0x12f8    0x2  Data  Gb  app_ble_prm3.orm3 [3]
xdc_runtime_Error_policyFxn__C
                             0x12a8    0x4  Data  Gb  app_ble_prm3.orm3 [3]
xdc_runtime_Error_policySpin__E {Abs}
                        0x1001'c413         Data  Gb  <internal module>
xdc_runtime_Error_policy__C
                             0x1300    0x1  Data  Gb  app_ble_prm3.orm3 [3]
xdc_runtime_Error_raiseHook__C
                             0x12ac    0x4  Data  Gb  app_ble_prm3.orm3 [3]
xdc_runtime_Error_raiseX__E {Abs}
                        0x1001'c66d         Data  Gb  <internal module>
xdc_runtime_Gate_enterSystem__E {Abs}
                        0x1001'c795         Data  Gb  <internal module>
xdc_runtime_Gate_leaveSystem__E {Abs}
                        0x1001'c789         Data  Gb  <internal module>
xdc_runtime_IGateProvider_Interface__BASE__C
                             0x12b0    0x4  Data  Gb  app_ble_prm3.orm3 [3]
xdc_runtime_IHeap_Interface__BASE__C
                             0x12b4    0x4  Data  Gb  app_ble_prm3.orm3 [3]
xdc_runtime_IModule_Interface__BASE__C
                             0x12b8    0x4  Data  Gb  app_ble_prm3.orm3 [3]
xdc_runtime_Memory_HeapProxy_Handle__label__S {Abs}
                        0x1001'ba39         Data  Gb  <internal module>
xdc_runtime_Memory_HeapProxy_Object__delete__S {Abs}
                        0x1001'ba59         Data  Gb  <internal module>
xdc_runtime_Memory_HeapProxy_alloc__E {Abs}
                        0x1001'c775         Data  Gb  <internal module>
xdc_runtime_Memory_HeapProxy_free__E {Abs}
                        0x1001'c77f         Data  Gb  <internal module>
xdc_runtime_Memory_Module__id__C
                             0x12fa    0x2  Data  Gb  app_ble_prm3.orm3 [3]
xdc_runtime_Memory_Module__state__V
                        0x2000'0200    0x4  Data  Gb  app_ble_prm3.orm3 [3]
xdc_runtime_Memory_alloc__E {Abs}
                        0x1001'c349         Data  Gb  <internal module>
xdc_runtime_Memory_calloc__E {Abs}
                        0x1001'c751         Data  Gb  <internal module>
xdc_runtime_Memory_defaultHeapInstance__C
                             0x12bc    0x4  Data  Gb  app_ble_prm3.orm3 [3]
xdc_runtime_Memory_free__E {Abs}
                        0x1001'c705         Data  Gb  <internal module>
xdc_runtime_Memory_getMaxDefaultTypeAlign__E {Abs}
                        0x1001'c75d         Data  Gb  <internal module>
xdc_runtime_Memory_valloc__E {Abs}
                        0x1001'c689         Data  Gb  <internal module>
xdc_runtime_Registry_Module__state__V
                        0x2000'0890    0x8  Data  Gb  app_ble_prm3.orm3 [3]
xdc_runtime_Startup_Module__state__V
                        0x2000'01f0    0x8  Data  Gb  app_ble_prm3.orm3 [3]
xdc_runtime_Startup__EXECFXN__C {Abs}
                                0x1         Data  Gb  <internal module>
xdc_runtime_Startup__RESETFXN__C {Abs}
                                0x1         Data  Gb  <internal module>
xdc_runtime_Startup_execImpl__C
                             0x12c0    0x4  Data  Gb  app_ble_prm3.orm3 [3]
xdc_runtime_Startup_exec__E {Abs}
                        0x1001'c415         Data  Gb  <internal module>
xdc_runtime_Startup_exec__I
                             0x6ac5   0x10  Code  Gb  app_ble_prm3.orm3 [3]
xdc_runtime_Startup_firstFxns__A
                           0x1'905c   0x10  Data  Gb  app_ble_prm3.orm3 [3]
xdc_runtime_Startup_firstFxns__C
                             0x1290    0x8  Data  Gb  app_ble_prm3.orm3 [3]
xdc_runtime_Startup_getState__I
                             0x6a3d   0x88  Code  Gb  app_ble_prm3.orm3 [3]
xdc_runtime_Startup_lastFxns__C
                             0x1298    0x8  Data  Gb  app_ble_prm3.orm3 [3]
xdc_runtime_Startup_maxPasses__C
                             0x12c4    0x4  Data  Gb  app_ble_prm3.orm3 [3]
xdc_runtime_Startup_reset__I
                             0x6ad5   0x32  Code  Gb  app_ble_prm3.orm3 [3]
xdc_runtime_Startup_rtsDone__E {Abs}
                        0x1001'c769         Data  Gb  <internal module>
xdc_runtime_Startup_sfxnRts__A
                           0x1'9020   0x14  Data  Gb  app_ble_prm3.orm3 [3]
xdc_runtime_Startup_sfxnRts__C
                             0x12c8    0x4  Data  Gb  app_ble_prm3.orm3 [3]
xdc_runtime_Startup_sfxnTab__A
                           0x1'8958   0x28  Data  Gb  app_ble_prm3.orm3 [3]
xdc_runtime_Startup_sfxnTab__C
                             0x12cc    0x4  Data  Gb  app_ble_prm3.orm3 [3]
xdc_runtime_Startup_startModsFxn__C
                             0x12d0    0x4  Data  Gb  app_ble_prm3.orm3 [3]
xdc_runtime_Startup_startMods__I {Abs}
                        0x1001'c129         Data  Gb  <internal module>
xdc_runtime_SysCallback_abortFxn__C
                             0x12d4    0x4  Data  Gb  app_ble_prm3.orm3 [3]
xdc_runtime_SysCallback_abort__E {Abs}
                        0x1001'c715         Data  Gb  <internal module>
xdc_runtime_SysCallback_defaultAbort
                             0x6447    0x2  Code  Wk  rom_sysbios.obj [22]
xdc_runtime_SysCallback_defaultExit
                             0x657b    0x2  Code  Wk  rom_sysbios.obj [22]
xdc_runtime_SysCallback_defaultPutch
                             0x70d3    0x2  Code  Wk  rom_sysbios.obj [22]
xdc_runtime_SysCallback_defaultReady
                           0x1'91c1    0x4  Code  Wk  rom_sysbios.obj [22]
xdc_runtime_SysCallback_exitFxn__C
                             0x12d8    0x4  Data  Gb  app_ble_prm3.orm3 [3]
xdc_runtime_SysCallback_exit__E {Abs}
                        0x1001'c725         Data  Gb  <internal module>
xdc_runtime_SysCallback_putchFxn__C
                           0x1'919c    0x4  Data  Gb  app_ble_prm3.orm3 [3]
xdc_runtime_SysCallback_putch__E
                             0x6e69    0xc  Code  Wk  rom_sysbios.obj [22]
xdc_runtime_SysCallback_readyFxn__C
                           0x1'91a0    0x4  Data  Gb  app_ble_prm3.orm3 [3]
xdc_runtime_SysCallback_ready__E
                             0x6e75    0xc  Code  Wk  rom_sysbios.obj [22]
xdc_runtime_System_Module_GateProxy_Handle__label__S {Abs}
                        0x1001'b999         Data  Gb  <internal module>
xdc_runtime_System_Module_GateProxy_Object__delete__S {Abs}
                        0x1001'b9b9         Data  Gb  <internal module>
xdc_runtime_System_Module_GateProxy_enter__E {Abs}
                        0x1001'c799         Data  Gb  <internal module>
xdc_runtime_System_Module_GateProxy_leave__E {Abs}
                        0x1001'c79d         Data  Gb  <internal module>
xdc_runtime_System_Module_GateProxy_query__E {Abs}
                        0x1001'c0b1         Data  Gb  <internal module>
xdc_runtime_System_Module__state__V
                        0x2000'01f8    0x8  Data  Gb  app_ble_prm3.orm3 [3]
xdc_runtime_System_Module_startup__E {Abs}
                        0x1001'c78f         Data  Gb  <internal module>
xdc_runtime_System_SupportProxy_abort__E
                             0x6cb9    0x4  Code  Gb  app_ble_prm3.orm3 [3]
xdc_runtime_System_SupportProxy_exit__E
                             0x6cbd    0x4  Code  Gb  app_ble_prm3.orm3 [3]
xdc_runtime_System_SupportProxy_putch__E
                             0x6cc1    0x4  Code  Gb  app_ble_prm3.orm3 [3]
xdc_runtime_System_SupportProxy_ready__E
                             0x6cc5    0x4  Code  Gb  app_ble_prm3.orm3 [3]
xdc_runtime_System_abortFxn__C
                             0x12dc    0x4  Data  Gb  app_ble_prm3.orm3 [3]
xdc_runtime_System_abortSpin__E {Abs}
                        0x1001'c7a1         Data  Gb  <internal module>
xdc_runtime_System_abort__E {Abs}
                        0x1001'c64d         Data  Gb  <internal module>
xdc_runtime_System_atexit__E {Abs}
                        0x1001'c581         Data  Gb  <internal module>
xdc_runtime_System_doPrint__I
                             0x6651  0x2cc  Code  Wk  rom_sysbios.obj [22]
xdc_runtime_System_exitFxn__C
                             0x12e0    0x4  Data  Gb  app_ble_prm3.orm3 [3]
xdc_runtime_System_exitSpin__E {Abs}
                        0x1001'c7a3         Data  Gb  <internal module>
xdc_runtime_System_exit__E {Abs}
                        0x1001'c6d5         Data  Gb  <internal module>
xdc_runtime_System_extendFxn__C
                           0x1'91a4    0x4  Data  Gb  app_ble_prm3.orm3 [3]
xdc_runtime_System_maxAtexitHandlers__C
                             0x12e4    0x4  Data  Gb  app_ble_prm3.orm3 [3]
xdc_runtime_System_printfExtend__I
                             0x6b07   0xc4  Code  Gb  app_ble_prm3.orm3 [3]
xdc_runtime_System_processAtExit__E {Abs}
                        0x1001'c5ed         Data  Gb  <internal module>
xdc_runtime_System_snprintf__E
                             0x601f         Code  Gb  iar_rom_sysbios_config.obj [22]
xdc_runtime_System_snprintf_va__F
                             0x664d    0x4  Code  Wk  rom_sysbios.obj [22]
xdc_runtime_System_vsnprintf__E
                             0x62d9    0xe  Code  Wk  rom_sysbios.obj [22]
xdc_runtime_Text_charCnt__C
                             0x12fc    0x2  Data  Gb  app_ble_prm3.orm3 [3]
xdc_runtime_Text_charTab__A
                             0x128f    0x1  Data  Gb  app_ble_prm3.orm3 [3]
xdc_runtime_Text_charTab__C
                             0x12e8    0x4  Data  Gb  app_ble_prm3.orm3 [3]
xdc_runtime_Text_cordText__E {Abs}
                        0x1001'c621         Data  Gb  <internal module>
xdc_runtime_Text_isLoaded__C
                             0x12fe    0x2  Data  Gb  app_ble_prm3.orm3 [3]
xdc_runtime_Text_nameEmpty__C
                             0x12ec    0x4  Data  Gb  app_ble_prm3.orm3 [3]
xdc_runtime_Text_nameStatic__C
                             0x12f0    0x4  Data  Gb  app_ble_prm3.orm3 [3]
xdc_runtime_Text_nameUnknown__C
                             0x12f4    0x4  Data  Gb  app_ble_prm3.orm3 [3]
xdc_runtime_Text_putLab__E
                             0x6d6d   0x5c  Code  Wk  rom_sysbios.obj [22]
xdc_runtime_Text_putSite__E
                             0x6dc9   0x8c  Code  Wk  rom_sysbios.obj [22]
xdc_runtime_Text_registryModsLastId__C
                              0x6fa    0x2  Data  Gb  app_ble_prm3.orm3 [3]
xdc_runtime_Text_ropeText__E {Abs}
                        0x1001'c6ed         Data  Gb  <internal module>
xdc_runtime_Text_unnamedModsLastId__C
                             0x397a    0x2  Data  Gb  app_ble_prm3.orm3 [3]
xdc_runtime_Text_visitRopeFxn__C
                           0x1'91a8    0x4  Data  Gb  app_ble_prm3.orm3 [3]
xdc_runtime_Text_visitRope__I
                             0x6bcb    0x8  Code  Gb  app_ble_prm3.orm3 [3]
xdc_runtime_Timestamp_SupportProxy_get32__E {Abs}
                        0x1001'c735         Data  Gb  <internal module>
xdc_runtime_Timestamp_SupportProxy_get64__E {Abs}
                        0x1001'b77d         Data  Gb  <internal module>
xdc_runtime_Timestamp_SupportProxy_getFreq__E {Abs}
                        0x1001'bf6b         Data  Gb  <internal module>
xdc_runtime_Timestamp_get32__E {Abs}
                        0x1001'c735         Data  Gb  <internal module>
xdc_runtime_Timestamp_get64__E {Abs}
                        0x1001'b77d         Data  Gb  <internal module>
xdc_runtime_Timestamp_getFreq__E {Abs}
                        0x1001'bf6b         Data  Gb  <internal module>
xor_128 {Abs}           0x1001'284d   0x14  Code  Gb  ble_r2.symbols [2]


[1] = C:\ti\simplelink_cc2640r2_sdk_2_40_00_32\examples\rtos\CC2640R2_LAUNCHXL\ble5stack\mible_authen\tirtos\iar\app\FlashROM_StackLibrary\Obj
[2] = C:\ti\simplelink_cc2640r2_sdk_2_40_00_32\examples\rtos\CC2640R2_LAUNCHXL\ble5stack\mible_authen\tirtos\iar\config
[3] = C:\ti\simplelink_cc2640r2_sdk_2_40_00_32\examples\rtos\CC2640R2_LAUNCHXL\ble5stack\mible_authen\tirtos\iar\config\configPkg\package\cfg
[4] = att_pxxx.a
[5] = boot.arm3
[6] = cc2640r2lp_stack_FlashROM_Library.a
[7] = display.arm3
[8] = dl7M_tln.a
[9] = dpl_cc26x0r2.arm3
[10] = driverlib.lib
[11] = drivers_cc26x0r2.arm3
[12] = gap_pxxx.a
[13] = gatt_pxxx.a
[14] = hci_pxxx.a
[15] = hci_tl_none.a
[16] = l2cap_pxxx.a
[17] = ll_pxxx.a
[18] = m7M_tl.a
[19] = mijia_std_authen_IAR_CC2640R2_1_1_4_752fc700.a
[20] = profiles_pxxx.a
[21] = rf_singleMode_cc26x0r2.arm3
[22] = rom_sysbios.arm3
[23] = rt7M_tl.a
[24] = sm_pxxx.a
[25] = smp_pxxx.a

  98 577 bytes of readonly  code memory
  11 570 bytes of readonly  data memory
   8 138 bytes of readwrite data memory

Errors: none
Warnings: none
